<?xml version="1.0" encoding="ISO-8859-1" ?>
<link_info>
   <banner>TI ARM Clang Linker PC v4.0.0.LTS</banner>
   <copyright>Copyright (c) 1996-2018 Texas Instruments Incorporated</copyright>
   <command_line>C:\ti\ccstheia151\ccs\tools\compiler\ti-cgt-armllvm_4.0.0.LTS\bin\tiarmlnk -IC:\ti\ccstheia151\ccs\tools\compiler\ti-cgt-armllvm_4.0.0.LTS\lib -o 11_spi.out -m11_spi.map --heap_size=0x1000 --stack_size=0x1000 -iC:/ti/mspm0_sdk_2_10_00_04/source -iD:/Competiton/2025final/mspm0g3507_Control/New_v3/lcd_spi_1 -iD:/Competiton/2025final/mspm0g3507_Control/New_v3/lcd_spi_1/Debug/syscfg -iC:/ti/ccstheia151/ccs/tools/compiler/ti-cgt-armllvm_4.0.0.LTS/lib --diag_wrap=off --display_error_number --warn_sections --xml_link_info=11_spi_linkInfo.xml --rom_model ./board.o ./empty.o ./ti_msp_dl_config.o ./startup_mspm0g350x_ticlang.o ./BSP/car_control.o ./BSP/encoder.o ./BSP/grey.o ./BSP/imu.o ./BSP/k210_use.o ./BSP/key.o ./BSP/lcd.o ./BSP/lcd_init.o ./BSP/motor.o ./BSP/task1.o ./BSP/task2.o ./BSP/task3.o ./BSP/task4.o ./BSP/test.o -l./device_linker.cmd -ldevice.cmd.genlibs -llibc.a --start-group -llibc++.a -llibc++abi.a -llibc.a -llibsys.a -llibsysbm.a -llibclang_rt.builtins.a -llibclang_rt.profile.a --end-group --cg_opt_level=2</command_line>
   <link_time>0x6a48be67</link_time>
   <link_errors>0x0</link_errors>
   <output_file>D:\Competiton\2025final\mspm0g3507_Control\New_v3\lcd_spi_1\Debug\11_spi.out</output_file>
   <entry_point>
      <name>_c_int00_noargs</name>
      <address>0x81f5</address>
   </entry_point>
   <input_file_list>
      <input_file id="fl-1">
         <path>D:\Competiton\2025final\mspm0g3507_Control\New_v3\lcd_spi_1\Debug\.\</path>
         <kind>object</kind>
         <file>board.o</file>
         <name>board.o</name>
      </input_file>
      <input_file id="fl-2">
         <path>D:\Competiton\2025final\mspm0g3507_Control\New_v3\lcd_spi_1\Debug\.\</path>
         <kind>object</kind>
         <file>empty.o</file>
         <name>empty.o</name>
      </input_file>
      <input_file id="fl-3">
         <path>D:\Competiton\2025final\mspm0g3507_Control\New_v3\lcd_spi_1\Debug\.\</path>
         <kind>object</kind>
         <file>ti_msp_dl_config.o</file>
         <name>ti_msp_dl_config.o</name>
      </input_file>
      <input_file id="fl-4">
         <path>D:\Competiton\2025final\mspm0g3507_Control\New_v3\lcd_spi_1\Debug\.\</path>
         <kind>object</kind>
         <file>startup_mspm0g350x_ticlang.o</file>
         <name>startup_mspm0g350x_ticlang.o</name>
      </input_file>
      <input_file id="fl-5">
         <path>D:\Competiton\2025final\mspm0g3507_Control\New_v3\lcd_spi_1\Debug\.\BSP\</path>
         <kind>object</kind>
         <file>car_control.o</file>
         <name>car_control.o</name>
      </input_file>
      <input_file id="fl-6">
         <path>D:\Competiton\2025final\mspm0g3507_Control\New_v3\lcd_spi_1\Debug\.\BSP\</path>
         <kind>object</kind>
         <file>encoder.o</file>
         <name>encoder.o</name>
      </input_file>
      <input_file id="fl-7">
         <path>D:\Competiton\2025final\mspm0g3507_Control\New_v3\lcd_spi_1\Debug\.\BSP\</path>
         <kind>object</kind>
         <file>grey.o</file>
         <name>grey.o</name>
      </input_file>
      <input_file id="fl-8">
         <path>D:\Competiton\2025final\mspm0g3507_Control\New_v3\lcd_spi_1\Debug\.\BSP\</path>
         <kind>object</kind>
         <file>imu.o</file>
         <name>imu.o</name>
      </input_file>
      <input_file id="fl-9">
         <path>D:\Competiton\2025final\mspm0g3507_Control\New_v3\lcd_spi_1\Debug\.\BSP\</path>
         <kind>object</kind>
         <file>k210_use.o</file>
         <name>k210_use.o</name>
      </input_file>
      <input_file id="fl-a">
         <path>D:\Competiton\2025final\mspm0g3507_Control\New_v3\lcd_spi_1\Debug\.\BSP\</path>
         <kind>object</kind>
         <file>key.o</file>
         <name>key.o</name>
      </input_file>
      <input_file id="fl-b">
         <path>D:\Competiton\2025final\mspm0g3507_Control\New_v3\lcd_spi_1\Debug\.\BSP\</path>
         <kind>object</kind>
         <file>lcd.o</file>
         <name>lcd.o</name>
      </input_file>
      <input_file id="fl-c">
         <path>D:\Competiton\2025final\mspm0g3507_Control\New_v3\lcd_spi_1\Debug\.\BSP\</path>
         <kind>object</kind>
         <file>lcd_init.o</file>
         <name>lcd_init.o</name>
      </input_file>
      <input_file id="fl-d">
         <path>D:\Competiton\2025final\mspm0g3507_Control\New_v3\lcd_spi_1\Debug\.\BSP\</path>
         <kind>object</kind>
         <file>motor.o</file>
         <name>motor.o</name>
      </input_file>
      <input_file id="fl-e">
         <path>D:\Competiton\2025final\mspm0g3507_Control\New_v3\lcd_spi_1\Debug\.\BSP\</path>
         <kind>object</kind>
         <file>task1.o</file>
         <name>task1.o</name>
      </input_file>
      <input_file id="fl-f">
         <path>D:\Competiton\2025final\mspm0g3507_Control\New_v3\lcd_spi_1\Debug\.\BSP\</path>
         <kind>object</kind>
         <file>task2.o</file>
         <name>task2.o</name>
      </input_file>
      <input_file id="fl-10">
         <path>D:\Competiton\2025final\mspm0g3507_Control\New_v3\lcd_spi_1\Debug\.\BSP\</path>
         <kind>object</kind>
         <file>task3.o</file>
         <name>task3.o</name>
      </input_file>
      <input_file id="fl-11">
         <path>D:\Competiton\2025final\mspm0g3507_Control\New_v3\lcd_spi_1\Debug\.\BSP\</path>
         <kind>object</kind>
         <file>task4.o</file>
         <name>task4.o</name>
      </input_file>
      <input_file id="fl-12">
         <path>D:\Competiton\2025final\mspm0g3507_Control\New_v3\lcd_spi_1\Debug\.\BSP\</path>
         <kind>object</kind>
         <file>test.o</file>
         <name>test.o</name>
      </input_file>
      <input_file id="fl-1f">
         <path>D:\Competiton\2025final\mspm0g3507_Control\New_v3\lcd_spi_1\Debug\</path>
         <kind>object</kind>
         <file>&lt;internal&gt;</file>
         <name>&lt;internal&gt;</name>
      </input_file>
      <input_file id="fl-20">
         <path>C:\ti\mspm0_sdk_2_10_00_04\source\ti\driverlib\lib\ticlang\m0p\mspm0g1x0x_g3x0x\</path>
         <kind>archive</kind>
         <file>driverlib.a</file>
         <name>dl_common.o</name>
      </input_file>
      <input_file id="fl-21">
         <path>C:\ti\mspm0_sdk_2_10_00_04\source\ti\driverlib\lib\ticlang\m0p\mspm0g1x0x_g3x0x\</path>
         <kind>archive</kind>
         <file>driverlib.a</file>
         <name>dl_spi.o</name>
      </input_file>
      <input_file id="fl-22">
         <path>C:\ti\mspm0_sdk_2_10_00_04\source\ti\driverlib\lib\ticlang\m0p\mspm0g1x0x_g3x0x\</path>
         <kind>archive</kind>
         <file>driverlib.a</file>
         <name>dl_timer.o</name>
      </input_file>
      <input_file id="fl-23">
         <path>C:\ti\mspm0_sdk_2_10_00_04\source\ti\driverlib\lib\ticlang\m0p\mspm0g1x0x_g3x0x\</path>
         <kind>archive</kind>
         <file>driverlib.a</file>
         <name>dl_uart.o</name>
      </input_file>
      <input_file id="fl-38">
         <path>C:\ti\ccstheia151\ccs\tools\compiler\ti-cgt-armllvm_4.0.0.LTS\lib\armv6m-ti-none-eabi\c\</path>
         <kind>archive</kind>
         <file>libc.a</file>
         <name>printf.c.obj</name>
      </input_file>
      <input_file id="fl-39">
         <path>C:\ti\ccstheia151\ccs\tools\compiler\ti-cgt-armllvm_4.0.0.LTS\lib\armv6m-ti-none-eabi\c\</path>
         <kind>archive</kind>
         <file>libc.a</file>
         <name>_printfi.c.obj</name>
      </input_file>
      <input_file id="fl-3a">
         <path>C:\ti\ccstheia151\ccs\tools\compiler\ti-cgt-armllvm_4.0.0.LTS\lib\armv6m-ti-none-eabi\c\</path>
         <kind>archive</kind>
         <file>libc.a</file>
         <name>sprintf.c.obj</name>
      </input_file>
      <input_file id="fl-3b">
         <path>C:\ti\ccstheia151\ccs\tools\compiler\ti-cgt-armllvm_4.0.0.LTS\lib\armv6m-ti-none-eabi\c\</path>
         <kind>archive</kind>
         <file>libc.a</file>
         <name>sscanf.c.obj</name>
      </input_file>
      <input_file id="fl-3c">
         <path>C:\ti\ccstheia151\ccs\tools\compiler\ti-cgt-armllvm_4.0.0.LTS\lib\armv6m-ti-none-eabi\c\</path>
         <kind>archive</kind>
         <file>libc.a</file>
         <name>fputs.c.obj</name>
      </input_file>
      <input_file id="fl-3d">
         <path>C:\ti\ccstheia151\ccs\tools\compiler\ti-cgt-armllvm_4.0.0.LTS\lib\armv6m-ti-none-eabi\c\</path>
         <kind>archive</kind>
         <file>libc.a</file>
         <name>_io_perm.c.obj</name>
      </input_file>
      <input_file id="fl-3e">
         <path>C:\ti\ccstheia151\ccs\tools\compiler\ti-cgt-armllvm_4.0.0.LTS\lib\armv6m-ti-none-eabi\c\</path>
         <kind>archive</kind>
         <file>libc.a</file>
         <name>setvbuf.c.obj</name>
      </input_file>
      <input_file id="fl-3f">
         <path>C:\ti\ccstheia151\ccs\tools\compiler\ti-cgt-armllvm_4.0.0.LTS\lib\armv6m-ti-none-eabi\c\</path>
         <kind>archive</kind>
         <file>libc.a</file>
         <name>wcslen.c.obj</name>
      </input_file>
      <input_file id="fl-40">
         <path>C:\ti\ccstheia151\ccs\tools\compiler\ti-cgt-armllvm_4.0.0.LTS\lib\armv6m-ti-none-eabi\c\</path>
         <kind>archive</kind>
         <file>libc.a</file>
         <name>s_frexp.c.obj</name>
      </input_file>
      <input_file id="fl-41">
         <path>C:\ti\ccstheia151\ccs\tools\compiler\ti-cgt-armllvm_4.0.0.LTS\lib\armv6m-ti-none-eabi\c\</path>
         <kind>archive</kind>
         <file>libc.a</file>
         <name>s_scalbn.c.obj</name>
      </input_file>
      <input_file id="fl-42">
         <path>C:\ti\ccstheia151\ccs\tools\compiler\ti-cgt-armllvm_4.0.0.LTS\lib\armv6m-ti-none-eabi\c\</path>
         <kind>archive</kind>
         <file>libc.a</file>
         <name>aeabi_ctype.S.obj</name>
      </input_file>
      <input_file id="fl-43">
         <path>C:\ti\ccstheia151\ccs\tools\compiler\ti-cgt-armllvm_4.0.0.LTS\lib\armv6m-ti-none-eabi\c\</path>
         <kind>archive</kind>
         <file>libc.a</file>
         <name>aeabi_portable.c.obj</name>
      </input_file>
      <input_file id="fl-44">
         <path>C:\ti\ccstheia151\ccs\tools\compiler\ti-cgt-armllvm_4.0.0.LTS\lib\armv6m-ti-none-eabi\c\</path>
         <kind>archive</kind>
         <file>libc.a</file>
         <name>exit.c.obj</name>
      </input_file>
      <input_file id="fl-45">
         <path>C:\ti\ccstheia151\ccs\tools\compiler\ti-cgt-armllvm_4.0.0.LTS\lib\armv6m-ti-none-eabi\c\</path>
         <kind>archive</kind>
         <file>libc.a</file>
         <name>_lock.c.obj</name>
      </input_file>
      <input_file id="fl-46">
         <path>C:\ti\ccstheia151\ccs\tools\compiler\ti-cgt-armllvm_4.0.0.LTS\lib\armv6m-ti-none-eabi\c\</path>
         <kind>archive</kind>
         <file>libc.a</file>
         <name>_ltoa.c.obj</name>
      </input_file>
      <input_file id="fl-47">
         <path>C:\ti\ccstheia151\ccs\tools\compiler\ti-cgt-armllvm_4.0.0.LTS\lib\armv6m-ti-none-eabi\c\</path>
         <kind>archive</kind>
         <file>libc.a</file>
         <name>assert.c.obj</name>
      </input_file>
      <input_file id="fl-48">
         <path>C:\ti\ccstheia151\ccs\tools\compiler\ti-cgt-armllvm_4.0.0.LTS\lib\armv6m-ti-none-eabi\c\</path>
         <kind>archive</kind>
         <file>libc.a</file>
         <name>atoi.c.obj</name>
      </input_file>
      <input_file id="fl-49">
         <path>C:\ti\ccstheia151\ccs\tools\compiler\ti-cgt-armllvm_4.0.0.LTS\lib\armv6m-ti-none-eabi\c\</path>
         <kind>archive</kind>
         <file>libc.a</file>
         <name>defs.c.obj</name>
      </input_file>
      <input_file id="fl-4a">
         <path>C:\ti\ccstheia151\ccs\tools\compiler\ti-cgt-armllvm_4.0.0.LTS\lib\armv6m-ti-none-eabi\c\</path>
         <kind>archive</kind>
         <file>libc.a</file>
         <name>memccpy.c.obj</name>
      </input_file>
      <input_file id="fl-4b">
         <path>C:\ti\ccstheia151\ccs\tools\compiler\ti-cgt-armllvm_4.0.0.LTS\lib\armv6m-ti-none-eabi\c\</path>
         <kind>archive</kind>
         <file>libc.a</file>
         <name>memory.c.obj</name>
      </input_file>
      <input_file id="fl-4c">
         <path>C:\ti\ccstheia151\ccs\tools\compiler\ti-cgt-armllvm_4.0.0.LTS\lib\armv6m-ti-none-eabi\c\</path>
         <kind>archive</kind>
         <file>libc.a</file>
         <name>boot_cortex_m.c.obj</name>
      </input_file>
      <input_file id="fl-4d">
         <path>C:\ti\ccstheia151\ccs\tools\compiler\ti-cgt-armllvm_4.0.0.LTS\lib\armv6m-ti-none-eabi\c\</path>
         <kind>archive</kind>
         <file>libc.a</file>
         <name>mathacl_init.c.obj</name>
      </input_file>
      <input_file id="fl-4e">
         <path>C:\ti\ccstheia151\ccs\tools\compiler\ti-cgt-armllvm_4.0.0.LTS\lib\armv6m-ti-none-eabi\c\</path>
         <kind>archive</kind>
         <file>libc.a</file>
         <name>autoinit.c.obj</name>
      </input_file>
      <input_file id="fl-4f">
         <path>C:\ti\ccstheia151\ccs\tools\compiler\ti-cgt-armllvm_4.0.0.LTS\lib\armv6m-ti-none-eabi\c\</path>
         <kind>archive</kind>
         <file>libc.a</file>
         <name>pre_init.c.obj</name>
      </input_file>
      <input_file id="fl-50">
         <path>C:\ti\ccstheia151\ccs\tools\compiler\ti-cgt-armllvm_4.0.0.LTS\lib\armv6m-ti-none-eabi\c\</path>
         <kind>archive</kind>
         <file>libc.a</file>
         <name>cpy_tbl.c.obj</name>
      </input_file>
      <input_file id="fl-51">
         <path>C:\ti\ccstheia151\ccs\tools\compiler\ti-cgt-armllvm_4.0.0.LTS\lib\armv6m-ti-none-eabi\c\</path>
         <kind>archive</kind>
         <file>libc.a</file>
         <name>copy_zero_init.c.obj</name>
      </input_file>
      <input_file id="fl-52">
         <path>C:\ti\ccstheia151\ccs\tools\compiler\ti-cgt-armllvm_4.0.0.LTS\lib\armv6m-ti-none-eabi\c\</path>
         <kind>archive</kind>
         <file>libc.a</file>
         <name>copy_decompress_none.c.obj</name>
      </input_file>
      <input_file id="fl-53">
         <path>C:\ti\ccstheia151\ccs\tools\compiler\ti-cgt-armllvm_4.0.0.LTS\lib\armv6m-ti-none-eabi\c\</path>
         <kind>archive</kind>
         <file>libc.a</file>
         <name>copy_decompress_lzss.c.obj</name>
      </input_file>
      <input_file id="fl-54">
         <path>C:\ti\ccstheia151\ccs\tools\compiler\ti-cgt-armllvm_4.0.0.LTS\lib\armv6m-ti-none-eabi\c\</path>
         <kind>archive</kind>
         <file>libc.a</file>
         <name>_scanfi.c.obj</name>
      </input_file>
      <input_file id="fl-55">
         <path>C:\ti\ccstheia151\ccs\tools\compiler\ti-cgt-armllvm_4.0.0.LTS\lib\armv6m-ti-none-eabi\c\</path>
         <kind>archive</kind>
         <file>libc.a</file>
         <name>fflush.c.obj</name>
      </input_file>
      <input_file id="fl-56">
         <path>C:\ti\ccstheia151\ccs\tools\compiler\ti-cgt-armllvm_4.0.0.LTS\lib\armv6m-ti-none-eabi\c\</path>
         <kind>archive</kind>
         <file>libc.a</file>
         <name>fopen.c.obj</name>
      </input_file>
      <input_file id="fl-57">
         <path>C:\ti\ccstheia151\ccs\tools\compiler\ti-cgt-armllvm_4.0.0.LTS\lib\armv6m-ti-none-eabi\c\</path>
         <kind>archive</kind>
         <file>libc.a</file>
         <name>fseek.c.obj</name>
      </input_file>
      <input_file id="fl-58">
         <path>C:\ti\ccstheia151\ccs\tools\compiler\ti-cgt-armllvm_4.0.0.LTS\lib\armv6m-ti-none-eabi\c\</path>
         <kind>archive</kind>
         <file>libc.a</file>
         <name>args_main.c.obj</name>
      </input_file>
      <input_file id="fl-59">
         <path>C:\ti\ccstheia151\ccs\tools\compiler\ti-cgt-armllvm_4.0.0.LTS\lib\armv6m-ti-none-eabi\c\</path>
         <kind>archive</kind>
         <file>libc.a</file>
         <name>strtod.c.obj</name>
      </input_file>
      <input_file id="fl-5a">
         <path>C:\ti\ccstheia151\ccs\tools\compiler\ti-cgt-armllvm_4.0.0.LTS\lib\armv6m-ti-none-eabi\c\</path>
         <kind>archive</kind>
         <file>libc.a</file>
         <name>strtol.c.obj</name>
      </input_file>
      <input_file id="fl-5b">
         <path>C:\ti\ccstheia151\ccs\tools\compiler\ti-cgt-armllvm_4.0.0.LTS\lib\armv6m-ti-none-eabi\c\</path>
         <kind>archive</kind>
         <file>libc.a</file>
         <name>strtoll.c.obj</name>
      </input_file>
      <input_file id="fl-5c">
         <path>C:\ti\ccstheia151\ccs\tools\compiler\ti-cgt-armllvm_4.0.0.LTS\lib\armv6m-ti-none-eabi\c\</path>
         <kind>archive</kind>
         <file>libc.a</file>
         <name>strtoul.c.obj</name>
      </input_file>
      <input_file id="fl-5d">
         <path>C:\ti\ccstheia151\ccs\tools\compiler\ti-cgt-armllvm_4.0.0.LTS\lib\armv6m-ti-none-eabi\c\</path>
         <kind>archive</kind>
         <file>libc.a</file>
         <name>strtoull.c.obj</name>
      </input_file>
      <input_file id="fl-5e">
         <path>C:\ti\ccstheia151\ccs\tools\compiler\ti-cgt-armllvm_4.0.0.LTS\lib\armv6m-ti-none-eabi\c\</path>
         <kind>archive</kind>
         <file>libc.a</file>
         <name>fclose.c.obj</name>
      </input_file>
      <input_file id="fl-f4">
         <path>C:\ti\ccstheia151\ccs\tools\compiler\ti-cgt-armllvm_4.0.0.LTS\lib\armv6m-ti-none-eabi\c\</path>
         <kind>archive</kind>
         <file>libsysbm.a</file>
         <name>write.c.obj</name>
      </input_file>
      <input_file id="fl-f5">
         <path>C:\ti\ccstheia151\ccs\tools\compiler\ti-cgt-armllvm_4.0.0.LTS\lib\armv6m-ti-none-eabi\c\</path>
         <kind>archive</kind>
         <file>libsysbm.a</file>
         <name>host_device.c.obj</name>
      </input_file>
      <input_file id="fl-f6">
         <path>C:\ti\ccstheia151\ccs\tools\compiler\ti-cgt-armllvm_4.0.0.LTS\lib\armv6m-ti-none-eabi\c\</path>
         <kind>archive</kind>
         <file>libsysbm.a</file>
         <name>remove.c.obj</name>
      </input_file>
      <input_file id="fl-f7">
         <path>C:\ti\ccstheia151\ccs\tools\compiler\ti-cgt-armllvm_4.0.0.LTS\lib\armv6m-ti-none-eabi\c\</path>
         <kind>archive</kind>
         <file>libsysbm.a</file>
         <name>open.c.obj</name>
      </input_file>
      <input_file id="fl-f8">
         <path>C:\ti\ccstheia151\ccs\tools\compiler\ti-cgt-armllvm_4.0.0.LTS\lib\armv6m-ti-none-eabi\c\</path>
         <kind>archive</kind>
         <file>libsysbm.a</file>
         <name>lseek.c.obj</name>
      </input_file>
      <input_file id="fl-f9">
         <path>C:\ti\ccstheia151\ccs\tools\compiler\ti-cgt-armllvm_4.0.0.LTS\lib\armv6m-ti-none-eabi\c\</path>
         <kind>archive</kind>
         <file>libsysbm.a</file>
         <name>close.c.obj</name>
      </input_file>
      <input_file id="fl-fa">
         <path>C:\ti\ccstheia151\ccs\tools\compiler\ti-cgt-armllvm_4.0.0.LTS\lib\armv6m-ti-none-eabi\c\</path>
         <kind>archive</kind>
         <file>libsysbm.a</file>
         <name>unlink.c.obj</name>
      </input_file>
      <input_file id="fl-fb">
         <path>C:\ti\ccstheia151\ccs\tools\compiler\ti-cgt-armllvm_4.0.0.LTS\lib\armv6m-ti-none-eabi\c\</path>
         <kind>archive</kind>
         <file>libsysbm.a</file>
         <name>hostclose.c.obj</name>
      </input_file>
      <input_file id="fl-fc">
         <path>C:\ti\ccstheia151\ccs\tools\compiler\ti-cgt-armllvm_4.0.0.LTS\lib\armv6m-ti-none-eabi\c\</path>
         <kind>archive</kind>
         <file>libsysbm.a</file>
         <name>hostlseek.c.obj</name>
      </input_file>
      <input_file id="fl-fd">
         <path>C:\ti\ccstheia151\ccs\tools\compiler\ti-cgt-armllvm_4.0.0.LTS\lib\armv6m-ti-none-eabi\c\</path>
         <kind>archive</kind>
         <file>libsysbm.a</file>
         <name>hostopen.c.obj</name>
      </input_file>
      <input_file id="fl-fe">
         <path>C:\ti\ccstheia151\ccs\tools\compiler\ti-cgt-armllvm_4.0.0.LTS\lib\armv6m-ti-none-eabi\c\</path>
         <kind>archive</kind>
         <file>libsysbm.a</file>
         <name>hostread.c.obj</name>
      </input_file>
      <input_file id="fl-ff">
         <path>C:\ti\ccstheia151\ccs\tools\compiler\ti-cgt-armllvm_4.0.0.LTS\lib\armv6m-ti-none-eabi\c\</path>
         <kind>archive</kind>
         <file>libsysbm.a</file>
         <name>hostrename.c.obj</name>
      </input_file>
      <input_file id="fl-100">
         <path>C:\ti\ccstheia151\ccs\tools\compiler\ti-cgt-armllvm_4.0.0.LTS\lib\armv6m-ti-none-eabi\c\</path>
         <kind>archive</kind>
         <file>libsysbm.a</file>
         <name>hostunlink.c.obj</name>
      </input_file>
      <input_file id="fl-101">
         <path>C:\ti\ccstheia151\ccs\tools\compiler\ti-cgt-armllvm_4.0.0.LTS\lib\armv6m-ti-none-eabi\c\</path>
         <kind>archive</kind>
         <file>libsysbm.a</file>
         <name>hostwrite.c.obj</name>
      </input_file>
      <input_file id="fl-102">
         <path>C:\ti\ccstheia151\ccs\tools\compiler\ti-cgt-armllvm_4.0.0.LTS\lib\armv6m-ti-none-eabi\c\</path>
         <kind>archive</kind>
         <file>libsysbm.a</file>
         <name>trgmsg.c.obj</name>
      </input_file>
      <input_file id="fl-103">
         <path>C:\ti\ccstheia151\ccs\tools\compiler\ti-cgt-armllvm_4.0.0.LTS\lib\armv6m-ti-none-eabi\</path>
         <kind>archive</kind>
         <file>libclang_rt.builtins.a</file>
         <name>addsf3.S.obj</name>
      </input_file>
      <input_file id="fl-104">
         <path>C:\ti\ccstheia151\ccs\tools\compiler\ti-cgt-armllvm_4.0.0.LTS\lib\armv6m-ti-none-eabi\</path>
         <kind>archive</kind>
         <file>libclang_rt.builtins.a</file>
         <name>adddf3.S.obj</name>
      </input_file>
      <input_file id="fl-105">
         <path>C:\ti\ccstheia151\ccs\tools\compiler\ti-cgt-armllvm_4.0.0.LTS\lib\armv6m-ti-none-eabi\</path>
         <kind>archive</kind>
         <file>libclang_rt.builtins.a</file>
         <name>muldf3.S.obj</name>
      </input_file>
      <input_file id="fl-106">
         <path>C:\ti\ccstheia151\ccs\tools\compiler\ti-cgt-armllvm_4.0.0.LTS\lib\armv6m-ti-none-eabi\</path>
         <kind>archive</kind>
         <file>libclang_rt.builtins.a</file>
         <name>muldsi3.S.obj</name>
      </input_file>
      <input_file id="fl-107">
         <path>C:\ti\ccstheia151\ccs\tools\compiler\ti-cgt-armllvm_4.0.0.LTS\lib\armv6m-ti-none-eabi\</path>
         <kind>archive</kind>
         <file>libclang_rt.builtins.a</file>
         <name>mulsf3.S.obj</name>
      </input_file>
      <input_file id="fl-108">
         <path>C:\ti\ccstheia151\ccs\tools\compiler\ti-cgt-armllvm_4.0.0.LTS\lib\armv6m-ti-none-eabi\</path>
         <kind>archive</kind>
         <file>libclang_rt.builtins.a</file>
         <name>divsf3.S.obj</name>
      </input_file>
      <input_file id="fl-109">
         <path>C:\ti\ccstheia151\ccs\tools\compiler\ti-cgt-armllvm_4.0.0.LTS\lib\armv6m-ti-none-eabi\</path>
         <kind>archive</kind>
         <file>libclang_rt.builtins.a</file>
         <name>divdf3.S.obj</name>
      </input_file>
      <input_file id="fl-10a">
         <path>C:\ti\ccstheia151\ccs\tools\compiler\ti-cgt-armllvm_4.0.0.LTS\lib\armv6m-ti-none-eabi\</path>
         <kind>archive</kind>
         <file>libclang_rt.builtins.a</file>
         <name>extendsfdf2.S.obj</name>
      </input_file>
      <input_file id="fl-10b">
         <path>C:\ti\ccstheia151\ccs\tools\compiler\ti-cgt-armllvm_4.0.0.LTS\lib\armv6m-ti-none-eabi\</path>
         <kind>archive</kind>
         <file>libclang_rt.builtins.a</file>
         <name>fixdfsi.S.obj</name>
      </input_file>
      <input_file id="fl-10c">
         <path>C:\ti\ccstheia151\ccs\tools\compiler\ti-cgt-armllvm_4.0.0.LTS\lib\armv6m-ti-none-eabi\</path>
         <kind>archive</kind>
         <file>libclang_rt.builtins.a</file>
         <name>fixsfsi.S.obj</name>
      </input_file>
      <input_file id="fl-10d">
         <path>C:\ti\ccstheia151\ccs\tools\compiler\ti-cgt-armllvm_4.0.0.LTS\lib\armv6m-ti-none-eabi\</path>
         <kind>archive</kind>
         <file>libclang_rt.builtins.a</file>
         <name>fixunsdfsi.S.obj</name>
      </input_file>
      <input_file id="fl-10e">
         <path>C:\ti\ccstheia151\ccs\tools\compiler\ti-cgt-armllvm_4.0.0.LTS\lib\armv6m-ti-none-eabi\</path>
         <kind>archive</kind>
         <file>libclang_rt.builtins.a</file>
         <name>floatsidf.S.obj</name>
      </input_file>
      <input_file id="fl-10f">
         <path>C:\ti\ccstheia151\ccs\tools\compiler\ti-cgt-armllvm_4.0.0.LTS\lib\armv6m-ti-none-eabi\</path>
         <kind>archive</kind>
         <file>libclang_rt.builtins.a</file>
         <name>floatsisf.S.obj</name>
      </input_file>
      <input_file id="fl-110">
         <path>C:\ti\ccstheia151\ccs\tools\compiler\ti-cgt-armllvm_4.0.0.LTS\lib\armv6m-ti-none-eabi\</path>
         <kind>archive</kind>
         <file>libclang_rt.builtins.a</file>
         <name>floatunsisf.S.obj</name>
      </input_file>
      <input_file id="fl-111">
         <path>C:\ti\ccstheia151\ccs\tools\compiler\ti-cgt-armllvm_4.0.0.LTS\lib\armv6m-ti-none-eabi\</path>
         <kind>archive</kind>
         <file>libclang_rt.builtins.a</file>
         <name>muldi3.S.obj</name>
      </input_file>
      <input_file id="fl-112">
         <path>C:\ti\ccstheia151\ccs\tools\compiler\ti-cgt-armllvm_4.0.0.LTS\lib\armv6m-ti-none-eabi\</path>
         <kind>archive</kind>
         <file>libclang_rt.builtins.a</file>
         <name>truncdfsf2.S.obj</name>
      </input_file>
      <input_file id="fl-113">
         <path>C:\ti\ccstheia151\ccs\tools\compiler\ti-cgt-armllvm_4.0.0.LTS\lib\armv6m-ti-none-eabi\</path>
         <kind>archive</kind>
         <file>libclang_rt.builtins.a</file>
         <name>aeabi_dcmp.S.obj</name>
      </input_file>
      <input_file id="fl-114">
         <path>C:\ti\ccstheia151\ccs\tools\compiler\ti-cgt-armllvm_4.0.0.LTS\lib\armv6m-ti-none-eabi\</path>
         <kind>archive</kind>
         <file>libclang_rt.builtins.a</file>
         <name>aeabi_fcmp.S.obj</name>
      </input_file>
      <input_file id="fl-115">
         <path>C:\ti\ccstheia151\ccs\tools\compiler\ti-cgt-armllvm_4.0.0.LTS\lib\armv6m-ti-none-eabi\</path>
         <kind>archive</kind>
         <file>libclang_rt.builtins.a</file>
         <name>aeabi_idivmod.S.obj</name>
      </input_file>
      <input_file id="fl-116">
         <path>C:\ti\ccstheia151\ccs\tools\compiler\ti-cgt-armllvm_4.0.0.LTS\lib\armv6m-ti-none-eabi\</path>
         <kind>archive</kind>
         <file>libclang_rt.builtins.a</file>
         <name>aeabi_memcpy.S.obj</name>
      </input_file>
      <input_file id="fl-117">
         <path>C:\ti\ccstheia151\ccs\tools\compiler\ti-cgt-armllvm_4.0.0.LTS\lib\armv6m-ti-none-eabi\</path>
         <kind>archive</kind>
         <file>libclang_rt.builtins.a</file>
         <name>aeabi_memset.S.obj</name>
      </input_file>
      <input_file id="fl-118">
         <path>C:\ti\ccstheia151\ccs\tools\compiler\ti-cgt-armllvm_4.0.0.LTS\lib\armv6m-ti-none-eabi\</path>
         <kind>archive</kind>
         <file>libclang_rt.builtins.a</file>
         <name>aeabi_uidivmod.S.obj</name>
      </input_file>
      <input_file id="fl-119">
         <path>C:\ti\ccstheia151\ccs\tools\compiler\ti-cgt-armllvm_4.0.0.LTS\lib\armv6m-ti-none-eabi\</path>
         <kind>archive</kind>
         <file>libclang_rt.builtins.a</file>
         <name>aeabi_uldivmod.S.obj</name>
      </input_file>
      <input_file id="fl-11a">
         <path>C:\ti\ccstheia151\ccs\tools\compiler\ti-cgt-armllvm_4.0.0.LTS\lib\armv6m-ti-none-eabi\</path>
         <kind>archive</kind>
         <file>libclang_rt.builtins.a</file>
         <name>comparesf2.S.obj</name>
      </input_file>
      <input_file id="fl-11b">
         <path>C:\ti\ccstheia151\ccs\tools\compiler\ti-cgt-armllvm_4.0.0.LTS\lib\armv6m-ti-none-eabi\</path>
         <kind>archive</kind>
         <file>libclang_rt.builtins.a</file>
         <name>udivmoddi4.S.obj</name>
      </input_file>
      <input_file id="fl-11c">
         <path>C:\ti\ccstheia151\ccs\tools\compiler\ti-cgt-armllvm_4.0.0.LTS\lib\armv6m-ti-none-eabi\</path>
         <kind>archive</kind>
         <file>libclang_rt.builtins.a</file>
         <name>ashldi3.S.obj</name>
      </input_file>
      <input_file id="fl-11d">
         <path>C:\ti\ccstheia151\ccs\tools\compiler\ti-cgt-armllvm_4.0.0.LTS\lib\armv6m-ti-none-eabi\</path>
         <kind>archive</kind>
         <file>libclang_rt.builtins.a</file>
         <name>comparedf2.c.obj</name>
      </input_file>
      <input_file id="fl-11e">
         <path>C:\ti\ccstheia151\ccs\tools\compiler\ti-cgt-armllvm_4.0.0.LTS\lib\armv6m-ti-none-eabi\</path>
         <kind>archive</kind>
         <file>libclang_rt.builtins.a</file>
         <name>aeabi_div0.c.obj</name>
      </input_file>
      <input_file id="fl-11f">
         <path>C:\ti\ccstheia151\ccs\tools\compiler\ti-cgt-armllvm_4.0.0.LTS\lib\armv6m-ti-none-eabi\c\</path>
         <kind>archive</kind>
         <file>libc.a</file>
         <name>getdevice.c.obj</name>
      </input_file>
      <input_file id="fl-120">
         <path>C:\ti\ccstheia151\ccs\tools\compiler\ti-cgt-armllvm_4.0.0.LTS\lib\armv6m-ti-none-eabi\c\</path>
         <kind>archive</kind>
         <file>libc.a</file>
         <name>memcpy16.S.obj</name>
      </input_file>
      <input_file id="fl-121">
         <path>C:\ti\ccstheia151\ccs\tools\compiler\ti-cgt-armllvm_4.0.0.LTS\lib\armv6m-ti-none-eabi\c\</path>
         <kind>archive</kind>
         <file>libc.a</file>
         <name>memset16.S.obj</name>
      </input_file>
      <input_file id="fl-122">
         <path>C:\ti\ccstheia151\ccs\tools\compiler\ti-cgt-armllvm_4.0.0.LTS\lib\armv6m-ti-none-eabi\c\</path>
         <kind>archive</kind>
         <file>libc.a</file>
         <name>strcmp-armv6m.S.obj</name>
      </input_file>
   </input_file_list>
   <object_component_list>
      <object_component id="oc-18">
         <name>.intvecs</name>
         <load_address>0x0</load_address>
         <readonly>true</readonly>
         <run_address>0x0</run_address>
         <size>0xc0</size>
         <alignment>0x4</alignment>
         <input_file_ref idref="fl-4"/>
      </object_component>
      <object_component id="oc-14e">
         <name>.text.LCD_Init</name>
         <load_address>0xc0</load_address>
         <readonly>true</readonly>
         <executable>true</executable>
         <run_address>0xc0</run_address>
         <size>0x12a8</size>
         <alignment>0x4</alignment>
         <input_file_ref idref="fl-c"/>
      </object_component>
      <object_component id="oc-207">
         <name>.text.__TI_scanfi</name>
         <load_address>0x1368</load_address>
         <readonly>true</readonly>
         <executable>true</executable>
         <run_address>0x1368</run_address>
         <size>0xbdc</size>
         <alignment>0x4</alignment>
         <input_file_ref idref="fl-54"/>
      </object_component>
      <object_component id="oc-25a">
         <name>.text:__TI_printfi</name>
         <load_address>0x1f44</load_address>
         <readonly>true</readonly>
         <executable>true</executable>
         <run_address>0x1f44</run_address>
         <size>0x9d0</size>
         <alignment>0x4</alignment>
         <input_file_ref idref="fl-39"/>
      </object_component>
      <object_component id="oc-1d8">
         <name>.text.LCD_ShowChar</name>
         <load_address>0x2914</load_address>
         <readonly>true</readonly>
         <executable>true</executable>
         <run_address>0x2914</run_address>
         <size>0x400</size>
         <alignment>0x4</alignment>
         <input_file_ref idref="fl-b"/>
      </object_component>
      <object_component id="oc-28d">
         <name>.text.strtod</name>
         <load_address>0x2d14</load_address>
         <readonly>true</readonly>
         <executable>true</executable>
         <run_address>0x2d14</run_address>
         <size>0x3b8</size>
         <alignment>0x4</alignment>
         <input_file_ref idref="fl-59"/>
      </object_component>
      <object_component id="oc-154">
         <name>.text.LCD_Fill</name>
         <load_address>0x30cc</load_address>
         <readonly>true</readonly>
         <executable>true</executable>
         <run_address>0x30cc</run_address>
         <size>0x2c0</size>
         <alignment>0x4</alignment>
         <input_file_ref idref="fl-b"/>
      </object_component>
      <object_component id="oc-d3">
         <name>.text.deal_data</name>
         <load_address>0x338c</load_address>
         <readonly>true</readonly>
         <executable>true</executable>
         <run_address>0x338c</run_address>
         <size>0x224</size>
         <alignment>0x4</alignment>
         <input_file_ref idref="fl-9"/>
      </object_component>
      <object_component id="oc-2dc">
         <name>.text._pconv_a</name>
         <load_address>0x35b0</load_address>
         <readonly>true</readonly>
         <executable>true</executable>
         <run_address>0x35b0</run_address>
         <size>0x220</size>
         <alignment>0x4</alignment>
         <input_file_ref idref="fl-39"/>
      </object_component>
      <object_component id="oc-262">
         <name>.text.DisplayPIDInfo</name>
         <load_address>0x37d0</load_address>
         <readonly>true</readonly>
         <executable>true</executable>
         <run_address>0x37d0</run_address>
         <size>0x1f8</size>
         <alignment>0x4</alignment>
         <input_file_ref idref="fl-d"/>
      </object_component>
      <object_component id="oc-2a0">
         <name>.text.strtoll</name>
         <load_address>0x39c8</load_address>
         <readonly>true</readonly>
         <executable>true</executable>
         <run_address>0x39c8</run_address>
         <size>0x1e0</size>
         <alignment>0x4</alignment>
         <input_file_ref idref="fl-5b"/>
      </object_component>
      <object_component id="oc-2e1">
         <name>.text._pconv_g</name>
         <load_address>0x3ba8</load_address>
         <readonly>true</readonly>
         <executable>true</executable>
         <run_address>0x3ba8</run_address>
         <size>0x1dc</size>
         <alignment>0x4</alignment>
         <input_file_ref idref="fl-39"/>
      </object_component>
      <object_component id="oc-8a">
         <name>.text.Get_Huidu</name>
         <load_address>0x3d84</load_address>
         <readonly>true</readonly>
         <executable>true</executable>
         <run_address>0x3d84</run_address>
         <size>0x1d4</size>
         <alignment>0x4</alignment>
         <input_file_ref idref="fl-7"/>
      </object_component>
      <object_component id="oc-7c">
         <name>.text.recv_k210msg</name>
         <load_address>0x3f58</load_address>
         <readonly>true</readonly>
         <executable>true</executable>
         <run_address>0x3f58</run_address>
         <size>0x1bc</size>
         <alignment>0x4</alignment>
         <input_file_ref idref="fl-9"/>
      </object_component>
      <object_component id="oc-1ec">
         <name>.text.task2</name>
         <load_address>0x4114</load_address>
         <readonly>true</readonly>
         <executable>true</executable>
         <run_address>0x4114</run_address>
         <size>0x19c</size>
         <alignment>0x4</alignment>
         <input_file_ref idref="fl-f"/>
      </object_component>
      <object_component id="oc-133">
         <name>.text.adddf3_subdf3</name>
         <load_address>0x42b0</load_address>
         <readonly>true</readonly>
         <executable>true</executable>
         <run_address>0x42b0</run_address>
         <size>0x192</size>
         <alignment>0x4</alignment>
         <input_file_ref idref="fl-104"/>
      </object_component>
      <object_component id="oc-35">
         <name>.text.Default_Handler</name>
         <load_address>0x4442</load_address>
         <readonly>true</readonly>
         <executable>true</executable>
         <run_address>0x4442</run_address>
         <size>0x2</size>
         <alignment>0x2</alignment>
         <input_file_ref idref="fl-4"/>
      </object_component>
      <object_component id="oc-29c">
         <name>.text.strtoull</name>
         <load_address>0x4444</load_address>
         <readonly>true</readonly>
         <executable>true</executable>
         <run_address>0x4444</run_address>
         <size>0x16c</size>
         <alignment>0x4</alignment>
         <input_file_ref idref="fl-5d"/>
      </object_component>
      <object_component id="oc-1b5">
         <name>.text.SYSCFG_DL_GPIO_init</name>
         <load_address>0x45b0</load_address>
         <readonly>true</readonly>
         <executable>true</executable>
         <run_address>0x45b0</run_address>
         <size>0x164</size>
         <alignment>0x4</alignment>
         <input_file_ref idref="fl-3"/>
      </object_component>
      <object_component id="oc-1e8">
         <name>.text.task1</name>
         <load_address>0x4714</load_address>
         <readonly>true</readonly>
         <executable>true</executable>
         <run_address>0x4714</run_address>
         <size>0x164</size>
         <alignment>0x4</alignment>
         <input_file_ref idref="fl-e"/>
      </object_component>
      <object_component id="oc-10d">
         <name>.text.PID_Calculate_Angle</name>
         <load_address>0x4878</load_address>
         <readonly>true</readonly>
         <executable>true</executable>
         <run_address>0x4878</run_address>
         <size>0x14c</size>
         <alignment>0x4</alignment>
         <input_file_ref idref="fl-d"/>
      </object_component>
      <object_component id="oc-9f">
         <name>.text.MEASURE_MOTORS_SPEED</name>
         <load_address>0x49c4</load_address>
         <readonly>true</readonly>
         <executable>true</executable>
         <run_address>0x49c4</run_address>
         <size>0x144</size>
         <alignment>0x4</alignment>
         <input_file_ref idref="fl-6"/>
      </object_component>
      <object_component id="oc-298">
         <name>.text.strtol</name>
         <load_address>0x4b08</load_address>
         <readonly>true</readonly>
         <executable>true</executable>
         <run_address>0x4b08</run_address>
         <size>0x144</size>
         <alignment>0x4</alignment>
         <input_file_ref idref="fl-5a"/>
      </object_component>
      <object_component id="oc-352">
         <name>.text.fcvt</name>
         <load_address>0x4c4c</load_address>
         <readonly>true</readonly>
         <executable>true</executable>
         <run_address>0x4c4c</run_address>
         <size>0x13c</size>
         <alignment>0x4</alignment>
         <input_file_ref idref="fl-39"/>
      </object_component>
      <object_component id="oc-294">
         <name>.text.strtoul</name>
         <load_address>0x4d88</load_address>
         <readonly>true</readonly>
         <executable>true</executable>
         <run_address>0x4d88</run_address>
         <size>0x12c</size>
         <alignment>0x4</alignment>
         <input_file_ref idref="fl-5c"/>
      </object_component>
      <object_component id="oc-42">
         <name>.text.TIMA1_IRQHandler</name>
         <load_address>0x4eb4</load_address>
         <readonly>true</readonly>
         <executable>true</executable>
         <run_address>0x4eb4</run_address>
         <size>0x128</size>
         <alignment>0x4</alignment>
         <input_file_ref idref="fl-2"/>
      </object_component>
      <object_component id="oc-bd">
         <name>.text.main</name>
         <load_address>0x4fdc</load_address>
         <readonly>true</readonly>
         <executable>true</executable>
         <run_address>0x4fdc</run_address>
         <size>0x128</size>
         <alignment>0x4</alignment>
         <input_file_ref idref="fl-2"/>
      </object_component>
      <object_component id="oc-2e3">
         <name>.text._pconv_e</name>
         <load_address>0x5104</load_address>
         <readonly>true</readonly>
         <executable>true</executable>
         <run_address>0x5104</run_address>
         <size>0x120</size>
         <alignment>0x4</alignment>
         <input_file_ref idref="fl-39"/>
      </object_component>
      <object_component id="oc-35f">
         <name>.text.aligned_alloc</name>
         <load_address>0x5224</load_address>
         <readonly>true</readonly>
         <executable>true</executable>
         <run_address>0x5224</run_address>
         <size>0x114</size>
         <alignment>0x4</alignment>
         <input_file_ref idref="fl-4b"/>
      </object_component>
      <object_component id="oc-1e1">
         <name>.text.test_1</name>
         <load_address>0x5338</load_address>
         <readonly>true</readonly>
         <executable>true</executable>
         <run_address>0x5338</run_address>
         <size>0x114</size>
         <alignment>0x4</alignment>
         <input_file_ref idref="fl-12"/>
      </object_component>
      <object_component id="oc-1d4">
         <name>.text.LCD_Address_Set</name>
         <load_address>0x544c</load_address>
         <readonly>true</readonly>
         <executable>true</executable>
         <run_address>0x544c</run_address>
         <size>0x10c</size>
         <alignment>0x4</alignment>
         <input_file_ref idref="fl-c"/>
      </object_component>
      <object_component id="oc-84">
         <name>.text.SET_MOTORS_SPEED</name>
         <load_address>0x5558</load_address>
         <readonly>true</readonly>
         <executable>true</executable>
         <run_address>0x5558</run_address>
         <size>0x10c</size>
         <alignment>0x4</alignment>
         <input_file_ref idref="fl-d"/>
      </object_component>
      <object_component id="oc-2fe">
         <name>.text.__divdf3</name>
         <load_address>0x5664</load_address>
         <readonly>true</readonly>
         <executable>true</executable>
         <run_address>0x5664</run_address>
         <size>0x10c</size>
         <alignment>0x4</alignment>
         <input_file_ref idref="fl-109"/>
      </object_component>
      <object_component id="oc-10e">
         <name>.text.PID_Calculate</name>
         <load_address>0x5770</load_address>
         <readonly>true</readonly>
         <executable>true</executable>
         <run_address>0x5770</run_address>
         <size>0x108</size>
         <alignment>0x2</alignment>
         <input_file_ref idref="fl-d"/>
      </object_component>
      <object_component id="oc-22c">
         <name>.text.DL_Timer_initFourCCPWMMode</name>
         <load_address>0x5878</load_address>
         <readonly>true</readonly>
         <executable>true</executable>
         <run_address>0x5878</run_address>
         <size>0x104</size>
         <alignment>0x4</alignment>
         <input_file_ref idref="fl-22"/>
      </object_component>
      <object_component id="oc-1d5">
         <name>.text.LCD_WR_DATA</name>
         <load_address>0x597c</load_address>
         <readonly>true</readonly>
         <executable>true</executable>
         <run_address>0x597c</run_address>
         <size>0x104</size>
         <alignment>0x4</alignment>
         <input_file_ref idref="fl-c"/>
      </object_component>
      <object_component id="oc-231">
         <name>.text.DL_Timer_initTimerMode</name>
         <load_address>0x5a80</load_address>
         <readonly>true</readonly>
         <executable>true</executable>
         <run_address>0x5a80</run_address>
         <size>0xfc</size>
         <alignment>0x4</alignment>
         <input_file_ref idref="fl-22"/>
      </object_component>
      <object_component id="oc-194">
         <name>.text.fputs</name>
         <load_address>0x5b7c</load_address>
         <readonly>true</readonly>
         <executable>true</executable>
         <run_address>0x5b7c</run_address>
         <size>0xf8</size>
         <alignment>0x4</alignment>
         <input_file_ref idref="fl-3c"/>
      </object_component>
      <object_component id="oc-1e7">
         <name>.text.test_2</name>
         <load_address>0x5c74</load_address>
         <readonly>true</readonly>
         <executable>true</executable>
         <run_address>0x5c74</run_address>
         <size>0xec</size>
         <alignment>0x4</alignment>
         <input_file_ref idref="fl-12"/>
      </object_component>
      <object_component id="oc-319">
         <name>.text.free</name>
         <load_address>0x5d60</load_address>
         <readonly>true</readonly>
         <executable>true</executable>
         <run_address>0x5d60</run_address>
         <size>0xe8</size>
         <alignment>0x4</alignment>
         <input_file_ref idref="fl-4b"/>
      </object_component>
      <object_component id="oc-265">
         <name>.text.AdjustPIDParam</name>
         <load_address>0x5e48</load_address>
         <readonly>true</readonly>
         <executable>true</executable>
         <run_address>0x5e48</run_address>
         <size>0xe4</size>
         <alignment>0x4</alignment>
         <input_file_ref idref="fl-d"/>
      </object_component>
      <object_component id="oc-ee">
         <name>.text.__muldf3</name>
         <load_address>0x5f2c</load_address>
         <readonly>true</readonly>
         <executable>true</executable>
         <run_address>0x5f2c</run_address>
         <size>0xe4</size>
         <alignment>0x4</alignment>
         <input_file_ref idref="fl-105"/>
      </object_component>
      <object_component id="oc-2ac">
         <name>.text.setvbuf</name>
         <load_address>0x6010</load_address>
         <readonly>true</readonly>
         <executable>true</executable>
         <run_address>0x6010</run_address>
         <size>0xe0</size>
         <alignment>0x4</alignment>
         <input_file_ref idref="fl-3e"/>
      </object_component>
      <object_component id="oc-2fa">
         <name>.text.scalbn</name>
         <load_address>0x60f0</load_address>
         <readonly>true</readonly>
         <executable>true</executable>
         <run_address>0x60f0</run_address>
         <size>0xd8</size>
         <alignment>0x4</alignment>
         <input_file_ref idref="fl-41"/>
      </object_component>
      <object_component id="oc-113">
         <name>.text</name>
         <load_address>0x61c8</load_address>
         <readonly>true</readonly>
         <executable>true</executable>
         <run_address>0x61c8</run_address>
         <size>0xd8</size>
         <alignment>0x4</alignment>
         <input_file_ref idref="fl-103"/>
      </object_component>
      <object_component id="oc-1b7">
         <name>.text.SYSCFG_DL_PWM_Motor_init</name>
         <load_address>0x62a0</load_address>
         <readonly>true</readonly>
         <executable>true</executable>
         <run_address>0x62a0</run_address>
         <size>0xd4</size>
         <alignment>0x4</alignment>
         <input_file_ref idref="fl-3"/>
      </object_component>
      <object_component id="oc-73">
         <name>.text.HWT101_IRQHandler</name>
         <load_address>0x6374</load_address>
         <readonly>true</readonly>
         <executable>true</executable>
         <run_address>0x6374</run_address>
         <size>0xc0</size>
         <alignment>0x4</alignment>
         <input_file_ref idref="fl-8"/>
      </object_component>
      <object_component id="oc-36">
         <name>.text.GROUP1_IRQHandler</name>
         <load_address>0x6434</load_address>
         <readonly>true</readonly>
         <executable>true</executable>
         <run_address>0x6434</run_address>
         <size>0xac</size>
         <alignment>0x4</alignment>
         <input_file_ref idref="fl-6"/>
      </object_component>
      <object_component id="oc-1ce">
         <name>.text.usart3_send_bytes</name>
         <load_address>0x64e0</load_address>
         <readonly>true</readonly>
         <executable>true</executable>
         <run_address>0x64e0</run_address>
         <size>0xa4</size>
         <alignment>0x4</alignment>
         <input_file_ref idref="fl-1"/>
      </object_component>
      <object_component id="oc-334">
         <name>.text</name>
         <load_address>0x6584</load_address>
         <readonly>true</readonly>
         <executable>true</executable>
         <run_address>0x6584</run_address>
         <size>0xa2</size>
         <alignment>0x4</alignment>
         <input_file_ref idref="fl-11b"/>
      </object_component>
      <object_component id="oc-183">
         <name>.text.__aeabi_idiv0</name>
         <load_address>0x6626</load_address>
         <readonly>true</readonly>
         <executable>true</executable>
         <run_address>0x6626</run_address>
         <size>0x2</size>
         <alignment>0x2</alignment>
         <input_file_ref idref="fl-11e"/>
      </object_component>
      <object_component id="oc-25b">
         <name>.text.display_grey_info</name>
         <load_address>0x6628</load_address>
         <readonly>true</readonly>
         <executable>true</executable>
         <run_address>0x6628</run_address>
         <size>0x9c</size>
         <alignment>0x4</alignment>
         <input_file_ref idref="fl-12"/>
      </object_component>
      <object_component id="oc-140">
         <name>.text:memcpy</name>
         <load_address>0x66c4</load_address>
         <readonly>true</readonly>
         <executable>true</executable>
         <run_address>0x66c4</run_address>
         <size>0x9a</size>
         <alignment>0x1</alignment>
         <input_file_ref idref="fl-120"/>
      </object_component>
      <object_component id="oc-387">
         <name>.text.__aeabi_ldiv0</name>
         <load_address>0x675e</load_address>
         <readonly>true</readonly>
         <executable>true</executable>
         <run_address>0x675e</run_address>
         <size>0x2</size>
         <alignment>0x2</alignment>
         <input_file_ref idref="fl-11e"/>
      </object_component>
      <object_component id="oc-121">
         <name>.text.__mulsf3</name>
         <load_address>0x6760</load_address>
         <readonly>true</readonly>
         <executable>true</executable>
         <run_address>0x6760</run_address>
         <size>0x8c</size>
         <alignment>0x4</alignment>
         <input_file_ref idref="fl-107"/>
      </object_component>
      <object_component id="oc-161">
         <name>.text.get_key_state</name>
         <load_address>0x67ec</load_address>
         <readonly>true</readonly>
         <executable>true</executable>
         <run_address>0x67ec</run_address>
         <size>0x8c</size>
         <alignment>0x4</alignment>
         <input_file_ref idref="fl-a"/>
      </object_component>
      <object_component id="oc-289">
         <name>.text.OUTLINED_FUNCTION_0</name>
         <load_address>0x6878</load_address>
         <readonly>true</readonly>
         <executable>true</executable>
         <run_address>0x6878</run_address>
         <size>0x8</size>
         <alignment>0x2</alignment>
         <input_file_ref idref="fl-54"/>
      </object_component>
      <object_component id="oc-3e4">
         <name>.text:strcmp</name>
         <load_address>0x6880</load_address>
         <readonly>true</readonly>
         <executable>true</executable>
         <run_address>0x6880</run_address>
         <size>0x88</size>
         <alignment>0x10</alignment>
         <input_file_ref idref="fl-122"/>
      </object_component>
      <object_component id="oc-12f">
         <name>.text.__divsf3</name>
         <load_address>0x6908</load_address>
         <readonly>true</readonly>
         <executable>true</executable>
         <run_address>0x6908</run_address>
         <size>0x82</size>
         <alignment>0x4</alignment>
         <input_file_ref idref="fl-108"/>
      </object_component>
      <object_component id="oc-278">
         <name>.text._nop</name>
         <load_address>0x698a</load_address>
         <readonly>true</readonly>
         <executable>true</executable>
         <run_address>0x698a</run_address>
         <size>0x2</size>
         <alignment>0x2</alignment>
         <input_file_ref idref="fl-45"/>
      </object_component>
      <object_component id="oc-9e">
         <name>.text.Car_Tracing</name>
         <load_address>0x698c</load_address>
         <readonly>true</readonly>
         <executable>true</executable>
         <run_address>0x698c</run_address>
         <size>0x7c</size>
         <alignment>0x4</alignment>
         <input_file_ref idref="fl-5"/>
      </object_component>
      <object_component id="oc-360">
         <name>.text.__TI_closefile</name>
         <load_address>0x6a08</load_address>
         <readonly>true</readonly>
         <executable>true</executable>
         <run_address>0x6a08</run_address>
         <size>0x7c</size>
         <alignment>0x4</alignment>
         <input_file_ref idref="fl-5e"/>
      </object_component>
      <object_component id="oc-c8">
         <name>.text.parse_angular_velocity</name>
         <load_address>0x6a84</load_address>
         <readonly>true</readonly>
         <executable>true</executable>
         <run_address>0x6a84</run_address>
         <size>0x7c</size>
         <alignment>0x4</alignment>
         <input_file_ref idref="fl-8"/>
      </object_component>
      <object_component id="oc-1c">
         <name>.text:decompress:lzss</name>
         <load_address>0x6b00</load_address>
         <readonly>true</readonly>
         <executable>true</executable>
         <run_address>0x6b00</run_address>
         <size>0x7c</size>
         <alignment>0x4</alignment>
         <input_file_ref idref="fl-53"/>
      </object_component>
      <object_component id="oc-350">
         <name>.text.__gedf2</name>
         <load_address>0x6b7c</load_address>
         <readonly>true</readonly>
         <executable>true</executable>
         <run_address>0x6b7c</run_address>
         <size>0x74</size>
         <alignment>0x4</alignment>
         <input_file_ref idref="fl-11d"/>
      </object_component>
      <object_component id="oc-129">
         <name>.text.__truncdfsf2</name>
         <load_address>0x6bf0</load_address>
         <readonly>true</readonly>
         <executable>true</executable>
         <run_address>0x6bf0</run_address>
         <size>0x74</size>
         <alignment>0x10</alignment>
         <input_file_ref idref="fl-112"/>
      </object_component>
      <object_component id="oc-20f">
         <name>.text._chkmbc</name>
         <load_address>0x6c64</load_address>
         <readonly>true</readonly>
         <executable>true</executable>
         <run_address>0x6c64</run_address>
         <size>0x74</size>
         <alignment>0x4</alignment>
         <input_file_ref idref="fl-3b"/>
      </object_component>
      <object_component id="oc-14d">
         <name>.text.calibrate_z_axis_zero</name>
         <load_address>0x6cd8</load_address>
         <readonly>true</readonly>
         <executable>true</executable>
         <run_address>0x6cd8</run_address>
         <size>0x74</size>
         <alignment>0x4</alignment>
         <input_file_ref idref="fl-8"/>
      </object_component>
      <object_component id="oc-1b9">
         <name>.text.SYSCFG_DL_UART_0_init</name>
         <load_address>0x6d4c</load_address>
         <readonly>true</readonly>
         <executable>true</executable>
         <run_address>0x6d4c</run_address>
         <size>0x70</size>
         <alignment>0x4</alignment>
         <input_file_ref idref="fl-3"/>
      </object_component>
      <object_component id="oc-1bb">
         <name>.text.SYSCFG_DL_UART_1_init</name>
         <load_address>0x6dbc</load_address>
         <readonly>true</readonly>
         <executable>true</executable>
         <run_address>0x6dbc</run_address>
         <size>0x70</size>
         <alignment>0x4</alignment>
         <input_file_ref idref="fl-3"/>
      </object_component>
      <object_component id="oc-1b3">
         <name>.text.SYSCFG_DL_initPower</name>
         <load_address>0x6e2c</load_address>
         <readonly>true</readonly>
         <executable>true</executable>
         <run_address>0x6e2c</run_address>
         <size>0x70</size>
         <alignment>0x4</alignment>
         <input_file_ref idref="fl-3"/>
      </object_component>
      <object_component id="oc-379">
         <name>.text.HOSTlseek</name>
         <load_address>0x6e9c</load_address>
         <readonly>true</readonly>
         <executable>true</executable>
         <run_address>0x6e9c</run_address>
         <size>0x6c</size>
         <alignment>0x4</alignment>
         <input_file_ref idref="fl-fc"/>
      </object_component>
      <object_component id="oc-381">
         <name>.text.HOSTrename</name>
         <load_address>0x6f08</load_address>
         <readonly>true</readonly>
         <executable>true</executable>
         <run_address>0x6f08</run_address>
         <size>0x6c</size>
         <alignment>0x4</alignment>
         <input_file_ref idref="fl-ff"/>
      </object_component>
      <object_component id="oc-1ba">
         <name>.text.SYSCFG_DL_UART_3_init</name>
         <load_address>0x6f74</load_address>
         <readonly>true</readonly>
         <executable>true</executable>
         <run_address>0x6f74</run_address>
         <size>0x6c</size>
         <alignment>0x4</alignment>
         <input_file_ref idref="fl-3"/>
      </object_component>
      <object_component id="oc-316">
         <name>.text.fseeko</name>
         <load_address>0x6fe0</load_address>
         <readonly>true</readonly>
         <executable>true</executable>
         <run_address>0x6fe0</run_address>
         <size>0x6c</size>
         <alignment>0x4</alignment>
         <input_file_ref idref="fl-57"/>
      </object_component>
      <object_component id="oc-3d8">
         <name>.text.getdevice</name>
         <load_address>0x704c</load_address>
         <readonly>true</readonly>
         <executable>true</executable>
         <run_address>0x704c</run_address>
         <size>0x6c</size>
         <alignment>0x4</alignment>
         <input_file_ref idref="fl-11f"/>
      </object_component>
      <object_component id="oc-9b">
         <name>.text.Car_GoStraight</name>
         <load_address>0x70b8</load_address>
         <readonly>true</readonly>
         <executable>true</executable>
         <run_address>0x70b8</run_address>
         <size>0x68</size>
         <alignment>0x4</alignment>
         <input_file_ref idref="fl-5"/>
      </object_component>
      <object_component id="oc-34a">
         <name>.text.__ledf2</name>
         <load_address>0x7120</load_address>
         <readonly>true</readonly>
         <executable>true</executable>
         <run_address>0x7120</run_address>
         <size>0x68</size>
         <alignment>0x4</alignment>
         <input_file_ref idref="fl-11d"/>
      </object_component>
      <object_component id="oc-349">
         <name>.text._mcpy</name>
         <load_address>0x7188</load_address>
         <readonly>true</readonly>
         <executable>true</executable>
         <run_address>0x7188</run_address>
         <size>0x66</size>
         <alignment>0x2</alignment>
         <input_file_ref idref="fl-39"/>
      </object_component>
      <object_component id="oc-212">
         <name>.text.__TI_wrt_ok</name>
         <load_address>0x71ee</load_address>
         <readonly>true</readonly>
         <executable>true</executable>
         <run_address>0x71ee</run_address>
         <size>0x64</size>
         <alignment>0x2</alignment>
         <input_file_ref idref="fl-3d"/>
      </object_component>
      <object_component id="oc-1f4">
         <name>.text.task4</name>
         <load_address>0x7252</load_address>
         <readonly>true</readonly>
         <executable>true</executable>
         <run_address>0x7252</run_address>
         <size>0x2</size>
         <alignment>0x2</alignment>
         <input_file_ref idref="fl-11"/>
      </object_component>
      <object_component id="oc-39e">
         <name>.text.split</name>
         <load_address>0x7254</load_address>
         <readonly>true</readonly>
         <executable>true</executable>
         <run_address>0x7254</run_address>
         <size>0x64</size>
         <alignment>0x4</alignment>
         <input_file_ref idref="fl-4b"/>
      </object_component>
      <object_component id="oc-1f0">
         <name>.text.task3</name>
         <load_address>0x72b8</load_address>
         <readonly>true</readonly>
         <executable>true</executable>
         <run_address>0x72b8</run_address>
         <size>0x64</size>
         <alignment>0x4</alignment>
         <input_file_ref idref="fl-10"/>
      </object_component>
      <object_component id="oc-2dd">
         <name>.text.__aeabi_dcmp</name>
         <load_address>0x731c</load_address>
         <readonly>true</readonly>
         <executable>true</executable>
         <run_address>0x731c</run_address>
         <size>0x62</size>
         <alignment>0x4</alignment>
         <input_file_ref idref="fl-113"/>
      </object_component>
      <object_component id="oc-92">
         <name>.text.__aeabi_fcmp</name>
         <load_address>0x7380</load_address>
         <readonly>true</readonly>
         <executable>true</executable>
         <run_address>0x7380</run_address>
         <size>0x62</size>
         <alignment>0x4</alignment>
         <input_file_ref idref="fl-114"/>
      </object_component>
      <object_component id="oc-1b2">
         <name>.text:memset</name>
         <load_address>0x73e2</load_address>
         <readonly>true</readonly>
         <executable>true</executable>
         <run_address>0x73e2</run_address>
         <size>0x62</size>
         <alignment>0x1</alignment>
         <input_file_ref idref="fl-121"/>
      </object_component>
      <object_component id="oc-369">
         <name>.text.HOSTopen</name>
         <load_address>0x7444</load_address>
         <readonly>true</readonly>
         <executable>true</executable>
         <run_address>0x7444</run_address>
         <size>0x60</size>
         <alignment>0x4</alignment>
         <input_file_ref idref="fl-fd"/>
      </object_component>
      <object_component id="oc-339">
         <name>.text.frexp</name>
         <load_address>0x74a4</load_address>
         <readonly>true</readonly>
         <executable>true</executable>
         <run_address>0x74a4</run_address>
         <size>0x5c</size>
         <alignment>0x4</alignment>
         <input_file_ref idref="fl-40"/>
      </object_component>
      <object_component id="oc-1c7">
         <name>.text.printf</name>
         <load_address>0x7500</load_address>
         <readonly>true</readonly>
         <executable>true</executable>
         <run_address>0x7500</run_address>
         <size>0x5c</size>
         <alignment>0x4</alignment>
         <input_file_ref idref="fl-38"/>
      </object_component>
      <object_component id="oc-371">
         <name>.text.HOSTread</name>
         <load_address>0x755c</load_address>
         <readonly>true</readonly>
         <executable>true</executable>
         <run_address>0x755c</run_address>
         <size>0x58</size>
         <alignment>0x4</alignment>
         <input_file_ref idref="fl-fe"/>
      </object_component>
      <object_component id="oc-375">
         <name>.text.HOSTwrite</name>
         <load_address>0x75b4</load_address>
         <readonly>true</readonly>
         <executable>true</executable>
         <run_address>0x75b4</run_address>
         <size>0x58</size>
         <alignment>0x4</alignment>
         <input_file_ref idref="fl-101"/>
      </object_component>
      <object_component id="oc-341">
         <name>.text.__TI_ltoa</name>
         <load_address>0x760c</load_address>
         <readonly>true</readonly>
         <executable>true</executable>
         <run_address>0x760c</run_address>
         <size>0x58</size>
         <alignment>0x2</alignment>
         <input_file_ref idref="fl-46"/>
      </object_component>
      <object_component id="oc-2e2">
         <name>.text._pconv_f</name>
         <load_address>0x7664</load_address>
         <readonly>true</readonly>
         <executable>true</executable>
         <run_address>0x7664</run_address>
         <size>0x58</size>
         <alignment>0x2</alignment>
         <input_file_ref idref="fl-39"/>
      </object_component>
      <object_component id="oc-391">
         <name>.text.__aeabi_idivmod</name>
         <load_address>0x76bc</load_address>
         <readonly>true</readonly>
         <executable>true</executable>
         <run_address>0x76bc</run_address>
         <size>0x56</size>
         <alignment>0x4</alignment>
         <input_file_ref idref="fl-115"/>
      </object_component>
      <object_component id="oc-145">
         <name>.text.SYSCFG_DL_init</name>
         <load_address>0x7714</load_address>
         <readonly>true</readonly>
         <executable>true</executable>
         <run_address>0x7714</run_address>
         <size>0x54</size>
         <alignment>0x4</alignment>
         <input_file_ref idref="fl-3"/>
      </object_component>
      <object_component id="oc-21c">
         <name>.text.__TI_doflush</name>
         <load_address>0x7768</load_address>
         <readonly>true</readonly>
         <executable>true</executable>
         <run_address>0x7768</run_address>
         <size>0x52</size>
         <alignment>0x2</alignment>
         <input_file_ref idref="fl-55"/>
      </object_component>
      <object_component id="oc-347">
         <name>.text._ecpy</name>
         <load_address>0x77ba</load_address>
         <readonly>true</readonly>
         <executable>true</executable>
         <run_address>0x77ba</run_address>
         <size>0x52</size>
         <alignment>0x2</alignment>
         <input_file_ref idref="fl-39"/>
      </object_component>
      <object_component id="oc-1b8">
         <name>.text.SYSCFG_DL_TIMER_0_init</name>
         <load_address>0x780c</load_address>
         <readonly>true</readonly>
         <executable>true</executable>
         <run_address>0x780c</run_address>
         <size>0x50</size>
         <alignment>0x4</alignment>
         <input_file_ref idref="fl-3"/>
      </object_component>
      <object_component id="oc-3a0">
         <name>.text.close</name>
         <load_address>0x785c</load_address>
         <readonly>true</readonly>
         <executable>true</executable>
         <run_address>0x785c</run_address>
         <size>0x50</size>
         <alignment>0x4</alignment>
         <input_file_ref idref="fl-f9"/>
      </object_component>
      <object_component id="oc-14b">
         <name>.text.motor_init</name>
         <load_address>0x78ac</load_address>
         <readonly>true</readonly>
         <executable>true</executable>
         <run_address>0x78ac</run_address>
         <size>0x4c</size>
         <alignment>0x4</alignment>
         <input_file_ref idref="fl-d"/>
      </object_component>
      <object_component id="oc-15a">
         <name>.text.LCD_ShowString</name>
         <load_address>0x78f8</load_address>
         <readonly>true</readonly>
         <executable>true</executable>
         <run_address>0x78f8</run_address>
         <size>0x4a</size>
         <alignment>0x2</alignment>
         <input_file_ref idref="fl-b"/>
      </object_component>
      <object_component id="oc-33d">
         <name>.text.__fixdfsi</name>
         <load_address>0x7944</load_address>
         <readonly>true</readonly>
         <executable>true</executable>
         <run_address>0x7944</run_address>
         <size>0x4a</size>
         <alignment>0x4</alignment>
         <input_file_ref idref="fl-10b"/>
      </object_component>
      <object_component id="oc-23a">
         <name>.text.DL_UART_init</name>
         <load_address>0x7990</load_address>
         <readonly>true</readonly>
         <executable>true</executable>
         <run_address>0x7990</run_address>
         <size>0x48</size>
         <alignment>0x4</alignment>
         <input_file_ref idref="fl-23"/>
      </object_component>
      <object_component id="oc-36d">
         <name>.text.HOSTclose</name>
         <load_address>0x79d8</load_address>
         <readonly>true</readonly>
         <executable>true</executable>
         <run_address>0x79d8</run_address>
         <size>0x48</size>
         <alignment>0x4</alignment>
         <input_file_ref idref="fl-fb"/>
      </object_component>
      <object_component id="oc-37d">
         <name>.text.HOSTunlink</name>
         <load_address>0x7a20</load_address>
         <readonly>true</readonly>
         <executable>true</executable>
         <run_address>0x7a20</run_address>
         <size>0x48</size>
         <alignment>0x4</alignment>
         <input_file_ref idref="fl-100"/>
      </object_component>
      <object_component id="oc-1bc">
         <name>.text.SYSCFG_DL_SPI_init</name>
         <load_address>0x7a68</load_address>
         <readonly>true</readonly>
         <executable>true</executable>
         <run_address>0x7a68</run_address>
         <size>0x48</size>
         <alignment>0x4</alignment>
         <input_file_ref idref="fl-3"/>
      </object_component>
      <object_component id="oc-263">
         <name>.text.SelectNextPID</name>
         <load_address>0x7ab0</load_address>
         <readonly>true</readonly>
         <executable>true</executable>
         <run_address>0x7ab0</run_address>
         <size>0x48</size>
         <alignment>0x4</alignment>
         <input_file_ref idref="fl-d"/>
      </object_component>
      <object_component id="oc-247">
         <name>.text.DL_SPI_init</name>
         <load_address>0x7af8</load_address>
         <readonly>true</readonly>
         <executable>true</executable>
         <run_address>0x7af8</run_address>
         <size>0x44</size>
         <alignment>0x4</alignment>
         <input_file_ref idref="fl-21"/>
      </object_component>
      <object_component id="oc-f2">
         <name>.text.__fixunsdfsi</name>
         <load_address>0x7b3c</load_address>
         <readonly>true</readonly>
         <executable>true</executable>
         <run_address>0x7b3c</run_address>
         <size>0x42</size>
         <alignment>0x4</alignment>
         <input_file_ref idref="fl-10d"/>
      </object_component>
      <object_component id="oc-cf">
         <name>.text.__aeabi_uidivmod</name>
         <load_address>0x7b80</load_address>
         <readonly>true</readonly>
         <executable>true</executable>
         <run_address>0x7b80</run_address>
         <size>0x40</size>
         <alignment>0x4</alignment>
         <input_file_ref idref="fl-118"/>
      </object_component>
      <object_component id="oc-125">
         <name>.text.__extendsfdf2</name>
         <load_address>0x7bc0</load_address>
         <readonly>true</readonly>
         <executable>true</executable>
         <run_address>0x7bc0</run_address>
         <size>0x40</size>
         <alignment>0x4</alignment>
         <input_file_ref idref="fl-10a"/>
      </object_component>
      <object_component id="oc-283">
         <name>.text.atoi</name>
         <load_address>0x7c00</load_address>
         <readonly>true</readonly>
         <executable>true</executable>
         <run_address>0x7c00</run_address>
         <size>0x40</size>
         <alignment>0x4</alignment>
         <input_file_ref idref="fl-48"/>
      </object_component>
      <object_component id="oc-1cf">
         <name>.text.delay_ms</name>
         <load_address>0x7c40</load_address>
         <readonly>true</readonly>
         <executable>true</executable>
         <run_address>0x7c40</run_address>
         <size>0x40</size>
         <alignment>0x4</alignment>
         <input_file_ref idref="fl-1"/>
      </object_component>
      <object_component id="oc-1b6">
         <name>.text.SYSCFG_DL_SYSCTL_init</name>
         <load_address>0x7c80</load_address>
         <readonly>true</readonly>
         <executable>true</executable>
         <run_address>0x7c80</run_address>
         <size>0x3c</size>
         <alignment>0x4</alignment>
         <input_file_ref idref="fl-3"/>
      </object_component>
      <object_component id="oc-10f">
         <name>.text.__floatsisf</name>
         <load_address>0x7cbc</load_address>
         <readonly>true</readonly>
         <executable>true</executable>
         <run_address>0x7cbc</run_address>
         <size>0x3c</size>
         <alignment>0x4</alignment>
         <input_file_ref idref="fl-10f"/>
      </object_component>
      <object_component id="oc-108">
         <name>.text.__gtsf2</name>
         <load_address>0x7cf8</load_address>
         <readonly>true</readonly>
         <executable>true</executable>
         <run_address>0x7cf8</run_address>
         <size>0x3c</size>
         <alignment>0x4</alignment>
         <input_file_ref idref="fl-11a"/>
      </object_component>
      <object_component id="oc-171">
         <name>.text:__TI_auto_init_nobinit_nopinit</name>
         <load_address>0x7d34</load_address>
         <readonly>true</readonly>
         <executable>true</executable>
         <run_address>0x7d34</run_address>
         <size>0x3c</size>
         <alignment>0x4</alignment>
         <input_file_ref idref="fl-4e"/>
      </object_component>
      <object_component id="oc-103">
         <name>.text.__eqsf2</name>
         <load_address>0x7d70</load_address>
         <readonly>true</readonly>
         <executable>true</executable>
         <run_address>0x7d70</run_address>
         <size>0x3a</size>
         <alignment>0x4</alignment>
         <input_file_ref idref="fl-11a"/>
      </object_component>
      <object_component id="oc-19d">
         <name>.text.__muldsi3</name>
         <load_address>0x7dac</load_address>
         <readonly>true</readonly>
         <executable>true</executable>
         <run_address>0x7dac</run_address>
         <size>0x3a</size>
         <alignment>0x4</alignment>
         <input_file_ref idref="fl-106"/>
      </object_component>
      <object_component id="oc-117">
         <name>.text.__fixsfsi</name>
         <load_address>0x7de8</load_address>
         <readonly>true</readonly>
         <executable>true</executable>
         <run_address>0x7de8</run_address>
         <size>0x38</size>
         <alignment>0x4</alignment>
         <input_file_ref idref="fl-10c"/>
      </object_component>
      <object_component id="oc-15b">
         <name>.text.sprintf</name>
         <load_address>0x7e20</load_address>
         <readonly>true</readonly>
         <executable>true</executable>
         <run_address>0x7e20</run_address>
         <size>0x38</size>
         <alignment>0x4</alignment>
         <input_file_ref idref="fl-3a"/>
      </object_component>
      <object_component id="oc-31c">
         <name>.text.__TI_cleanup</name>
         <load_address>0x7e58</load_address>
         <readonly>true</readonly>
         <executable>true</executable>
         <run_address>0x7e58</run_address>
         <size>0x34</size>
         <alignment>0x4</alignment>
         <input_file_ref idref="fl-56"/>
      </object_component>
      <object_component id="oc-3b1">
         <name>.text.__TI_readmsg</name>
         <load_address>0x7e8c</load_address>
         <readonly>true</readonly>
         <executable>true</executable>
         <run_address>0x7e8c</run_address>
         <size>0x34</size>
         <alignment>0x4</alignment>
         <input_file_ref idref="fl-102"/>
      </object_component>
      <object_component id="oc-3ab">
         <name>.text.__TI_writemsg</name>
         <load_address>0x7ec0</load_address>
         <readonly>true</readonly>
         <executable>true</executable>
         <run_address>0x7ec0</run_address>
         <size>0x34</size>
         <alignment>0x4</alignment>
         <input_file_ref idref="fl-102"/>
      </object_component>
      <object_component id="oc-14a">
         <name>.text.board_init</name>
         <load_address>0x7ef4</load_address>
         <readonly>true</readonly>
         <executable>true</executable>
         <run_address>0x7ef4</run_address>
         <size>0x34</size>
         <alignment>0x4</alignment>
         <input_file_ref idref="fl-1"/>
      </object_component>
      <object_component id="oc-16f">
         <name>.text.exit</name>
         <load_address>0x7f28</load_address>
         <readonly>true</readonly>
         <executable>true</executable>
         <run_address>0x7f28</run_address>
         <size>0x34</size>
         <alignment>0x4</alignment>
         <input_file_ref idref="fl-44"/>
      </object_component>
      <object_component id="oc-3e1">
         <name>.text.finddevice</name>
         <load_address>0x7f5c</load_address>
         <readonly>true</readonly>
         <executable>true</executable>
         <run_address>0x7f5c</run_address>
         <size>0x34</size>
         <alignment>0x4</alignment>
         <input_file_ref idref="fl-11f"/>
      </object_component>
      <object_component id="oc-1c5">
         <name>.text.uart0_send_string</name>
         <load_address>0x7f90</load_address>
         <readonly>true</readonly>
         <executable>true</executable>
         <run_address>0x7f90</run_address>
         <size>0x34</size>
         <alignment>0x4</alignment>
         <input_file_ref idref="fl-1"/>
      </object_component>
      <object_component id="oc-24e">
         <name>.text.DL_UART_transmitDataBlocking</name>
         <load_address>0x7fc4</load_address>
         <readonly>true</readonly>
         <executable>true</executable>
         <run_address>0x7fc4</run_address>
         <size>0x30</size>
         <alignment>0x4</alignment>
         <input_file_ref idref="fl-23"/>
      </object_component>
      <object_component id="oc-348">
         <name>.text._fcpy</name>
         <load_address>0x7ff4</load_address>
         <readonly>true</readonly>
         <executable>true</executable>
         <run_address>0x7ff4</run_address>
         <size>0x30</size>
         <alignment>0x2</alignment>
         <input_file_ref idref="fl-39"/>
      </object_component>
      <object_component id="oc-189">
         <name>.text.sscanf</name>
         <load_address>0x8024</load_address>
         <readonly>true</readonly>
         <executable>true</executable>
         <run_address>0x8024</run_address>
         <size>0x30</size>
         <alignment>0x4</alignment>
         <input_file_ref idref="fl-3b"/>
      </object_component>
      <object_component id="oc-ea">
         <name>.text.__floatsidf</name>
         <load_address>0x8054</load_address>
         <readonly>true</readonly>
         <executable>true</executable>
         <run_address>0x8054</run_address>
         <size>0x2c</size>
         <alignment>0x4</alignment>
         <input_file_ref idref="fl-10e"/>
      </object_component>
      <object_component id="oc-14c">
         <name>.text.encoder_init</name>
         <load_address>0x8080</load_address>
         <readonly>true</readonly>
         <executable>true</executable>
         <run_address>0x8080</run_address>
         <size>0x2c</size>
         <alignment>0x4</alignment>
         <input_file_ref idref="fl-6"/>
      </object_component>
      <object_component id="oc-c9">
         <name>.text.parse_yaw</name>
         <load_address>0x80ac</load_address>
         <readonly>true</readonly>
         <executable>true</executable>
         <run_address>0x80ac</run_address>
         <size>0x2c</size>
         <alignment>0x4</alignment>
         <input_file_ref idref="fl-8"/>
      </object_component>
      <object_component id="oc-3ce">
         <name>.text.unlink</name>
         <load_address>0x80d8</load_address>
         <readonly>true</readonly>
         <executable>true</executable>
         <run_address>0x80d8</run_address>
         <size>0x2c</size>
         <alignment>0x4</alignment>
         <input_file_ref idref="fl-fa"/>
      </object_component>
      <object_component id="oc-41">
         <name>.text.UART0_IRQHandler</name>
         <load_address>0x8104</load_address>
         <readonly>true</readonly>
         <executable>true</executable>
         <run_address>0x8104</run_address>
         <size>0x28</size>
         <alignment>0x4</alignment>
         <input_file_ref idref="fl-1"/>
      </object_component>
      <object_component id="oc-40">
         <name>.text.UART1_IRQHandler</name>
         <load_address>0x812c</load_address>
[...]
      <symbol id="sm-3bd">
         <name>aligned_alloc</name>
         <value>0x5225</value>
         <object_component_ref idref="oc-35f"/>
      </symbol>
      <symbol id="sm-3be">
         <name>free</name>
         <value>0x5d61</value>
         <object_component_ref idref="oc-319"/>
      </symbol>
      <symbol id="sm-3bf">
         <name>_sys_memory</name>
         <value>0x20200000</value>
         <object_component_ref idref="oc-2f"/>
      </symbol>
      <symbol id="sm-3c0">
         <name>memalign</name>
         <value>0x5225</value>
         <object_component_ref idref="oc-35f"/>
      </symbol>
      <symbol id="sm-3cb">
         <name>_c_int00_noargs</name>
         <value>0x81f5</value>
         <object_component_ref idref="oc-62"/>
      </symbol>
      <symbol id="sm-3cc">
         <name>__stack</name>
         <value>0x20207e00</value>
         <object_component_ref idref="oc-1a"/>
      </symbol>
      <symbol id="sm-3d8">
         <name>__TI_auto_init_nobinit_nopinit</name>
         <value>0x7d35</value>
         <object_component_ref idref="oc-171"/>
      </symbol>
      <symbol id="sm-3e0">
         <name>_system_pre_init</name>
         <value>0x85af</value>
         <object_component_ref idref="oc-b9"/>
      </symbol>
      <symbol id="sm-3eb">
         <name>__TI_zero_init</name>
         <value>0x8475</value>
         <object_component_ref idref="oc-5f"/>
      </symbol>
      <symbol id="sm-3f4">
         <name>__TI_decompress_none</name>
         <value>0x8441</value>
         <object_component_ref idref="oc-20"/>
      </symbol>
      <symbol id="sm-3ff">
         <name>__TI_decompress_lzss</name>
         <value>0x6b01</value>
         <object_component_ref idref="oc-1c"/>
      </symbol>
      <symbol id="sm-426">
         <name>__TI_scanfi</name>
         <value>0x1369</value>
         <object_component_ref idref="oc-207"/>
      </symbol>
      <symbol id="sm-430">
         <name>__TI_doflush</name>
         <value>0x7769</value>
         <object_component_ref idref="oc-21c"/>
      </symbol>
      <symbol id="sm-43b">
         <name>__TI_cleanup</name>
         <value>0x7e59</value>
         <object_component_ref idref="oc-31c"/>
      </symbol>
      <symbol id="sm-448">
         <name>fseek</name>
         <value>0x8595</value>
         <object_component_ref idref="oc-2a6"/>
      </symbol>
      <symbol id="sm-449">
         <name>fseeko</name>
         <value>0x6fe1</value>
         <object_component_ref idref="oc-316"/>
      </symbol>
      <symbol id="sm-45f">
         <name>strtod</name>
         <value>0x2d15</value>
         <object_component_ref idref="oc-28d"/>
      </symbol>
      <symbol id="sm-460">
         <name>strtold</name>
         <value>0x2d15</value>
         <object_component_ref idref="oc-28d"/>
      </symbol>
      <symbol id="sm-46b">
         <name>strtol</name>
         <value>0x4b09</value>
         <object_component_ref idref="oc-298"/>
      </symbol>
      <symbol id="sm-476">
         <name>strtoll</name>
         <value>0x39c9</value>
         <object_component_ref idref="oc-2a0"/>
      </symbol>
      <symbol id="sm-481">
         <name>strtoul</name>
         <value>0x4d89</value>
         <object_component_ref idref="oc-294"/>
      </symbol>
      <symbol id="sm-48c">
         <name>strtoull</name>
         <value>0x4445</value>
         <object_component_ref idref="oc-29c"/>
      </symbol>
      <symbol id="sm-497">
         <name>__TI_closefile</name>
         <value>0x6a09</value>
         <object_component_ref idref="oc-360"/>
      </symbol>
      <symbol id="sm-4a1">
         <name>write</name>
         <value>0x81cd</value>
         <object_component_ref idref="oc-218"/>
      </symbol>
      <symbol id="sm-4a6">
         <name>_device</name>
         <value>0x20201528</value>
         <object_component_ref idref="oc-325"/>
      </symbol>
      <symbol id="sm-4a7">
         <name>_stream</name>
         <value>0x20201604</value>
         <object_component_ref idref="oc-2b2"/>
      </symbol>
      <symbol id="sm-4b0">
         <name>remove</name>
         <value>0x859d</value>
         <object_component_ref idref="oc-3a4"/>
      </symbol>
      <symbol id="sm-4bb">
         <name>lseek</name>
         <value>0x81a5</value>
         <object_component_ref idref="oc-358"/>
      </symbol>
      <symbol id="sm-4c5">
         <name>close</name>
         <value>0x785d</value>
         <object_component_ref idref="oc-3a0"/>
      </symbol>
      <symbol id="sm-4cf">
         <name>unlink</name>
         <value>0x80d9</value>
         <object_component_ref idref="oc-3ce"/>
      </symbol>
      <symbol id="sm-4d9">
         <name>HOSTclose</name>
         <value>0x79d9</value>
         <object_component_ref idref="oc-36d"/>
      </symbol>
      <symbol id="sm-4e3">
         <name>HOSTlseek</name>
         <value>0x6e9d</value>
         <object_component_ref idref="oc-379"/>
      </symbol>
      <symbol id="sm-4ed">
         <name>HOSTopen</name>
         <value>0x7445</value>
         <object_component_ref idref="oc-369"/>
      </symbol>
      <symbol id="sm-4ee">
         <name>parmbuf</name>
         <value>0x20201420</value>
         <object_component_ref idref="oc-3b2"/>
      </symbol>
      <symbol id="sm-4f8">
         <name>HOSTread</name>
         <value>0x755d</value>
         <object_component_ref idref="oc-371"/>
      </symbol>
      <symbol id="sm-509">
         <name>HOSTrename</name>
         <value>0x6f09</value>
         <object_component_ref idref="oc-381"/>
      </symbol>
      <symbol id="sm-513">
         <name>HOSTunlink</name>
         <value>0x7a21</value>
         <object_component_ref idref="oc-37d"/>
      </symbol>
      <symbol id="sm-51d">
         <name>HOSTwrite</name>
         <value>0x75b5</value>
         <object_component_ref idref="oc-375"/>
      </symbol>
      <symbol id="sm-52b">
         <name>C$$IO$$</name>
         <value>0x7eed</value>
         <object_component_ref idref="oc-3ab"/>
      </symbol>
      <symbol id="sm-52c">
         <name>__TI_writemsg</name>
         <value>0x7ec1</value>
         <object_component_ref idref="oc-3ab"/>
      </symbol>
      <symbol id="sm-52d">
         <name>__CIOBUF_</name>
         <value>0x20201000</value>
         <object_component_ref idref="oc-3d5"/>
      </symbol>
      <symbol id="sm-52e">
         <name>__TI_readmsg</name>
         <value>0x7e8d</value>
         <object_component_ref idref="oc-3b1"/>
      </symbol>
      <symbol id="sm-52f">
         <name>_CIOBUF_</name>
         <value>0x20201000</value>
         <object_component_ref idref="oc-3d5"/>
      </symbol>
      <symbol id="sm-535">
         <name>__aeabi_fadd</name>
         <value>0x61d3</value>
         <object_component_ref idref="oc-113"/>
      </symbol>
      <symbol id="sm-536">
         <name>__addsf3</name>
         <value>0x61d3</value>
         <object_component_ref idref="oc-113"/>
      </symbol>
      <symbol id="sm-537">
         <name>__aeabi_fsub</name>
         <value>0x61c9</value>
         <object_component_ref idref="oc-113"/>
      </symbol>
      <symbol id="sm-538">
         <name>__subsf3</name>
         <value>0x61c9</value>
         <object_component_ref idref="oc-113"/>
      </symbol>
      <symbol id="sm-53e">
         <name>__aeabi_dadd</name>
         <value>0x42bb</value>
         <object_component_ref idref="oc-133"/>
      </symbol>
      <symbol id="sm-53f">
         <name>__adddf3</name>
         <value>0x42bb</value>
         <object_component_ref idref="oc-133"/>
      </symbol>
      <symbol id="sm-540">
         <name>__aeabi_dsub</name>
         <value>0x42b1</value>
         <object_component_ref idref="oc-133"/>
      </symbol>
      <symbol id="sm-541">
         <name>__subdf3</name>
         <value>0x42b1</value>
         <object_component_ref idref="oc-133"/>
      </symbol>
      <symbol id="sm-54a">
         <name>__aeabi_dmul</name>
         <value>0x5f2d</value>
         <object_component_ref idref="oc-ee"/>
      </symbol>
      <symbol id="sm-54b">
         <name>__muldf3</name>
         <value>0x5f2d</value>
         <object_component_ref idref="oc-ee"/>
      </symbol>
      <symbol id="sm-551">
         <name>__muldsi3</name>
         <value>0x7dad</value>
         <object_component_ref idref="oc-19d"/>
      </symbol>
      <symbol id="sm-557">
         <name>__aeabi_fmul</name>
         <value>0x6761</value>
         <object_component_ref idref="oc-121"/>
      </symbol>
      <symbol id="sm-558">
         <name>__mulsf3</name>
         <value>0x6761</value>
         <object_component_ref idref="oc-121"/>
      </symbol>
      <symbol id="sm-55e">
         <name>__aeabi_fdiv</name>
         <value>0x6909</value>
         <object_component_ref idref="oc-12f"/>
      </symbol>
      <symbol id="sm-55f">
         <name>__divsf3</name>
         <value>0x6909</value>
         <object_component_ref idref="oc-12f"/>
      </symbol>
      <symbol id="sm-565">
         <name>__aeabi_ddiv</name>
         <value>0x5665</value>
         <object_component_ref idref="oc-2fe"/>
      </symbol>
      <symbol id="sm-566">
         <name>__divdf3</name>
         <value>0x5665</value>
         <object_component_ref idref="oc-2fe"/>
      </symbol>
      <symbol id="sm-56c">
         <name>__aeabi_f2d</name>
         <value>0x7bc1</value>
         <object_component_ref idref="oc-125"/>
      </symbol>
      <symbol id="sm-56d">
         <name>__extendsfdf2</name>
         <value>0x7bc1</value>
         <object_component_ref idref="oc-125"/>
      </symbol>
      <symbol id="sm-573">
         <name>__aeabi_d2iz</name>
         <value>0x7945</value>
         <object_component_ref idref="oc-33d"/>
      </symbol>
      <symbol id="sm-574">
         <name>__fixdfsi</name>
         <value>0x7945</value>
         <object_component_ref idref="oc-33d"/>
      </symbol>
      <symbol id="sm-57a">
         <name>__aeabi_f2iz</name>
         <value>0x7de9</value>
         <object_component_ref idref="oc-117"/>
      </symbol>
      <symbol id="sm-57b">
         <name>__fixsfsi</name>
         <value>0x7de9</value>
         <object_component_ref idref="oc-117"/>
      </symbol>
      <symbol id="sm-581">
         <name>__aeabi_d2uiz</name>
         <value>0x7b3d</value>
         <object_component_ref idref="oc-f2"/>
      </symbol>
      <symbol id="sm-582">
         <name>__fixunsdfsi</name>
         <value>0x7b3d</value>
         <object_component_ref idref="oc-f2"/>
      </symbol>
      <symbol id="sm-588">
         <name>__aeabi_i2d</name>
         <value>0x8055</value>
         <object_component_ref idref="oc-ea"/>
      </symbol>
      <symbol id="sm-589">
         <name>__floatsidf</name>
         <value>0x8055</value>
         <object_component_ref idref="oc-ea"/>
      </symbol>
      <symbol id="sm-58f">
         <name>__aeabi_i2f</name>
         <value>0x7cbd</value>
         <object_component_ref idref="oc-10f"/>
      </symbol>
      <symbol id="sm-590">
         <name>__floatsisf</name>
         <value>0x7cbd</value>
         <object_component_ref idref="oc-10f"/>
      </symbol>
      <symbol id="sm-596">
         <name>__aeabi_ui2f</name>
         <value>0x8155</value>
         <object_component_ref idref="oc-8e"/>
      </symbol>
      <symbol id="sm-597">
         <name>__floatunsisf</name>
         <value>0x8155</value>
         <object_component_ref idref="oc-8e"/>
      </symbol>
      <symbol id="sm-59d">
         <name>__aeabi_lmul</name>
         <value>0x8265</value>
         <object_component_ref idref="oc-2d3"/>
      </symbol>
      <symbol id="sm-59e">
         <name>__muldi3</name>
         <value>0x8265</value>
         <object_component_ref idref="oc-2d3"/>
      </symbol>
      <symbol id="sm-5a5">
         <name>__aeabi_d2f</name>
         <value>0x6bf1</value>
         <object_component_ref idref="oc-129"/>
      </symbol>
      <symbol id="sm-5a6">
         <name>__truncdfsf2</name>
         <value>0x6bf1</value>
         <object_component_ref idref="oc-129"/>
      </symbol>
      <symbol id="sm-5ac">
         <name>__aeabi_dcmpeq</name>
         <value>0x731d</value>
         <object_component_ref idref="oc-2dd"/>
      </symbol>
      <symbol id="sm-5ad">
         <name>__aeabi_dcmplt</name>
         <value>0x7331</value>
         <object_component_ref idref="oc-2dd"/>
      </symbol>
      <symbol id="sm-5ae">
         <name>__aeabi_dcmple</name>
         <value>0x7345</value>
         <object_component_ref idref="oc-2dd"/>
      </symbol>
      <symbol id="sm-5af">
         <name>__aeabi_dcmpge</name>
         <value>0x7359</value>
         <object_component_ref idref="oc-2dd"/>
      </symbol>
      <symbol id="sm-5b0">
         <name>__aeabi_dcmpgt</name>
         <value>0x736d</value>
         <object_component_ref idref="oc-2dd"/>
      </symbol>
      <symbol id="sm-5b9">
         <name>__aeabi_fcmpeq</name>
         <value>0x7381</value>
         <object_component_ref idref="oc-92"/>
      </symbol>
      <symbol id="sm-5ba">
         <name>__aeabi_fcmplt</name>
         <value>0x7395</value>
         <object_component_ref idref="oc-92"/>
      </symbol>
      <symbol id="sm-5bb">
         <name>__aeabi_fcmple</name>
         <value>0x73a9</value>
         <object_component_ref idref="oc-92"/>
      </symbol>
      <symbol id="sm-5bc">
         <name>__aeabi_fcmpge</name>
         <value>0x73bd</value>
         <object_component_ref idref="oc-92"/>
      </symbol>
      <symbol id="sm-5bd">
         <name>__aeabi_fcmpgt</name>
         <value>0x73d1</value>
         <object_component_ref idref="oc-92"/>
      </symbol>
      <symbol id="sm-5c3">
         <name>__aeabi_idiv</name>
         <value>0x76bd</value>
         <object_component_ref idref="oc-391"/>
      </symbol>
      <symbol id="sm-5c4">
         <name>__aeabi_idivmod</name>
         <value>0x76bd</value>
         <object_component_ref idref="oc-391"/>
      </symbol>
      <symbol id="sm-5ca">
         <name>__aeabi_memcpy</name>
         <value>0x8575</value>
         <object_component_ref idref="oc-52"/>
      </symbol>
      <symbol id="sm-5cb">
         <name>__aeabi_memcpy4</name>
         <value>0x8575</value>
         <object_component_ref idref="oc-52"/>
      </symbol>
      <symbol id="sm-5cc">
         <name>__aeabi_memcpy8</name>
         <value>0x8575</value>
         <object_component_ref idref="oc-52"/>
      </symbol>
      <symbol id="sm-5d5">
         <name>__aeabi_memset</name>
         <value>0x84bd</value>
         <object_component_ref idref="oc-2c2"/>
      </symbol>
      <symbol id="sm-5d6">
         <name>__aeabi_memset4</name>
         <value>0x84bd</value>
         <object_component_ref idref="oc-2c2"/>
      </symbol>
      <symbol id="sm-5d7">
         <name>__aeabi_memset8</name>
         <value>0x84bd</value>
         <object_component_ref idref="oc-2c2"/>
      </symbol>
      <symbol id="sm-5d8">
         <name>__aeabi_memclr</name>
         <value>0x84f5</value>
         <object_component_ref idref="oc-b4"/>
      </symbol>
      <symbol id="sm-5d9">
         <name>__aeabi_memclr4</name>
         <value>0x84f5</value>
         <object_component_ref idref="oc-b4"/>
      </symbol>
      <symbol id="sm-5da">
         <name>__aeabi_memclr8</name>
         <value>0x84f5</value>
         <object_component_ref idref="oc-b4"/>
      </symbol>
      <symbol id="sm-5e0">
         <name>__aeabi_uidiv</name>
         <value>0x7b81</value>
         <object_component_ref idref="oc-cf"/>
      </symbol>
      <symbol id="sm-5e1">
         <name>__aeabi_uidivmod</name>
         <value>0x7b81</value>
         <object_component_ref idref="oc-cf"/>
      </symbol>
      <symbol id="sm-5e7">
         <name>__aeabi_uldivmod</name>
         <value>0x83e1</value>
         <object_component_ref idref="oc-2d8"/>
      </symbol>
      <symbol id="sm-5f0">
         <name>__eqsf2</name>
         <value>0x7d71</value>
         <object_component_ref idref="oc-103"/>
      </symbol>
      <symbol id="sm-5f1">
         <name>__lesf2</name>
         <value>0x7d71</value>
         <object_component_ref idref="oc-103"/>
      </symbol>
      <symbol id="sm-5f2">
         <name>__ltsf2</name>
         <value>0x7d71</value>
         <object_component_ref idref="oc-103"/>
      </symbol>
      <symbol id="sm-5f3">
         <name>__nesf2</name>
         <value>0x7d71</value>
         <object_component_ref idref="oc-103"/>
      </symbol>
      <symbol id="sm-5f4">
         <name>__cmpsf2</name>
         <value>0x7d71</value>
         <object_component_ref idref="oc-103"/>
      </symbol>
      <symbol id="sm-5f5">
         <name>__gtsf2</name>
         <value>0x7cf9</value>
         <object_component_ref idref="oc-108"/>
      </symbol>
      <symbol id="sm-5f6">
         <name>__gesf2</name>
         <value>0x7cf9</value>
         <object_component_ref idref="oc-108"/>
      </symbol>
      <symbol id="sm-5fc">
         <name>__udivmoddi4</name>
         <value>0x6585</value>
         <object_component_ref idref="oc-334"/>
      </symbol>
      <symbol id="sm-602">
         <name>__aeabi_llsl</name>
         <value>0x82f1</value>
         <object_component_ref idref="oc-388"/>
      </symbol>
      <symbol id="sm-603">
         <name>__ashldi3</name>
         <value>0x82f1</value>
         <object_component_ref idref="oc-388"/>
      </symbol>
      <symbol id="sm-611">
         <name>__ledf2</name>
         <value>0x7121</value>
         <object_component_ref idref="oc-34a"/>
      </symbol>
      <symbol id="sm-612">
         <name>__gedf2</name>
         <value>0x6b7d</value>
         <object_component_ref idref="oc-350"/>
      </symbol>
      <symbol id="sm-613">
         <name>__cmpdf2</name>
         <value>0x7121</value>
         <object_component_ref idref="oc-34a"/>
      </symbol>
      <symbol id="sm-614">
         <name>__eqdf2</name>
         <value>0x7121</value>
         <object_component_ref idref="oc-34a"/>
      </symbol>
      <symbol id="sm-615">
         <name>__ltdf2</name>
         <value>0x7121</value>
         <object_component_ref idref="oc-34a"/>
      </symbol>
      <symbol id="sm-616">
         <name>__nedf2</name>
         <value>0x7121</value>
         <object_component_ref idref="oc-34a"/>
      </symbol>
      <symbol id="sm-617">
         <name>__gtdf2</name>
         <value>0x6b7d</value>
         <object_component_ref idref="oc-350"/>
      </symbol>
      <symbol id="sm-623">
         <name>__aeabi_idiv0</name>
         <value>0x6627</value>
         <object_component_ref idref="oc-183"/>
      </symbol>
      <symbol id="sm-624">
         <name>__aeabi_ldiv0</name>
         <value>0x675f</value>
         <object_component_ref idref="oc-387"/>
      </symbol>
      <symbol id="sm-632">
         <name>finddevice</name>
         <value>0x7f5d</value>
         <object_component_ref idref="oc-3e1"/>
      </symbol>
      <symbol id="sm-633">
         <name>getdevice</name>
         <value>0x704d</value>
         <object_component_ref idref="oc-3d8"/>
      </symbol>
      <symbol id="sm-64c">
         <name>memcpy</name>
         <value>0x66c5</value>
         <object_component_ref idref="oc-140"/>
      </symbol>
      <symbol id="sm-65b">
         <name>memset</name>
         <value>0x73e3</value>
         <object_component_ref idref="oc-1b2"/>
      </symbol>
      <symbol id="sm-663">
         <name>strcmp</name>
         <value>0x6881</value>
         <object_component_ref idref="oc-3e4"/>
      </symbol>
      <symbol id="sm-664">
         <name>__TI_static_base__</name>
         <value>0x0</value>
      </symbol>
      <symbol id="sm-668">
         <name>__mpu_init</name>
         <value>0x0</value>
      </symbol>
      <symbol id="sm-669">
         <name>_system_post_cinit</name>
         <value>0x0</value>
      </symbol>
   </symbol_table>
   <title>Link successful</title>
</link_info>
