******************************************************************************
            TI ARM Clang Linker PC v4.0.0                      
******************************************************************************
>> Linked Sat Jul  4 16:03:51 2026

OUTPUT FILE NAME:   <11_spi.out>
ENTRY POINT SYMBOL: "_c_int00_noargs"  address: 000081f5


MEMORY CONFIGURATION

         name            origin    length      used     unused   attr    fill
----------------------  --------  ---------  --------  --------  ----  --------
  FLASH                 00000000   00020000  0000bf60  000140a0  R  X
  SRAM                  20200000   00008000  00001a16  000065ea  RW X
  BCR_CONFIG            41c00000   000000ff  00000000  000000ff  R   
  BSL_CONFIG            41c00100   00000080  00000000  00000080  R   


SEGMENT ALLOCATION MAP

run origin  load origin   length   init length attrs members
----------  ----------- ---------- ----------- ----- -------
00000000    00000000    0000bf60   0000bf60    r-x
  00000000    00000000    000000c0   000000c0    r-- .intvecs
  000000c0    000000c0    00008500   00008500    r-x .text
  000085c0    000085c0    000038b0   000038b0    r-- .rodata
  0000be70    0000be70    000000f0   000000f0    r-- .cinit
20200000    20200000    00001816   00000000    rw-
  20200000    20200000    00001000   00000000    rw- .sysmem
  20201000    20201000    00000438   00000000    rw- .bss
  20201438    20201438    000003de   00000000    rw- .data
20207e00    20207e00    00000200   00000000    rw-
  20207e00    20207e00    00000200   00000000    rw- .stack


SECTION ALLOCATION MAP

 output                                  attributes/
section   page    origin      length       input sections
--------  ----  ----------  ----------   ----------------
.intvecs   0    00000000    000000c0     
                  00000000    000000c0     startup_mspm0g350x_ticlang.o (.intvecs)

.text      0    000000c0    00008500     
                  000000c0    000012a8     lcd_init.o (.text.LCD_Init)
                  00001368    00000bdc     libc.a : _scanfi.c.obj (.text.__TI_scanfi)
                  00001f44    000009d0            : _printfi.c.obj (.text:__TI_printfi)
                  00002914    00000400     lcd.o (.text.LCD_ShowChar)
                  00002d14    000003b8     libc.a : strtod.c.obj (.text.strtod)
                  000030cc    000002c0     lcd.o (.text.LCD_Fill)
                  0000338c    00000224     k210_use.o (.text.deal_data)
                  000035b0    00000220     libc.a : _printfi.c.obj (.text._pconv_a)
                  000037d0    000001f8     motor.o (.text.DisplayPIDInfo)
                  000039c8    000001e0     libc.a : strtoll.c.obj (.text.strtoll)
                  00003ba8    000001dc            : _printfi.c.obj (.text._pconv_g)
                  00003d84    000001d4     grey.o (.text.Get_Huidu)
                  00003f58    000001bc     k210_use.o (.text.recv_k210msg)
                  00004114    0000019c     task2.o (.text.task2)
                  000042b0    00000192     libclang_rt.builtins.a : adddf3.S.obj (.text.adddf3_subdf3)
                  00004442    00000002     startup_mspm0g350x_ticlang.o (.text.Default_Handler)
                  00004444    0000016c     libc.a : strtoull.c.obj (.text.strtoull)
                  000045b0    00000164     ti_msp_dl_config.o (.text.SYSCFG_DL_GPIO_init)
                  00004714    00000164     task1.o (.text.task1)
                  00004878    0000014c     motor.o (.text.PID_Calculate_Angle)
                  000049c4    00000144     encoder.o (.text.MEASURE_MOTORS_SPEED)
                  00004b08    00000144     libc.a : strtol.c.obj (.text.strtol)
                  00004c4c    0000013c            : _printfi.c.obj (.text.fcvt)
                  00004d88    0000012c            : strtoul.c.obj (.text.strtoul)
                  00004eb4    00000128     empty.o (.text.TIMA1_IRQHandler)
                  00004fdc    00000128     empty.o (.text.main)
                  00005104    00000120     libc.a : _printfi.c.obj (.text._pconv_e)
                  00005224    00000114            : memory.c.obj (.text.aligned_alloc)
                  00005338    00000114     test.o (.text.test_1)
                  0000544c    0000010c     lcd_init.o (.text.LCD_Address_Set)
                  00005558    0000010c     motor.o (.text.SET_MOTORS_SPEED)
                  00005664    0000010c     libclang_rt.builtins.a : divdf3.S.obj (.text.__divdf3)
                  00005770    00000108     motor.o (.text.PID_Calculate)
                  00005878    00000104     driverlib.a : dl_timer.o (.text.DL_Timer_initFourCCPWMMode)
                  0000597c    00000104     lcd_init.o (.text.LCD_WR_DATA)
                  00005a80    000000fc     driverlib.a : dl_timer.o (.text.DL_Timer_initTimerMode)
                  00005b7c    000000f8     libc.a : fputs.c.obj (.text.fputs)
                  00005c74    000000ec     test.o (.text.test_2)
                  00005d60    000000e8     libc.a : memory.c.obj (.text.free)
                  00005e48    000000e4     motor.o (.text.AdjustPIDParam)
                  00005f2c    000000e4     libclang_rt.builtins.a : muldf3.S.obj (.text.__muldf3)
                  00006010    000000e0     libc.a : setvbuf.c.obj (.text.setvbuf)
                  000060f0    000000d8            : s_scalbn.c.obj (.text.scalbn)
                  000061c8    000000d8     libclang_rt.builtins.a : addsf3.S.obj (.text)
                  000062a0    000000d4     ti_msp_dl_config.o (.text.SYSCFG_DL_PWM_Motor_init)
                  00006374    000000c0     imu.o (.text.HWT101_IRQHandler)
                  00006434    000000ac     encoder.o (.text.GROUP1_IRQHandler)
                  000064e0    000000a4     board.o (.text.usart3_send_bytes)
                  00006584    000000a2     libclang_rt.builtins.a : udivmoddi4.S.obj (.text)
                  00006626    00000002                            : aeabi_div0.c.obj (.text.__aeabi_idiv0)
                  00006628    0000009c     test.o (.text.display_grey_info)
                  000066c4    0000009a     libc.a : memcpy16.S.obj (.text:memcpy)
                  0000675e    00000002     libclang_rt.builtins.a : aeabi_div0.c.obj (.text.__aeabi_ldiv0)
                  00006760    0000008c                            : mulsf3.S.obj (.text.__mulsf3)
                  000067ec    0000008c     key.o (.text.get_key_state)
                  00006878    00000008     libc.a : _scanfi.c.obj (.text.OUTLINED_FUNCTION_0)
                  00006880    00000088            : strcmp-armv6m.S.obj (.text:strcmp)
                  00006908    00000082     libclang_rt.builtins.a : divsf3.S.obj (.text.__divsf3)
                  0000698a    00000002     libc.a : _lock.c.obj (.text._nop)
                  0000698c    0000007c     car_control.o (.text.Car_Tracing)
                  00006a08    0000007c     libc.a : fclose.c.obj (.text.__TI_closefile)
                  00006a84    0000007c     imu.o (.text.parse_angular_velocity)
                  00006b00    0000007c     libc.a : copy_decompress_lzss.c.obj (.text:decompress:lzss)
                  00006b7c    00000074     libclang_rt.builtins.a : comparedf2.c.obj (.text.__gedf2)
                  00006bf0    00000074                            : truncdfsf2.S.obj (.text.__truncdfsf2)
                  00006c64    00000074     libc.a : sscanf.c.obj (.text._chkmbc)
                  00006cd8    00000074     imu.o (.text.calibrate_z_axis_zero)
                  00006d4c    00000070     ti_msp_dl_config.o (.text.SYSCFG_DL_UART_0_init)
                  00006dbc    00000070     ti_msp_dl_config.o (.text.SYSCFG_DL_UART_1_init)
                  00006e2c    00000070     ti_msp_dl_config.o (.text.SYSCFG_DL_initPower)
                  00006e9c    0000006c     libsysbm.a : hostlseek.c.obj (.text.HOSTlseek)
                  00006f08    0000006c                : hostrename.c.obj (.text.HOSTrename)
                  00006f74    0000006c     ti_msp_dl_config.o (.text.SYSCFG_DL_UART_3_init)
                  00006fe0    0000006c     libc.a : fseek.c.obj (.text.fseeko)
                  0000704c    0000006c            : getdevice.c.obj (.text.getdevice)
                  000070b8    00000068     car_control.o (.text.Car_GoStraight)
                  00007120    00000068     libclang_rt.builtins.a : comparedf2.c.obj (.text.__ledf2)
                  00007188    00000066     libc.a : _printfi.c.obj (.text._mcpy)
                  000071ee    00000064            : _io_perm.c.obj (.text.__TI_wrt_ok)
                  00007252    00000002     task4.o (.text.task4)
                  00007254    00000064     libc.a : memory.c.obj (.text.split)
                  000072b8    00000064     task3.o (.text.task3)
                  0000731c    00000062     libclang_rt.builtins.a : aeabi_dcmp.S.obj (.text.__aeabi_dcmp)
                  0000737e    00000002     --HOLE-- [fill = 0]
                  00007380    00000062                            : aeabi_fcmp.S.obj (.text.__aeabi_fcmp)
                  000073e2    00000062     libc.a : memset16.S.obj (.text:memset)
                  00007444    00000060     libsysbm.a : hostopen.c.obj (.text.HOSTopen)
                  000074a4    0000005c     libc.a : s_frexp.c.obj (.text.frexp)
                  00007500    0000005c            : printf.c.obj (.text.printf)
                  0000755c    00000058     libsysbm.a : hostread.c.obj (.text.HOSTread)
                  000075b4    00000058                : hostwrite.c.obj (.text.HOSTwrite)
                  0000760c    00000058     libc.a : _ltoa.c.obj (.text.__TI_ltoa)
                  00007664    00000058            : _printfi.c.obj (.text._pconv_f)
                  000076bc    00000056     libclang_rt.builtins.a : aeabi_idivmod.S.obj (.text.__aeabi_idivmod)
                  00007712    00000002     --HOLE-- [fill = 0]
                  00007714    00000054     ti_msp_dl_config.o (.text.SYSCFG_DL_init)
                  00007768    00000052     libc.a : fflush.c.obj (.text.__TI_doflush)
                  000077ba    00000052            : _printfi.c.obj (.text._ecpy)
                  0000780c    00000050     ti_msp_dl_config.o (.text.SYSCFG_DL_TIMER_0_init)
                  0000785c    00000050     libsysbm.a : close.c.obj (.text.close)
                  000078ac    0000004c     motor.o (.text.motor_init)
                  000078f8    0000004a     lcd.o (.text.LCD_ShowString)
                  00007942    00000002     --HOLE-- [fill = 0]
                  00007944    0000004a     libclang_rt.builtins.a : fixdfsi.S.obj (.text.__fixdfsi)
                  0000798e    00000002     --HOLE-- [fill = 0]
                  00007990    00000048     driverlib.a : dl_uart.o (.text.DL_UART_init)
                  000079d8    00000048     libsysbm.a : hostclose.c.obj (.text.HOSTclose)
                  00007a20    00000048                : hostunlink.c.obj (.text.HOSTunlink)
                  00007a68    00000048     ti_msp_dl_config.o (.text.SYSCFG_DL_SPI_init)
                  00007ab0    00000048     motor.o (.text.SelectNextPID)
                  00007af8    00000044     driverlib.a : dl_spi.o (.text.DL_SPI_init)
                  00007b3c    00000042     libclang_rt.builtins.a : fixunsdfsi.S.obj (.text.__fixunsdfsi)
                  00007b7e    00000002     --HOLE-- [fill = 0]
                  00007b80    00000040                            : aeabi_uidivmod.S.obj (.text.__aeabi_uidivmod)
                  00007bc0    00000040                            : extendsfdf2.S.obj (.text.__extendsfdf2)
                  00007c00    00000040     libc.a : atoi.c.obj (.text.atoi)
                  00007c40    00000040     board.o (.text.delay_ms)
                  00007c80    0000003c     ti_msp_dl_config.o (.text.SYSCFG_DL_SYSCTL_init)
                  00007cbc    0000003c     libclang_rt.builtins.a : floatsisf.S.obj (.text.__floatsisf)
                  00007cf8    0000003c                            : comparesf2.S.obj (.text.__gtsf2)
                  00007d34    0000003c     libc.a : autoinit.c.obj (.text:__TI_auto_init_nobinit_nopinit)
                  00007d70    0000003a     libclang_rt.builtins.a : comparesf2.S.obj (.text.__eqsf2)
                  00007daa    00000002     --HOLE-- [fill = 0]
                  00007dac    0000003a                            : muldsi3.S.obj (.text.__muldsi3)
                  00007de6    00000002     --HOLE-- [fill = 0]
                  00007de8    00000038                            : fixsfsi.S.obj (.text.__fixsfsi)
                  00007e20    00000038     libc.a : sprintf.c.obj (.text.sprintf)
                  00007e58    00000034            : fopen.c.obj (.text.__TI_cleanup)
                  00007e8c    00000034     libsysbm.a : trgmsg.c.obj (.text.__TI_readmsg)
                  00007ec0    00000034                : trgmsg.c.obj (.text.__TI_writemsg)
                  00007ef4    00000034     board.o (.text.board_init)
                  00007f28    00000034     libc.a : exit.c.obj (.text.exit)
                  00007f5c    00000034            : getdevice.c.obj (.text.finddevice)
                  00007f90    00000034     board.o (.text.uart0_send_string)
                  00007fc4    00000030     driverlib.a : dl_uart.o (.text.DL_UART_transmitDataBlocking)
                  00007ff4    00000030     libc.a : _printfi.c.obj (.text._fcpy)
                  00008024    00000030            : sscanf.c.obj (.text.sscanf)
                  00008054    0000002c     libclang_rt.builtins.a : floatsidf.S.obj (.text.__floatsidf)
                  00008080    0000002c     encoder.o (.text.encoder_init)
                  000080ac    0000002c     imu.o (.text.parse_yaw)
                  000080d8    0000002c     libsysbm.a : unlink.c.obj (.text.unlink)
                  00008104    00000028     board.o (.text.UART0_IRQHandler)
                  0000812c    00000028     board.o (.text.UART1_IRQHandler)
                  00008154    00000028     libclang_rt.builtins.a : floatunsisf.S.obj (.text.__floatunsisf)
                  0000817c    00000028     libc.a : memory.c.obj (.text.free_list_insert)
                  000081a4    00000028     libsysbm.a : lseek.c.obj (.text.lseek)
                  000081cc    00000028                : write.c.obj (.text.write)
                  000081f4    00000028     libc.a : boot_cortex_m.c.obj (.text:_c_int00_noargs)
                  0000821c    00000024     car_control.o (.text.GoS_stop)
                  00008240    00000024     car_control.o (.text.Trc_stop)
                  00008264    00000024     libclang_rt.builtins.a : muldi3.S.obj (.text.__muldi3)
                  00008288    00000024     libc.a : fputs.c.obj (.text.puts)
                  000082ac    00000022            : memccpy.c.obj (.text.memccpy)
                  000082ce    00000002     --HOLE-- [fill = 0]
                  000082d0    00000020     board.o (.text.fputc)
                  000082f0    0000001e     libclang_rt.builtins.a : ashldi3.S.obj (.text.__ashldi3)
                  0000830e    00000002     --HOLE-- [fill = 0]
                  00008310    0000001c     driverlib.a : dl_timer.o (.text.DL_Timer_setCaptCompUpdateMethod)
                  0000832c    0000001c                 : dl_timer.o (.text.DL_Timer_setClockConfig)
                  00008348    0000001c     encoder.o (.text.Reset_Distance)
                  00008364    0000001c     ti_msp_dl_config.o (.text.SYSCFG_DL_SYSTICK_init)
                  00008380    0000001c     libc.a : memory.c.obj (.text.free_list_remove)
                  0000839c    00000018     driverlib.a : dl_timer.o (.text.DL_Timer_setCaptureCompareOutCtl)
                  000083b4    00000018     libc.a : sprintf.c.obj (.text._outs)
                  000083cc    00000014     motor.o (.text.SelectNextParam)
                  000083e0    00000014     libclang_rt.builtins.a : aeabi_uldivmod.S.obj (.text.__aeabi_uldivmod)
                  000083f4    00000014     libc.a : sscanf.c.obj (.text._inpchar)
                  00008408    00000014            : _printfi.c.obj (.text.strchr)
                  0000841c    00000012     driverlib.a : dl_spi.o (.text.DL_SPI_setClockConfig)
                  0000842e    00000012                 : dl_uart.o (.text.DL_UART_setClockConfig)
                  00008440    00000012     libc.a : copy_decompress_none.c.obj (.text:decompress:none)
                  00008452    00000002     --HOLE-- [fill = 0]
                  00008454    00000010     driverlib.a : dl_timer.o (.text.DL_Timer_setCaptureCompareValue)
                  00008464    00000010     libc.a : wcslen.c.obj (.text.wcslen)
                  00008474    00000010            : copy_zero_init.c.obj (.text:decompress:ZI)
                  00008484    0000000e            : memory.c.obj (.text.OUTLINED_FUNCTION_0)
                  00008492    0000000e            : _scanfi.c.obj (.text.OUTLINED_FUNCTION_1)
                  000084a0    0000000e            : _scanfi.c.obj (.text.OUTLINED_FUNCTION_2)
                  000084ae    0000000e            : _scanfi.c.obj (.text.OUTLINED_FUNCTION_4)
                  000084bc    0000000e     libclang_rt.builtins.a : aeabi_memset.S.obj (.text.__aeabi_memset)
                  000084ca    0000000e     libsysbm.a : hostrename.c.obj (.text.strcpy)
                  000084d8    0000000e     libc.a : _printfi.c.obj (.text.strlen)
                  000084e6    0000000e     libsysbm.a : hostrename.c.obj (.text.strlen)
                  000084f4    0000000c     libclang_rt.builtins.a : aeabi_memset.S.obj (.text.__aeabi_memclr)
                  00008500    0000000c     libc.a : memory.c.obj (.text.malloc)
                  0000850c    0000000a     driverlib.a : dl_common.o (.text.DL_Common_delayCycles)
                  00008516    0000000a     libc.a : _printfi.c.obj (.text.OUTLINED_FUNCTION_0)
                  00008520    00000010     libclang_rt.builtins.a : adddf3.S.obj (.tramp.__aeabi_dsub.1)
                  00008530    0000000a     libc.a : _printfi.c.obj (.text.OUTLINED_FUNCTION_1)
                  0000853a    0000000a            : sprintf.c.obj (.text._outc)
                  00008544    00000008            : strtod.c.obj (.text.OUTLINED_FUNCTION_0)
                  0000854c    00000008            : strtod.c.obj (.text.OUTLINED_FUNCTION_1)
                  00008554    00000010     libclang_rt.builtins.a : aeabi_dcmp.S.obj (.tramp.__aeabi_dcmpeq.1)
                  00008564    00000008     board.o (.text.UART3_IRQHandler)
                  0000856c    00000008     libc.a : aeabi_portable.c.obj (.text.__aeabi_errno_addr)
                  00008574    00000008     libclang_rt.builtins.a : aeabi_memcpy.S.obj (.text.__aeabi_memcpy)
                  0000857c    00000008     libc.a : printf.c.obj (.text._outc)
                  00008584    00000008            : printf.c.obj (.text._outs)
                  0000858c    00000008            : sscanf.c.obj (.text._uninpchar)
                  00008594    00000008            : fseek.c.obj (.text.fseek)
                  0000859c    00000008     libsysbm.a : remove.c.obj (.text.remove)
                  000085a4    00000006     libc.a : _scanfi.c.obj (.text.OUTLINED_FUNCTION_3)
                  000085aa    00000004     startup_mspm0g350x_ticlang.o (.text.Reset_Handler)
                  000085ae    00000004     libc.a : pre_init.c.obj (.text._system_pre_init)
                  000085b2    00000004            : exit.c.obj (.text:abort)
                  000085b6    0000000a     --HOLE-- [fill = 0]

.cinit     0    0000be70    000000f0     
                  0000be70    000000c8     (.cinit..data.load) [load image, compression = lzss]
                  0000bf38    0000000c     (__TI_handler_table)
                  0000bf44    00000008     (.cinit..bss.load) [load image, compression = zero_init]
                  0000bf4c    00000010     (__TI_cinit_table)
                  0000bf5c    00000004     --HOLE-- [fill = 0]

.rodata    0    000085c0    000038b0     
                  000085c0    000017c0     lcd.o (.rodata.ascii_3216)
                  00009d80    000011d0     lcd.o (.rodata.ascii_2412)
                  0000af50    000005f0     lcd.o (.rodata.ascii_1608)
                  0000b540    00000474     lcd.o (.rodata.ascii_1206)
                  0000b9b4    0000000b     empty.o (.rodata.str1.100506750686581518081)
                  0000b9bf    00000001     --HOLE-- [fill = 0]
                  0000b9c0    00000101     libc.a : aeabi_ctype.S.obj (.rodata:__aeabi_ctype_table_)
                  0000bac1    00000007            : _scanfi.c.obj (.rodata._sproc_int.flit)
                  0000bac8    00000080            : strtod.c.obj (.rodata.digits)
                  0000bb48    00000054     grey.o (.rodata.validPatterns)
                  0000bb9c    00000004     libc.a : _scanfi.c.obj (.rodata.str1.34035805897420309901)
                  0000bba0    00000048            : strtod.c.obj (.rodata.powerof10)
                  0000bbe8    00000027     motor.o (.rodata.str1.47284039029655912251)
                  0000bc0f    00000026     motor.o (.rodata.str1.123296714072350753461)
                  0000bc35    00000026     motor.o (.rodata.str1.28754211229150828561)
                  0000bc5b    00000025     motor.o (.rodata.str1.136714755741387084051)
                  0000bc80    0000001e     board.o (.rodata.str1.148837039339482489191)
                  0000bc9e    00000002     ti_msp_dl_config.o (.rodata.gSPI_clockConfig)
                  0000bca0    00000018     empty.o (.rodata..L__const.main.tasks)
                  0000bcb8    00000017     imu.o (.rodata.str1.55870813794690655491)
                  0000bccf    00000001     --HOLE-- [fill = 0]
                  0000bcd0    00000014     ti_msp_dl_config.o (.rodata.gTIMER_0TimerConfig)
                  0000bce4    00000014     imu.o (.rodata.str1.57076269558893564381)
                  0000bcf8    00000011     libc.a : _printfi.c.obj (.rodata.str1.103488685894817597201)
                  0000bd09    00000011     encoder.o (.rodata.str1.113757201813463094391)
                  0000bd1a    00000011     libc.a : _printfi.c.obj (.rodata.str1.153638888446227384661)
                  0000bd2b    00000010     motor.o (.rodata.str1.146180140383234456101)
                  0000bd3b    0000000e     task1.o (.rodata.str1.133991341622714745641)
                  0000bd49    0000000e     task2.o (.rodata.str1.86563168655672918801)
                  0000bd57    0000000d     motor.o (.rodata.str1.100376481735640202051)
                  0000bd64    0000000d     motor.o (.rodata.str1.114149271593487165101)
                  0000bd71    0000000d     motor.o (.rodata.str1.116344165588364939821)
                  0000bd7e    0000000b     empty.o (.rodata.str1.8167968867256355221)
                  0000bd89    00000001     --HOLE-- [fill = 0]
                  0000bd8a    0000000a     ti_msp_dl_config.o (.rodata.gSPI_config)
                  0000bd94    0000000a     ti_msp_dl_config.o (.rodata.gUART_0Config)
                  0000bd9e    0000000a     ti_msp_dl_config.o (.rodata.gUART_1Config)
                  0000bda8    0000000a     ti_msp_dl_config.o (.rodata.gUART_3Config)
                  0000bdb2    0000000a     motor.o (.rodata.str1.140196950383928878591)
                  0000bdbc    0000000a     test.o (.rodata.str1.16410097564491340021)
                  0000bdc6    00000009     test.o (.rodata.str1.125224614010762214301)
                  0000bdcf    00000009     libc.a : _scanfi.c.obj (.rodata.str1.129649842090332461501)
                  0000bdd8    00000009     motor.o (.rodata.str1.146414283920166944281)
                  0000bde1    00000009     k210_use.o (.rodata.str1.180878094737936496131)
                  0000bdea    00000009     motor.o (.rodata.str1.78200825165278921901)
                  0000bdf3    00000001     --HOLE-- [fill = 0]
                  0000bdf4    00000008     libc.a : _scanfi.c.obj (.rodata..L__const._sproc_float.special)
                  0000bdfc    00000008     ti_msp_dl_config.o (.rodata.gPWM_MotorConfig)
                  0000be04    00000008     test.o (.rodata.str1.165078185554927897851)
                  0000be0c    00000008     motor.o (.rodata.str1.4782500144315415771)
                  0000be14    00000007     test.o (.rodata.str1.13536787209332616471)
                  0000be1b    00000007     motor.o (.rodata.str1.160702630925628925241)
                  0000be22    00000007     empty.o (.rodata.str1.176633223477948356601)
                  0000be29    00000007     motor.o (.rodata.str1.27175941004563616461)
                  0000be30    00000007     test.o (.rodata.str1.60274457835361784721)
                  0000be37    00000007     motor.o (.rodata.str1.92371842709814631011)
                  0000be3e    00000006     libc.a : _scanfi.c.obj (.rodata._sproc_int.barr)
                  0000be44    00000006     task1.o (.rodata.str1.103772088774363796791)
                  0000be4a    00000006     task3.o (.rodata.str1.76464919076420350571)
                  0000be50    00000006     task2.o (.rodata.str1.81037821051669541201)
                  0000be56    00000003     ti_msp_dl_config.o (.rodata.gPWM_MotorClockConfig)
                  0000be59    00000003     ti_msp_dl_config.o (.rodata.gTIMER_0ClockConfig)
                  0000be5c    00000002     ti_msp_dl_config.o (.rodata.gUART_0ClockConfig)
                  0000be5e    00000002     ti_msp_dl_config.o (.rodata.gUART_1ClockConfig)
                  0000be60    00000002     ti_msp_dl_config.o (.rodata.gUART_3ClockConfig)
                  0000be62    00000002     libc.a : fputs.c.obj (.rodata.str1.166077212684151853901)
                  0000be64    0000000c     --HOLE-- [fill = 0]

.init_array 
*          0    00000000    00000000     UNINITIALIZED

.binit     0    00000000    00000000     

.sysmem    0    20200000    00001000     UNINITIALIZED
                  20200000    00000010     libc.a : memory.c.obj (.sysmem)
                  20200010    00000ff0     --HOLE--

.bss       0    20201000    00000438     UNINITIALIZED
                  20201000    00000120     libsysbm.a : trgmsg.c.obj (.bss:_CIOBUF_)
                  20201120    000000bc     (.common:gPWM_MotorBackup)
                  202011dc    000000bc     (.common:gTIMER_0Backup)
                  20201298    000000a0     libc.a : defs.c.obj (.bss.__TI_tmpnams)
                  20201338    00000032     (.common:data)
                  2020136a    00000001     (.common:Huidu_Error)
                  2020136b    00000001     (.common:Huidu_Flag)
                  2020136c    00000030     (.common:gUART_3Backup)
                  2020139c    0000002a     (.common:k210_msg)
                  202013c6    00000002     --HOLE--
                  202013c8    00000028     (.common:gSPIBackup)
                  202013f0    00000020     (.common:rx_buffer)
                  20201410    00000010     (.common:imu_data)
                  20201420    00000008     libsysbm.a : hostopen.c.obj (.bss.parmbuf)
                  20201428    00000004     libc.a : memory.c.obj (.bss.sys_free)
                  2020142c    00000004     (.common:k210_num)
                  20201430    00000004     (.common:light_x)
                  20201434    00000004     (.common:light_y)

.data      0    20201438    000003de     UNINITIALIZED
                  20201438    000000f0     libc.a : defs.c.obj (.data._ftable)
                  20201528    00000078     libsysbm.a : host_device.c.obj (.data._device)
                  202015a0    00000064     k210_use.o (.data.buf_msg)
                  20201604    00000050     libsysbm.a : host_device.c.obj (.data._stream)
                  20201654    00000038     motor.o (.data.pid_Angle)
                  2020168c    00000038     motor.o (.data.pid_Distance)
                  202016c4    00000038     motor.o (.data.pid_Gyro)
                  202016fc    00000038     motor.o (.data.pid_Motor1_Speed)
                  20201734    00000038     motor.o (.data.pid_Motor2_Speed)
                  2020176c    00000038     motor.o (.data.pid_Turn)
                  202017a4    00000008     libc.a : exit.c.obj (.data..L_MergedGlobals)
                  202017ac    00000004     car_control.o (.data.Distance_limit)
                  202017b0    00000004     car_control.o (.data.GoStraight_speed)
                  202017b4    00000004     encoder.o (.data.Measure_Distance)
                  202017b8    00000004     encoder.o (.data.Motor1_Lucheng)
                  202017bc    00000004     encoder.o (.data.Motor1_Speed)
                  202017c0    00000004     encoder.o (.data.Motor2_Lucheng)
                  202017c4    00000004     encoder.o (.data.Motor2_Speed)
                  202017c8    00000004     car_control.o (.data.Target_Angle)
                  202017cc    00000004     car_control.o (.data.Target_Gyro)
                  202017d0    00000004     car_control.o (.data.Tracing_speed)
                  202017d4    00000004     imu.o (.data.Z_Gyro)
                  202017d8    00000004     libc.a : defs.c.obj (.data.__TI_ft_end)
                  202017dc    00000004            : aeabi_portable.c.obj (.data.__aeabi_errno)
                  202017e0    00000004            : _lock.c.obj (.data._lock)
                  202017e4    00000004            : _lock.c.obj (.data._unlock)
                  202017e8    00000004     motor.o (.data.current_pid)
                  202017ec    00000004     encoder.o (.data.gEncoderCount_L)
                  202017f0    00000004     encoder.o (.data.gEncoderCount_R)
                  202017f4    00000004     car_control.o (.data.tracing_duration_ms)
                  202017f8    00000004     car_control.o (.data.tracing_timer_count)
                  202017fc    00000002     empty.o (.data.TIMA1_IRQHandler.alarm_timer_count)
                  202017fe    00000002     empty.o (.data.TIMA1_IRQHandler.count_100ms)
                  20201800    00000002     empty.o (.data.TIMA1_IRQHandler.count_10ms)
                  20201802    00000002     k210_use.o (.data.buf_crc)
                  20201804    00000001     car_control.o (.data.Car_GoStraight_flag)
                  20201805    00000001     car_control.o (.data.Car_Tracing_flag)
                  20201806    00000001     grey.o (.data.Huidu_Target)
                  20201807    00000001     board.o (.data.alarm_enabled)
                  20201808    00000001     k210_use.o (.data.buf_len)
                  20201809    00000001     motor.o (.data.current_param)
                  2020180a    00000001     imu.o (.data.frame_started)
                  2020180b    00000001     k210_use.o (.data.len_flag)
                  2020180c    00000001     libc.a : memory.c.obj (.data.memory_is_initialized)
                  2020180d    00000001     k210_use.o (.data.new_flag)
                  2020180e    00000001     board.o (.data.page_flag)
                  2020180f    00000001     motor.o (.data.pid_page)
                  20201810    00000001     k210_use.o (.data.r_index)
                  20201811    00000001     board.o (.data.receivedData)
                  20201812    00000001     imu.o (.data.rx_index)
                  20201813    00000001     k210_use.o (.data.tou_flag)
                  20201814    00000001     car_control.o (.data.tracing_enabled)
                  20201815    00000001     board.o (.data.uart_data)

.stack     0    20207e00    00000200     UNINITIALIZED
                  20207e00    00000004     libc.a : boot_cortex_m.c.obj (.stack)
                  20207e04    000001fc     --HOLE--

__llvm_prf_cnts 
*          0    20200000    00000000     UNINITIALIZED

__llvm_prf_bits 
*          0    20200000    00000000     UNINITIALIZED

MODULE SUMMARY

       Module                         code    ro data   rw data
       ------                         ----    -------   -------
    .\
       ti_msp_dl_config.o             1336    82        464    
       empty.o                        592     53        6      
       board.o                        452     30        4      
       startup_mspm0g350x_ticlang.o   6       192       0      
    +--+------------------------------+-------+---------+---------+
       Total:                         2386    357       474    
                                                               
    .\BSP\
       lcd.o                          1802    13300     0      
       lcd_init.o                     5304    0         0      
       motor.o                        1764    264       342    
       k210_use.o                     992     9         211    
       test.o                         668     41        0      
       encoder.o                      568     17        28     
       imu.o                          476     43        54     
       grey.o                         468     84        3      
       task2.o                        412     20        0      
       task1.o                        356     20        0      
       car_control.o                  300     0         31     
       key.o                          140     0         0      
       task3.o                        100     6         0      
       task4.o                        2       0         0      
    +--+------------------------------+-------+---------+---------+
       Total:                         13352   13804     669    
                                                               
    C:/ti/mspm0_sdk_2_10_00_04/source/ti/driverlib/lib/ticlang/m0p/mspm0g1x0x_g3x0x/driverlib.a
       dl_timer.o                     608     0         0      
       dl_uart.o                      138     0         0      
       dl_spi.o                       86      0         0      
       dl_common.o                    10      0         0      
    +--+------------------------------+-------+---------+---------+
       Total:                         842     0         0      
                                                               
    C:\ti\ccstheia151\ccs\tools\compiler\ti-cgt-armllvm_4.0.0.LTS\lib\armv6m-ti-none-eabi/c/libc.a
       _printfi.c.obj                 4510    34        0      
       _scanfi.c.obj                  3092    34        0      
       strtod.c.obj                   968     200       0      
       memory.c.obj                   702     0         5      
       strtoll.c.obj                  480     0         0      
       defs.c.obj                     0       0         404    
       strtoull.c.obj                 364     0         0      
       strtol.c.obj                   324     0         0      
       strtoul.c.obj                  300     0         0      
       fputs.c.obj                    284     2         0      
       aeabi_ctype.S.obj              0       257       0      
       setvbuf.c.obj                  224     0         0      
       s_scalbn.c.obj                 216     0         0      
       sscanf.c.obj                   192     0         0      
       getdevice.c.obj                160     0         0      
       memcpy16.S.obj                 154     0         0      
       strcmp-armv6m.S.obj            136     0         0      
       copy_decompress_lzss.c.obj     124     0         0      
       fclose.c.obj                   124     0         0      
       fseek.c.obj                    116     0         0      
       printf.c.obj                   108     0         0      
       _io_perm.c.obj                 100     0         0      
       memset16.S.obj                 98      0         0      
       s_frexp.c.obj                  92      0         0      
       sprintf.c.obj                  90      0         0      
       _ltoa.c.obj                    88      0         0      
       fflush.c.obj                   82      0         0      
       atoi.c.obj                     64      0         0      
       exit.c.obj                     56      0         8      
       autoinit.c.obj                 60      0         0      
       fopen.c.obj                    52      0         0      
       boot_cortex_m.c.obj            40      0         0      
       memccpy.c.obj                  34      0         0      
       copy_decompress_none.c.obj     18      0         0      
       copy_zero_init.c.obj           16      0         0      
       wcslen.c.obj                   16      0         0      
       aeabi_portable.c.obj           8       0         4      
       _lock.c.obj                    2       0         8      
       pre_init.c.obj                 4       0         0      
    +--+------------------------------+-------+---------+---------+
       Total:                         13498   527       429    
                                                               
    C:\ti\ccstheia151\ccs\tools\compiler\ti-cgt-armllvm_4.0.0.LTS\lib\armv6m-ti-none-eabi/c/libsysbm.a
       trgmsg.c.obj                   104     0         288    
       host_device.c.obj              0       0         200    
       hostrename.c.obj               136     0         0      
       hostlseek.c.obj                108     0         0      
       hostopen.c.obj                 96      0         8      
       hostread.c.obj                 88      0         0      
       hostwrite.c.obj                88      0         0      
       close.c.obj                    80      0         0      
       hostclose.c.obj                72      0         0      
       hostunlink.c.obj               72      0         0      
       unlink.c.obj                   44      0         0      
       lseek.c.obj                    40      0         0      
       write.c.obj                    40      0         0      
       remove.c.obj                   8       0         0      
    +--+------------------------------+-------+---------+---------+
       Total:                         976     0         496    
                                                               
    C:\ti\ccstheia151\ccs\tools\compiler\ti-cgt-armllvm_4.0.0.LTS\lib\armv6m-ti-none-eabi/libclang_rt.builtins.a
       adddf3.S.obj                   418     0         0      
       divdf3.S.obj                   268     0         0      
       muldf3.S.obj                   228     0         0      
       comparedf2.c.obj               220     0         0      
       addsf3.S.obj                   216     0         0      
       udivmoddi4.S.obj               162     0         0      
       mulsf3.S.obj                   140     0         0      
       divsf3.S.obj                   130     0         0      
       comparesf2.S.obj               118     0         0      
       truncdfsf2.S.obj               116     0         0      
       aeabi_dcmp.S.obj               114     0         0      
       aeabi_fcmp.S.obj               98      0         0      
       aeabi_idivmod.S.obj            86      0         0      
       fixdfsi.S.obj                  74      0         0      
       fixunsdfsi.S.obj               66      0         0      
       aeabi_uidivmod.S.obj           64      0         0      
       extendsfdf2.S.obj              64      0         0      
       floatsisf.S.obj                60      0         0      
       muldsi3.S.obj                  58      0         0      
       fixsfsi.S.obj                  56      0         0      
       floatsidf.S.obj                44      0         0      
       floatunsisf.S.obj              40      0         0      
       muldi3.S.obj                   36      0         0      
       ashldi3.S.obj                  30      0         0      
       aeabi_memset.S.obj             26      0         0      
       aeabi_uldivmod.S.obj           20      0         0      
       aeabi_memcpy.S.obj             8       0         0      
       aeabi_div0.c.obj               4       0         0      
    +--+------------------------------+-------+---------+---------+
       Total:                         2964    0         0      
                                                               
       Heap:                          0       0         4096   
       Stack:                         0       0         512    
       Linker Generated:              0       236       0      
    +--+------------------------------+-------+---------+---------+
       Grand Total:                   34018   14924     6676   


LINKER GENERATED COPY TABLES

__TI_cinit_table @ 0000bf4c records: 2, size/record: 8, table size: 16
	.data: load addr=0000be70, load size=000000c8 bytes, run addr=20201438, run size=000003de bytes, compression=lzss
	.bss: load addr=0000bf44, load size=00000008 bytes, run addr=20201000, run size=00000438 bytes, compression=zero_init


LINKER GENERATED HANDLER TABLE

__TI_handler_table @ 0000bf38 records: 3, size/record: 4, table size: 12
	index: 0, handler: __TI_decompress_lzss
	index: 1, handler: __TI_decompress_none
	index: 2, handler: __TI_zero_init


FAR CALL TRAMPOLINES

callee name               trampoline name
   callee addr  tramp addr   call addr  call info
--------------  -----------  ---------  ----------------
__aeabi_dsub              $Tramp$TT$L$PI$$__aeabi_dsub
   000042b1     00008520     0000851e   libc.a : _printfi.c.obj (.text.OUTLINED_FUNCTION_0)
__aeabi_dcmpeq            $Tramp$TT$L$PI$$__aeabi_dcmpeq
   0000731d     00008554     00008552   libc.a : strtod.c.obj (.text.OUTLINED_FUNCTION_1)

[2 trampolines]
[2 trampoline calls]


GLOBAL SYMBOLS: SORTED ALPHABETICALLY BY Name 

address   name                            
-------   ----                            
00004443  ADC0_IRQHandler                 
00004443  ADC1_IRQHandler                 
00004443  AES_IRQHandler                  
00005e49  AdjustPIDParam                  
000085b2  C$$EXIT                         
00007eed  C$$IO$$                         
00004443  CANFD0_IRQHandler               
000070b9  Car_GoStraight                  
20201804  Car_GoStraight_flag             
0000698d  Car_Tracing                     
20201805  Car_Tracing_flag                
00004443  DAC0_IRQHandler                 
0000850d  DL_Common_delayCycles           
00007af9  DL_SPI_init                     
0000841d  DL_SPI_setClockConfig           
00005879  DL_Timer_initFourCCPWMMode      
00005a81  DL_Timer_initTimerMode          
00008311  DL_Timer_setCaptCompUpdateMethod
0000839d  DL_Timer_setCaptureCompareOutCtl
00008455  DL_Timer_setCaptureCompareValue 
0000832d  DL_Timer_setClockConfig         
00007991  DL_UART_init                    
0000842f  DL_UART_setClockConfig          
00007fc5  DL_UART_transmitDataBlocking    
00004443  DMA_IRQHandler                  
00004443  Default_Handler                 
000037d1  DisplayPIDInfo                  
202017ac  Distance_limit                  
00004443  GROUP0_IRQHandler               
00006435  GROUP1_IRQHandler               
00003d85  Get_Huidu                       
0000821d  GoS_stop                        
202017b0  GoStraight_speed                
000079d9  HOSTclose                       
00006e9d  HOSTlseek                       
00007445  HOSTopen                        
0000755d  HOSTread                        
00006f09  HOSTrename                      
00007a21  HOSTunlink                      
000075b5  HOSTwrite                       
00006375  HWT101_IRQHandler               
00004443  HardFault_Handler               
2020136a  Huidu_Error                     
2020136b  Huidu_Flag                      
20201806  Huidu_Target                    
00004443  I2C0_IRQHandler                 
00004443  I2C1_IRQHandler                 
0000544d  LCD_Address_Set                 
000030cd  LCD_Fill                        
000000c1  LCD_Init                        
00002915  LCD_ShowChar                    
000078f9  LCD_ShowString                  
0000597d  LCD_WR_DATA                     
000049c5  MEASURE_MOTORS_SPEED            
202017b4  Measure_Distance                
202017b8  Motor1_Lucheng                  
202017bc  Motor1_Speed                    
202017c0  Motor2_Lucheng                  
202017c4  Motor2_Speed                    
00004443  NMI_Handler                     
00005771  PID_Calculate                   
00004879  PID_Calculate_Angle             
00004443  PendSV_Handler                  
00004443  RTC_IRQHandler                  
00008349  Reset_Distance                  
000085ab  Reset_Handler                   
00005559  SET_MOTORS_SPEED                
00004443  SPI0_IRQHandler                 
00004443  SPI1_IRQHandler                 
00004443  SVC_Handler                     
000045b1  SYSCFG_DL_GPIO_init             
000062a1  SYSCFG_DL_PWM_Motor_init        
00007a69  SYSCFG_DL_SPI_init              
00007c81  SYSCFG_DL_SYSCTL_init           
00008365  SYSCFG_DL_SYSTICK_init          
0000780d  SYSCFG_DL_TIMER_0_init          
00006d4d  SYSCFG_DL_UART_0_init           
00006dbd  SYSCFG_DL_UART_1_init           
00006f75  SYSCFG_DL_UART_3_init           
00007715  SYSCFG_DL_init                  
00006e2d  SYSCFG_DL_initPower             
00007ab1  SelectNextPID                   
000083cd  SelectNextParam                 
00004443  SysTick_Handler                 
00004443  TIMA0_IRQHandler                
00004eb5  TIMA1_IRQHandler                
00004443  TIMG0_IRQHandler                
00004443  TIMG12_IRQHandler               
00004443  TIMG6_IRQHandler                
00004443  TIMG7_IRQHandler                
00004443  TIMG8_IRQHandler                
202017c8  Target_Angle                    
202017cc  Target_Gyro                     
202017d0  Tracing_speed                   
00008241  Trc_stop                        
00008105  UART0_IRQHandler                
0000812d  UART1_IRQHandler                
00004443  UART2_IRQHandler                
00008565  UART3_IRQHandler                
202017d4  Z_Gyro                          
20201000  _CIOBUF_                        
20201000  __CIOBUF_                       
20208000  __STACK_END                     
00000200  __STACK_SIZE                    
00001000  __SYSMEM_SIZE                   
00000000  __TI_ATRegion0_region_sz        
00000000  __TI_ATRegion0_src_addr         
00000000  __TI_ATRegion0_trg_addr         
00000000  __TI_ATRegion1_region_sz        
00000000  __TI_ATRegion1_src_addr         
00000000  __TI_ATRegion1_trg_addr         
00000000  __TI_ATRegion2_region_sz        
00000000  __TI_ATRegion2_src_addr         
00000000  __TI_ATRegion2_trg_addr         
0000bf4c  __TI_CINIT_Base                 
0000bf5c  __TI_CINIT_Limit                
0000bf5c  __TI_CINIT_Warm                 
0000bf38  __TI_Handler_Table_Base         
0000bf44  __TI_Handler_Table_Limit        
00007d35  __TI_auto_init_nobinit_nopinit  
00007e59  __TI_cleanup                    
202017a4  __TI_cleanup_ptr                
00006a09  __TI_closefile                  
00006b01  __TI_decompress_lzss            
00008441  __TI_decompress_none            
00007769  __TI_doflush                    
202017a8  __TI_dtors_ptr                  
202017d8  __TI_ft_end                     
0000760d  __TI_ltoa                       
ffffffff  __TI_pprof_out_hndl             
00001f45  __TI_printfi                    
ffffffff  __TI_prof_data_size             
ffffffff  __TI_prof_data_start            
00007e8d  __TI_readmsg                    
00001369  __TI_scanfi                     
00000000  __TI_static_base__              
20201298  __TI_tmpnams                    
00007ec1  __TI_writemsg                   
000071ef  __TI_wrt_ok                     
00008475  __TI_zero_init                  
000042bb  __adddf3                        
000061d3  __addsf3                        
0000b9c0  __aeabi_ctype_table_            
0000b9c0  __aeabi_ctype_table_C           
00006bf1  __aeabi_d2f                     
00007945  __aeabi_d2iz                    
00007b3d  __aeabi_d2uiz                   
000042bb  __aeabi_dadd                    
0000731d  __aeabi_dcmpeq                  
00007359  __aeabi_dcmpge                  
0000736d  __aeabi_dcmpgt                  
00007345  __aeabi_dcmple                  
00007331  __aeabi_dcmplt                  
00005665  __aeabi_ddiv                    
00005f2d  __aeabi_dmul                    
000042b1  __aeabi_dsub                    
202017dc  __aeabi_errno                   
0000856d  __aeabi_errno_addr              
00007bc1  __aeabi_f2d                     
00007de9  __aeabi_f2iz                    
000061d3  __aeabi_fadd                    
00007381  __aeabi_fcmpeq                  
000073bd  __aeabi_fcmpge                  
000073d1  __aeabi_fcmpgt                  
000073a9  __aeabi_fcmple                  
00007395  __aeabi_fcmplt                  
00006909  __aeabi_fdiv                    
00006761  __aeabi_fmul                    
000061c9  __aeabi_fsub                    
00008055  __aeabi_i2d                     
00007cbd  __aeabi_i2f                     
000076bd  __aeabi_idiv                    
00006627  __aeabi_idiv0                   
000076bd  __aeabi_idivmod                 
0000675f  __aeabi_ldiv0                   
000082f1  __aeabi_llsl                    
00008265  __aeabi_lmul                    
000084f5  __aeabi_memclr                  
000084f5  __aeabi_memclr4                 
000084f5  __aeabi_memclr8                 
00008575  __aeabi_memcpy                  
00008575  __aeabi_memcpy4                 
00008575  __aeabi_memcpy8                 
000084bd  __aeabi_memset                  
000084bd  __aeabi_memset4                 
000084bd  __aeabi_memset8                 
00008155  __aeabi_ui2f                    
00007b81  __aeabi_uidiv                   
00007b81  __aeabi_uidivmod                
000083e1  __aeabi_uldivmod                
000082f1  __ashldi3                       
ffffffff  __binit__                       
00007121  __cmpdf2                        
00007d71  __cmpsf2                        
00005665  __divdf3                        
00006909  __divsf3                        
00007121  __eqdf2                         
00007d71  __eqsf2                         
00007bc1  __extendsfdf2                   
00007945  __fixdfsi                       
00007de9  __fixsfsi                       
00007b3d  __fixunsdfsi                    
00008055  __floatsidf                     
00007cbd  __floatsisf                     
00008155  __floatunsisf                   
00006b7d  __gedf2                         
00007cf9  __gesf2                         
00006b7d  __gtdf2                         
00007cf9  __gtsf2                         
00007121  __ledf2                         
00007d71  __lesf2                         
00007121  __ltdf2                         
00007d71  __ltsf2                         
UNDEFED   __mpu_init                      
00005f2d  __muldf3                        
00008265  __muldi3                        
00007dad  __muldsi3                       
00006761  __mulsf3                        
00007121  __nedf2                         
00007d71  __nesf2                         
20207e00  __stack                         
20200000  __start___llvm_prf_bits         
20200000  __start___llvm_prf_cnts         
20200000  __stop___llvm_prf_bits          
20200000  __stop___llvm_prf_cnts          
000042b1  __subdf3                        
000061c9  __subsf3                        
00006bf1  __truncdfsf2                    
00006585  __udivmoddi4                    
000081f5  _c_int00_noargs                 
20201528  _device                         
20201438  _ftable                         
202017e0  _lock                           
0000698b  _nop                            
20201604  _stream                         
20200000  _sys_memory                     
UNDEFED   _system_post_cinit              
000085af  _system_pre_init                
202017e4  _unlock                         
000085b3  abort                           
20201807  alarm_enabled                   
00005225  aligned_alloc                   
0000b540  ascii_1206                      
0000af50  ascii_1608                      
00009d80  ascii_2412                      
000085c0  ascii_3216                      
00007c01  atoi                            
ffffffff  binit                           
00007ef5  board_init                      
20201802  buf_crc                         
20201808  buf_len                         
202015a0  buf_msg                         
00006cd9  calibrate_z_axis_zero           
0000785d  close                           
20201809  current_param                   
202017e8  current_pid                     
20201338  data                            
0000338d  deal_data                       
00007c41  delay_ms                        
00006629  display_grey_info               
00008081  encoder_init                    
00007f29  exit                            
00007f5d  finddevice                      
000082d1  fputc                           
00005b7d  fputs                           
2020180a  frame_started                   
00005d61  free                            
000074a5  frexp                           
000074a5  frexpl                          
00008595  fseek                           
00006fe1  fseeko                          
202017ec  gEncoderCount_L                 
202017f0  gEncoderCount_R                 
20201120  gPWM_MotorBackup                
202013c8  gSPIBackup                      
202011dc  gTIMER_0Backup                  
2020136c  gUART_3Backup                   
000067ed  get_key_state                   
0000704d  getdevice                       
20201410  imu_data                        
00000000  interruptVectors                
2020139c  k210_msg                        
2020142c  k210_num                        
000060f1  ldexp                           
000060f1  ldexpl                          
2020180b  len_flag                        
20201430  light_x                         
20201434  light_y                         
000081a5  lseek                           
00004fdd  main                            
00008501  malloc                          
00005225  memalign                        
000082ad  memccpy                         
000066c5  memcpy                          
000073e3  memset                          
000078ad  motor_init                      
2020180d  new_flag                        
2020180e  page_flag                       
20201420  parmbuf                         
00006a85  parse_angular_velocity          
000080ad  parse_yaw                       
20201654  pid_Angle                       
2020168c  pid_Distance                    
202016c4  pid_Gyro                        
202016fc  pid_Motor1_Speed                
20201734  pid_Motor2_Speed                
2020176c  pid_Turn                        
2020180f  pid_page                        
00007501  printf                          
00008289  puts                            
20201810  r_index                         
20201811  receivedData                    
00003f59  recv_k210msg                    
0000859d  remove                          
202013f0  rx_buffer                       
20201812  rx_index                        
000060f1  scalbn                          
000060f1  scalbnl                         
00006011  setvbuf                         
00007e21  sprintf                         
00008025  sscanf                          
00006881  strcmp                          
00002d15  strtod                          
00004b09  strtol                          
00002d15  strtold                         
000039c9  strtoll                         
00004d89  strtoul                         
00004445  strtoull                        
00004715  task1                           
00004115  task2                           
000072b9  task3                           
00007253  task4                           
00005339  test_1                          
00005c75  test_2                          
20201813  tou_flag                        
202017f4  tracing_duration_ms             
20201814  tracing_enabled                 
202017f8  tracing_timer_count             
00007f91  uart0_send_string               
20201815  uart_data                       
000080d9  unlink                          
000064e1  usart3_send_bytes               
00008465  wcslen                          
000081cd  write                           


GLOBAL SYMBOLS: SORTED BY Symbol Address 

address   name                            
-------   ----                            
00000000  __TI_ATRegion0_region_sz        
00000000  __TI_ATRegion0_src_addr         
00000000  __TI_ATRegion0_trg_addr         
00000000  __TI_ATRegion1_region_sz        
00000000  __TI_ATRegion1_src_addr         
00000000  __TI_ATRegion1_trg_addr         
00000000  __TI_ATRegion2_region_sz        
00000000  __TI_ATRegion2_src_addr         
00000000  __TI_ATRegion2_trg_addr         
00000000  __TI_static_base__              
00000000  interruptVectors                
000000c1  LCD_Init                        
00000200  __STACK_SIZE                    
00001000  __SYSMEM_SIZE                   
00001369  __TI_scanfi                     
00001f45  __TI_printfi                    
00002915  LCD_ShowChar                    
00002d15  strtod                          
00002d15  strtold                         
000030cd  LCD_Fill                        
0000338d  deal_data                       
000037d1  DisplayPIDInfo                  
000039c9  strtoll                         
00003d85  Get_Huidu                       
00003f59  recv_k210msg                    
00004115  task2                           
000042b1  __aeabi_dsub                    
000042b1  __subdf3                        
000042bb  __adddf3                        
000042bb  __aeabi_dadd                    
00004443  ADC0_IRQHandler                 
00004443  ADC1_IRQHandler                 
00004443  AES_IRQHandler                  
00004443  CANFD0_IRQHandler               
00004443  DAC0_IRQHandler                 
00004443  DMA_IRQHandler                  
00004443  Default_Handler                 
00004443  GROUP0_IRQHandler               
00004443  HardFault_Handler               
00004443  I2C0_IRQHandler                 
00004443  I2C1_IRQHandler                 
00004443  NMI_Handler                     
00004443  PendSV_Handler                  
00004443  RTC_IRQHandler                  
00004443  SPI0_IRQHandler                 
00004443  SPI1_IRQHandler                 
00004443  SVC_Handler                     
00004443  SysTick_Handler                 
00004443  TIMA0_IRQHandler                
00004443  TIMG0_IRQHandler                
00004443  TIMG12_IRQHandler               
00004443  TIMG6_IRQHandler                
00004443  TIMG7_IRQHandler                
00004443  TIMG8_IRQHandler                
00004443  UART2_IRQHandler                
00004445  strtoull                        
000045b1  SYSCFG_DL_GPIO_init             
00004715  task1                           
00004879  PID_Calculate_Angle             
000049c5  MEASURE_MOTORS_SPEED            
00004b09  strtol                          
00004d89  strtoul                         
00004eb5  TIMA1_IRQHandler                
00004fdd  main                            
00005225  aligned_alloc                   
00005225  memalign                        
00005339  test_1                          
0000544d  LCD_Address_Set                 
00005559  SET_MOTORS_SPEED                
00005665  __aeabi_ddiv                    
00005665  __divdf3                        
00005771  PID_Calculate                   
00005879  DL_Timer_initFourCCPWMMode      
0000597d  LCD_WR_DATA                     
00005a81  DL_Timer_initTimerMode          
00005b7d  fputs                           
00005c75  test_2                          
00005d61  free                            
00005e49  AdjustPIDParam                  
00005f2d  __aeabi_dmul                    
00005f2d  __muldf3                        
00006011  setvbuf                         
000060f1  ldexp                           
000060f1  ldexpl                          
000060f1  scalbn                          
000060f1  scalbnl                         
000061c9  __aeabi_fsub                    
000061c9  __subsf3                        
000061d3  __addsf3                        
000061d3  __aeabi_fadd                    
000062a1  SYSCFG_DL_PWM_Motor_init        
00006375  HWT101_IRQHandler               
00006435  GROUP1_IRQHandler               
000064e1  usart3_send_bytes               
00006585  __udivmoddi4                    
00006627  __aeabi_idiv0                   
00006629  display_grey_info               
000066c5  memcpy                          
0000675f  __aeabi_ldiv0                   
00006761  __aeabi_fmul                    
00006761  __mulsf3                        
000067ed  get_key_state                   
00006881  strcmp                          
00006909  __aeabi_fdiv                    
00006909  __divsf3                        
0000698b  _nop                            
0000698d  Car_Tracing                     
00006a09  __TI_closefile                  
00006a85  parse_angular_velocity          
00006b01  __TI_decompress_lzss            
00006b7d  __gedf2                         
00006b7d  __gtdf2                         
00006bf1  __aeabi_d2f                     
00006bf1  __truncdfsf2                    
00006cd9  calibrate_z_axis_zero           
00006d4d  SYSCFG_DL_UART_0_init           
00006dbd  SYSCFG_DL_UART_1_init           
00006e2d  SYSCFG_DL_initPower             
00006e9d  HOSTlseek                       
00006f09  HOSTrename                      
00006f75  SYSCFG_DL_UART_3_init           
00006fe1  fseeko                          
0000704d  getdevice                       
000070b9  Car_GoStraight                  
00007121  __cmpdf2                        
00007121  __eqdf2                         
00007121  __ledf2                         
00007121  __ltdf2                         
00007121  __nedf2                         
000071ef  __TI_wrt_ok                     
00007253  task4                           
000072b9  task3                           
0000731d  __aeabi_dcmpeq                  
00007331  __aeabi_dcmplt                  
00007345  __aeabi_dcmple                  
00007359  __aeabi_dcmpge                  
0000736d  __aeabi_dcmpgt                  
00007381  __aeabi_fcmpeq                  
00007395  __aeabi_fcmplt                  
000073a9  __aeabi_fcmple                  
000073bd  __aeabi_fcmpge                  
000073d1  __aeabi_fcmpgt                  
000073e3  memset                          
00007445  HOSTopen                        
000074a5  frexp                           
000074a5  frexpl                          
00007501  printf                          
0000755d  HOSTread                        
000075b5  HOSTwrite                       
0000760d  __TI_ltoa                       
000076bd  __aeabi_idiv                    
000076bd  __aeabi_idivmod                 
00007715  SYSCFG_DL_init                  
00007769  __TI_doflush                    
0000780d  SYSCFG_DL_TIMER_0_init          
0000785d  close                           
000078ad  motor_init                      
000078f9  LCD_ShowString                  
00007945  __aeabi_d2iz                    
00007945  __fixdfsi                       
00007991  DL_UART_init                    
000079d9  HOSTclose                       
00007a21  HOSTunlink                      
00007a69  SYSCFG_DL_SPI_init              
00007ab1  SelectNextPID                   
00007af9  DL_SPI_init                     
00007b3d  __aeabi_d2uiz                   
00007b3d  __fixunsdfsi                    
00007b81  __aeabi_uidiv                   
00007b81  __aeabi_uidivmod                
00007bc1  __aeabi_f2d                     
00007bc1  __extendsfdf2                   
00007c01  atoi                            
00007c41  delay_ms                        
00007c81  SYSCFG_DL_SYSCTL_init           
00007cbd  __aeabi_i2f                     
00007cbd  __floatsisf                     
00007cf9  __gesf2                         
00007cf9  __gtsf2                         
00007d35  __TI_auto_init_nobinit_nopinit  
00007d71  __cmpsf2                        
00007d71  __eqsf2                         
00007d71  __lesf2                         
00007d71  __ltsf2                         
00007d71  __nesf2                         
00007dad  __muldsi3                       
00007de9  __aeabi_f2iz                    
00007de9  __fixsfsi                       
00007e21  sprintf                         
00007e59  __TI_cleanup                    
00007e8d  __TI_readmsg                    
00007ec1  __TI_writemsg                   
00007eed  C$$IO$$                         
00007ef5  board_init                      
00007f29  exit                            
00007f5d  finddevice                      
00007f91  uart0_send_string               
00007fc5  DL_UART_transmitDataBlocking    
00008025  sscanf                          
00008055  __aeabi_i2d                     
00008055  __floatsidf                     
00008081  encoder_init                    
000080ad  parse_yaw                       
000080d9  unlink                          
00008105  UART0_IRQHandler                
0000812d  UART1_IRQHandler                
00008155  __aeabi_ui2f                    
00008155  __floatunsisf                   
000081a5  lseek                           
000081cd  write                           
000081f5  _c_int00_noargs                 
0000821d  GoS_stop                        
00008241  Trc_stop                        
00008265  __aeabi_lmul                    
00008265  __muldi3                        
00008289  puts                            
000082ad  memccpy                         
000082d1  fputc                           
000082f1  __aeabi_llsl                    
000082f1  __ashldi3                       
00008311  DL_Timer_setCaptCompUpdateMethod
0000832d  DL_Timer_setClockConfig         
00008349  Reset_Distance                  
00008365  SYSCFG_DL_SYSTICK_init          
0000839d  DL_Timer_setCaptureCompareOutCtl
000083cd  SelectNextParam                 
000083e1  __aeabi_uldivmod                
0000841d  DL_SPI_setClockConfig           
0000842f  DL_UART_setClockConfig          
00008441  __TI_decompress_none            
00008455  DL_Timer_setCaptureCompareValue 
00008465  wcslen                          
00008475  __TI_zero_init                  
000084bd  __aeabi_memset                  
000084bd  __aeabi_memset4                 
000084bd  __aeabi_memset8                 
000084f5  __aeabi_memclr                  
000084f5  __aeabi_memclr4                 
000084f5  __aeabi_memclr8                 
00008501  malloc                          
0000850d  DL_Common_delayCycles           
00008565  UART3_IRQHandler                
0000856d  __aeabi_errno_addr              
00008575  __aeabi_memcpy                  
00008575  __aeabi_memcpy4                 
00008575  __aeabi_memcpy8                 
00008595  fseek                           
0000859d  remove                          
000085ab  Reset_Handler                   
000085af  _system_pre_init                
000085b2  C$$EXIT                         
000085b3  abort                           
000085c0  ascii_3216                      
00009d80  ascii_2412                      
0000af50  ascii_1608                      
0000b540  ascii_1206                      
0000b9c0  __aeabi_ctype_table_            
0000b9c0  __aeabi_ctype_table_C           
0000bf38  __TI_Handler_Table_Base         
0000bf44  __TI_Handler_Table_Limit        
0000bf4c  __TI_CINIT_Base                 
0000bf5c  __TI_CINIT_Limit                
0000bf5c  __TI_CINIT_Warm                 
20200000  __start___llvm_prf_bits         
20200000  __start___llvm_prf_cnts         
20200000  __stop___llvm_prf_bits          
20200000  __stop___llvm_prf_cnts          
20200000  _sys_memory                     
20201000  _CIOBUF_                        
20201000  __CIOBUF_                       
20201120  gPWM_MotorBackup                
202011dc  gTIMER_0Backup                  
20201298  __TI_tmpnams                    
20201338  data                            
2020136a  Huidu_Error                     
2020136b  Huidu_Flag                      
2020136c  gUART_3Backup                   
2020139c  k210_msg                        
202013c8  gSPIBackup                      
202013f0  rx_buffer                       
20201410  imu_data                        
20201420  parmbuf                         
2020142c  k210_num                        
20201430  light_x                         
20201434  light_y                         
20201438  _ftable                         
20201528  _device                         
202015a0  buf_msg                         
20201604  _stream                         
20201654  pid_Angle                       
2020168c  pid_Distance                    
202016c4  pid_Gyro                        
202016fc  pid_Motor1_Speed                
20201734  pid_Motor2_Speed                
2020176c  pid_Turn                        
202017a4  __TI_cleanup_ptr                
202017a8  __TI_dtors_ptr                  
202017ac  Distance_limit                  
202017b0  GoStraight_speed                
202017b4  Measure_Distance                
202017b8  Motor1_Lucheng                  
202017bc  Motor1_Speed                    
202017c0  Motor2_Lucheng                  
202017c4  Motor2_Speed                    
202017c8  Target_Angle                    
202017cc  Target_Gyro                     
202017d0  Tracing_speed                   
202017d4  Z_Gyro                          
202017d8  __TI_ft_end                     
202017dc  __aeabi_errno                   
202017e0  _lock                           
202017e4  _unlock                         
202017e8  current_pid                     
202017ec  gEncoderCount_L                 
202017f0  gEncoderCount_R                 
202017f4  tracing_duration_ms             
202017f8  tracing_timer_count             
20201802  buf_crc                         
20201804  Car_GoStraight_flag             
20201805  Car_Tracing_flag                
20201806  Huidu_Target                    
20201807  alarm_enabled                   
20201808  buf_len                         
20201809  current_param                   
2020180a  frame_started                   
2020180b  len_flag                        
2020180d  new_flag                        
2020180e  page_flag                       
2020180f  pid_page                        
20201810  r_index                         
20201811  receivedData                    
20201812  rx_index                        
20201813  tou_flag                        
20201814  tracing_enabled                 
20201815  uart_data                       
20207e00  __stack                         
20208000  __STACK_END                     
ffffffff  __TI_pprof_out_hndl             
ffffffff  __TI_prof_data_size             
ffffffff  __TI_prof_data_start            
ffffffff  __binit__                       
ffffffff  binit                           
UNDEFED   __mpu_init                      
UNDEFED   _system_post_cinit              

[344 symbols]
