<?xml version="1.0" encoding="ISO-8859-1" ?>
<link_info>
   <banner>TI ARM Clang Linker PC v4.0.4.LTS</banner>
   <copyright>Copyright (c) 1996-2018 Texas Instruments Incorporated</copyright>
   <command_line>C:\ti\ccs2050\ccs\tools\compiler\ti-cgt-armllvm_4.0.4.LTS\bin\tiarmlnk -IC:\ti\ccs2050\ccs\tools\compiler\ti-cgt-armllvm_4.0.4.LTS\lib -o 11_spi.out -m11_spi.map --heap_size=0x1000 --stack_size=0x1000 -iC:/ti/mspm0_sdk_2_10_00_04/source -iC:/Users/Sbtaanre/workspace_ccstheia/New_v3/lcd_spi_1 -iC:/Users/Sbtaanre/workspace_ccstheia/New_v3/lcd_spi_1/Debug/syscfg -iC:/ti/ccs2050/ccs/tools/compiler/ti-cgt-armllvm_4.0.4.LTS/lib --diag_wrap=off --display_error_number --warn_sections --xml_link_info=11_spi_linkInfo.xml --rom_model ./board.o ./empty.o ./ti_msp_dl_config.o ./startup_mspm0g350x_ticlang.o ./BSP/car_control.o ./BSP/encoder.o ./BSP/grey.o ./BSP/imu.o ./BSP/k210_use.o ./BSP/key.o ./BSP/lcd.o ./BSP/lcd_init.o ./BSP/motor.o ./BSP/task1.o ./BSP/task2.o ./BSP/task3.o ./BSP/task4.o ./BSP/test.o -l./device_linker.cmd -ldevice.cmd.genlibs -llibc.a --start-group -llibc++.a -llibc++abi.a -llibc.a -llibsys.a -llibsysbm.a -llibclang_rt.builtins.a -llibclang_rt.profile.a --end-group --cg_opt_level=2</command_line>
   <link_time>0x6a477aac</link_time>
   <link_errors>0x0</link_errors>
   <output_file>C:\Users\Sbtaanre\workspace_ccstheia\New_v3\lcd_spi_1\Debug\11_spi.out</output_file>
   <entry_point>
      <name>_c_int00_noargs</name>
      <address>0x8229</address>
   </entry_point>
   <input_file_list>
      <input_file id="fl-1">
         <path>C:\Users\Sbtaanre\workspace_ccstheia\New_v3\lcd_spi_1\Debug\.\</path>
         <kind>object</kind>
         <file>board.o</file>
         <name>board.o</name>
      </input_file>
      <input_file id="fl-2">
         <path>C:\Users\Sbtaanre\workspace_ccstheia\New_v3\lcd_spi_1\Debug\.\</path>
         <kind>object</kind>
         <file>empty.o</file>
         <name>empty.o</name>
      </input_file>
      <input_file id="fl-3">
         <path>C:\Users\Sbtaanre\workspace_ccstheia\New_v3\lcd_spi_1\Debug\.\</path>
         <kind>object</kind>
         <file>ti_msp_dl_config.o</file>
         <name>ti_msp_dl_config.o</name>
      </input_file>
      <input_file id="fl-4">
         <path>C:\Users\Sbtaanre\workspace_ccstheia\New_v3\lcd_spi_1\Debug\.\</path>
         <kind>object</kind>
         <file>startup_mspm0g350x_ticlang.o</file>
         <name>startup_mspm0g350x_ticlang.o</name>
      </input_file>
      <input_file id="fl-5">
         <path>C:\Users\Sbtaanre\workspace_ccstheia\New_v3\lcd_spi_1\Debug\.\BSP\</path>
         <kind>object</kind>
         <file>car_control.o</file>
         <name>car_control.o</name>
      </input_file>
      <input_file id="fl-6">
         <path>C:\Users\Sbtaanre\workspace_ccstheia\New_v3\lcd_spi_1\Debug\.\BSP\</path>
         <kind>object</kind>
         <file>encoder.o</file>
         <name>encoder.o</name>
      </input_file>
      <input_file id="fl-7">
         <path>C:\Users\Sbtaanre\workspace_ccstheia\New_v3\lcd_spi_1\Debug\.\BSP\</path>
         <kind>object</kind>
         <file>grey.o</file>
         <name>grey.o</name>
      </input_file>
      <input_file id="fl-8">
         <path>C:\Users\Sbtaanre\workspace_ccstheia\New_v3\lcd_spi_1\Debug\.\BSP\</path>
         <kind>object</kind>
         <file>imu.o</file>
         <name>imu.o</name>
      </input_file>
      <input_file id="fl-9">
         <path>C:\Users\Sbtaanre\workspace_ccstheia\New_v3\lcd_spi_1\Debug\.\BSP\</path>
         <kind>object</kind>
         <file>k210_use.o</file>
         <name>k210_use.o</name>
      </input_file>
      <input_file id="fl-a">
         <path>C:\Users\Sbtaanre\workspace_ccstheia\New_v3\lcd_spi_1\Debug\.\BSP\</path>
         <kind>object</kind>
         <file>key.o</file>
         <name>key.o</name>
      </input_file>
      <input_file id="fl-b">
         <path>C:\Users\Sbtaanre\workspace_ccstheia\New_v3\lcd_spi_1\Debug\.\BSP\</path>
         <kind>object</kind>
         <file>lcd.o</file>
         <name>lcd.o</name>
      </input_file>
      <input_file id="fl-c">
         <path>C:\Users\Sbtaanre\workspace_ccstheia\New_v3\lcd_spi_1\Debug\.\BSP\</path>
         <kind>object</kind>
         <file>lcd_init.o</file>
         <name>lcd_init.o</name>
      </input_file>
      <input_file id="fl-d">
         <path>C:\Users\Sbtaanre\workspace_ccstheia\New_v3\lcd_spi_1\Debug\.\BSP\</path>
         <kind>object</kind>
         <file>motor.o</file>
         <name>motor.o</name>
      </input_file>
      <input_file id="fl-e">
         <path>C:\Users\Sbtaanre\workspace_ccstheia\New_v3\lcd_spi_1\Debug\.\BSP\</path>
         <kind>object</kind>
         <file>task1.o</file>
         <name>task1.o</name>
      </input_file>
      <input_file id="fl-f">
         <path>C:\Users\Sbtaanre\workspace_ccstheia\New_v3\lcd_spi_1\Debug\.\BSP\</path>
         <kind>object</kind>
         <file>task2.o</file>
         <name>task2.o</name>
      </input_file>
      <input_file id="fl-10">
         <path>C:\Users\Sbtaanre\workspace_ccstheia\New_v3\lcd_spi_1\Debug\.\BSP\</path>
         <kind>object</kind>
         <file>task3.o</file>
         <name>task3.o</name>
      </input_file>
      <input_file id="fl-11">
         <path>C:\Users\Sbtaanre\workspace_ccstheia\New_v3\lcd_spi_1\Debug\.\BSP\</path>
         <kind>object</kind>
         <file>task4.o</file>
         <name>task4.o</name>
      </input_file>
      <input_file id="fl-12">
         <path>C:\Users\Sbtaanre\workspace_ccstheia\New_v3\lcd_spi_1\Debug\.\BSP\</path>
         <kind>object</kind>
         <file>test.o</file>
         <name>test.o</name>
      </input_file>
      <input_file id="fl-1f">
         <path>C:\Users\Sbtaanre\workspace_ccstheia\New_v3\lcd_spi_1\Debug\</path>
         <kind>object</kind>
         <file>&lt;internal&gt;</file>
         <name>&lt;internal&gt;</name>
      </input_file>
      <input_file id="fl-20">
         <path>C:\ti\mspm0_sdk_2_10_00_04\source\ti\driverlib\lib\ticlang\m0p\mspm0g1x0x_g3x0x\</path>
         <kind>archive</kind>
         <file>driverlib.a</file>
         <name>dl_common.o</name>
      </input_file>
      <input_file id="fl-21">
         <path>C:\ti\mspm0_sdk_2_10_00_04\source\ti\driverlib\lib\ticlang\m0p\mspm0g1x0x_g3x0x\</path>
         <kind>archive</kind>
         <file>driverlib.a</file>
         <name>dl_spi.o</name>
      </input_file>
      <input_file id="fl-22">
         <path>C:\ti\mspm0_sdk_2_10_00_04\source\ti\driverlib\lib\ticlang\m0p\mspm0g1x0x_g3x0x\</path>
         <kind>archive</kind>
         <file>driverlib.a</file>
         <name>dl_timer.o</name>
      </input_file>
      <input_file id="fl-23">
         <path>C:\ti\mspm0_sdk_2_10_00_04\source\ti\driverlib\lib\ticlang\m0p\mspm0g1x0x_g3x0x\</path>
         <kind>archive</kind>
         <file>driverlib.a</file>
         <name>dl_uart.o</name>
      </input_file>
      <input_file id="fl-3a">
         <path>C:\ti\ccs2050\ccs\tools\compiler\ti-cgt-armllvm_4.0.4.LTS\lib\armv6m-ti-none-eabi\c\</path>
         <kind>archive</kind>
         <file>libc.a</file>
         <name>printf.c.obj</name>
      </input_file>
      <input_file id="fl-3b">
         <path>C:\ti\ccs2050\ccs\tools\compiler\ti-cgt-armllvm_4.0.4.LTS\lib\armv6m-ti-none-eabi\c\</path>
         <kind>archive</kind>
         <file>libc.a</file>
         <name>_printfi.c.obj</name>
      </input_file>
      <input_file id="fl-3c">
         <path>C:\ti\ccs2050\ccs\tools\compiler\ti-cgt-armllvm_4.0.4.LTS\lib\armv6m-ti-none-eabi\c\</path>
         <kind>archive</kind>
         <file>libc.a</file>
         <name>sprintf.c.obj</name>
      </input_file>
      <input_file id="fl-3d">
         <path>C:\ti\ccs2050\ccs\tools\compiler\ti-cgt-armllvm_4.0.4.LTS\lib\armv6m-ti-none-eabi\c\</path>
         <kind>archive</kind>
         <file>libc.a</file>
         <name>sscanf.c.obj</name>
      </input_file>
      <input_file id="fl-3e">
         <path>C:\ti\ccs2050\ccs\tools\compiler\ti-cgt-armllvm_4.0.4.LTS\lib\armv6m-ti-none-eabi\c\</path>
         <kind>archive</kind>
         <file>libc.a</file>
         <name>fputs.c.obj</name>
      </input_file>
      <input_file id="fl-3f">
         <path>C:\ti\ccs2050\ccs\tools\compiler\ti-cgt-armllvm_4.0.4.LTS\lib\armv6m-ti-none-eabi\c\</path>
         <kind>archive</kind>
         <file>libc.a</file>
         <name>_io_perm.c.obj</name>
      </input_file>
      <input_file id="fl-40">
         <path>C:\ti\ccs2050\ccs\tools\compiler\ti-cgt-armllvm_4.0.4.LTS\lib\armv6m-ti-none-eabi\c\</path>
         <kind>archive</kind>
         <file>libc.a</file>
         <name>setvbuf.c.obj</name>
      </input_file>
      <input_file id="fl-41">
         <path>C:\ti\ccs2050\ccs\tools\compiler\ti-cgt-armllvm_4.0.4.LTS\lib\armv6m-ti-none-eabi\c\</path>
         <kind>archive</kind>
         <file>libc.a</file>
         <name>aeabi_ctype.S.obj</name>
      </input_file>
      <input_file id="fl-42">
         <path>C:\ti\ccs2050\ccs\tools\compiler\ti-cgt-armllvm_4.0.4.LTS\lib\armv6m-ti-none-eabi\c\</path>
         <kind>archive</kind>
         <file>libc.a</file>
         <name>aeabi_portable.c.obj</name>
      </input_file>
      <input_file id="fl-43">
         <path>C:\ti\ccs2050\ccs\tools\compiler\ti-cgt-armllvm_4.0.4.LTS\lib\armv6m-ti-none-eabi\c\</path>
         <kind>archive</kind>
         <file>libc.a</file>
         <name>exit.c.obj</name>
      </input_file>
      <input_file id="fl-44">
         <path>C:\ti\ccs2050\ccs\tools\compiler\ti-cgt-armllvm_4.0.4.LTS\lib\armv6m-ti-none-eabi\c\</path>
         <kind>archive</kind>
         <file>libc.a</file>
         <name>_lock.c.obj</name>
      </input_file>
      <input_file id="fl-45">
         <path>C:\ti\ccs2050\ccs\tools\compiler\ti-cgt-armllvm_4.0.4.LTS\lib\armv6m-ti-none-eabi\c\</path>
         <kind>archive</kind>
         <file>libc.a</file>
         <name>_ltoa.c.obj</name>
      </input_file>
      <input_file id="fl-46">
         <path>C:\ti\ccs2050\ccs\tools\compiler\ti-cgt-armllvm_4.0.4.LTS\lib\armv6m-ti-none-eabi\c\</path>
         <kind>archive</kind>
         <file>libc.a</file>
         <name>assert.c.obj</name>
      </input_file>
      <input_file id="fl-47">
         <path>C:\ti\ccs2050\ccs\tools\compiler\ti-cgt-armllvm_4.0.4.LTS\lib\armv6m-ti-none-eabi\c\</path>
         <kind>archive</kind>
         <file>libc.a</file>
         <name>atoi.c.obj</name>
      </input_file>
      <input_file id="fl-48">
         <path>C:\ti\ccs2050\ccs\tools\compiler\ti-cgt-armllvm_4.0.4.LTS\lib\armv6m-ti-none-eabi\c\</path>
         <kind>archive</kind>
         <file>libc.a</file>
         <name>defs.c.obj</name>
      </input_file>
      <input_file id="fl-49">
         <path>C:\ti\ccs2050\ccs\tools\compiler\ti-cgt-armllvm_4.0.4.LTS\lib\armv6m-ti-none-eabi\c\</path>
         <kind>archive</kind>
         <file>libc.a</file>
         <name>memccpy.c.obj</name>
      </input_file>
      <input_file id="fl-4a">
         <path>C:\ti\ccs2050\ccs\tools\compiler\ti-cgt-armllvm_4.0.4.LTS\lib\armv6m-ti-none-eabi\c\</path>
         <kind>archive</kind>
         <file>libc.a</file>
         <name>memory.c.obj</name>
      </input_file>
      <input_file id="fl-4b">
         <path>C:\ti\ccs2050\ccs\tools\compiler\ti-cgt-armllvm_4.0.4.LTS\lib\armv6m-ti-none-eabi\c\</path>
         <kind>archive</kind>
         <file>libc.a</file>
         <name>boot_cortex_m.c.obj</name>
      </input_file>
      <input_file id="fl-4c">
         <path>C:\ti\ccs2050\ccs\tools\compiler\ti-cgt-armllvm_4.0.4.LTS\lib\armv6m-ti-none-eabi\c\</path>
         <kind>archive</kind>
         <file>libc.a</file>
         <name>mathacl_init.c.obj</name>
      </input_file>
      <input_file id="fl-4d">
         <path>C:\ti\ccs2050\ccs\tools\compiler\ti-cgt-armllvm_4.0.4.LTS\lib\armv6m-ti-none-eabi\c\</path>
         <kind>archive</kind>
         <file>libc.a</file>
         <name>autoinit.c.obj</name>
      </input_file>
      <input_file id="fl-4e">
         <path>C:\ti\ccs2050\ccs\tools\compiler\ti-cgt-armllvm_4.0.4.LTS\lib\armv6m-ti-none-eabi\c\</path>
         <kind>archive</kind>
         <file>libc.a</file>
         <name>pre_init.c.obj</name>
      </input_file>
      <input_file id="fl-4f">
         <path>C:\ti\ccs2050\ccs\tools\compiler\ti-cgt-armllvm_4.0.4.LTS\lib\armv6m-ti-none-eabi\c\</path>
         <kind>archive</kind>
         <file>libc.a</file>
         <name>cpy_tbl.c.obj</name>
      </input_file>
      <input_file id="fl-50">
         <path>C:\ti\ccs2050\ccs\tools\compiler\ti-cgt-armllvm_4.0.4.LTS\lib\armv6m-ti-none-eabi\c\</path>
         <kind>archive</kind>
         <file>libc.a</file>
         <name>copy_zero_init.c.obj</name>
      </input_file>
      <input_file id="fl-51">
         <path>C:\ti\ccs2050\ccs\tools\compiler\ti-cgt-armllvm_4.0.4.LTS\lib\armv6m-ti-none-eabi\c\</path>
         <kind>archive</kind>
         <file>libc.a</file>
         <name>copy_decompress_none.c.obj</name>
      </input_file>
      <input_file id="fl-52">
         <path>C:\ti\ccs2050\ccs\tools\compiler\ti-cgt-armllvm_4.0.4.LTS\lib\armv6m-ti-none-eabi\c\</path>
         <kind>archive</kind>
         <file>libc.a</file>
         <name>copy_decompress_lzss.c.obj</name>
      </input_file>
      <input_file id="fl-53">
         <path>C:\ti\ccs2050\ccs\tools\compiler\ti-cgt-armllvm_4.0.4.LTS\lib\armv6m-ti-none-eabi\c\</path>
         <kind>archive</kind>
         <file>libc.a</file>
         <name>s_frexp.c.obj</name>
      </input_file>
      <input_file id="fl-54">
         <path>C:\ti\ccs2050\ccs\tools\compiler\ti-cgt-armllvm_4.0.4.LTS\lib\armv6m-ti-none-eabi\c\</path>
         <kind>archive</kind>
         <file>libc.a</file>
         <name>s_scalbn.c.obj</name>
      </input_file>
      <input_file id="fl-55">
         <path>C:\ti\ccs2050\ccs\tools\compiler\ti-cgt-armllvm_4.0.4.LTS\lib\armv6m-ti-none-eabi\c\</path>
         <kind>archive</kind>
         <file>libc.a</file>
         <name>wcslen.c.obj</name>
      </input_file>
      <input_file id="fl-56">
         <path>C:\ti\ccs2050\ccs\tools\compiler\ti-cgt-armllvm_4.0.4.LTS\lib\armv6m-ti-none-eabi\c\</path>
         <kind>archive</kind>
         <file>libc.a</file>
         <name>_scanfi.c.obj</name>
      </input_file>
      <input_file id="fl-57">
         <path>C:\ti\ccs2050\ccs\tools\compiler\ti-cgt-armllvm_4.0.4.LTS\lib\armv6m-ti-none-eabi\c\</path>
         <kind>archive</kind>
         <file>libc.a</file>
         <name>fflush.c.obj</name>
      </input_file>
      <input_file id="fl-58">
         <path>C:\ti\ccs2050\ccs\tools\compiler\ti-cgt-armllvm_4.0.4.LTS\lib\armv6m-ti-none-eabi\c\</path>
         <kind>archive</kind>
         <file>libc.a</file>
         <name>fopen.c.obj</name>
      </input_file>
      <input_file id="fl-59">
         <path>C:\ti\ccs2050\ccs\tools\compiler\ti-cgt-armllvm_4.0.4.LTS\lib\armv6m-ti-none-eabi\c\</path>
         <kind>archive</kind>
         <file>libc.a</file>
         <name>fseek.c.obj</name>
      </input_file>
      <input_file id="fl-5a">
         <path>C:\ti\ccs2050\ccs\tools\compiler\ti-cgt-armllvm_4.0.4.LTS\lib\armv6m-ti-none-eabi\c\</path>
         <kind>archive</kind>
         <file>libc.a</file>
         <name>args_main.c.obj</name>
      </input_file>
      <input_file id="fl-5b">
         <path>C:\ti\ccs2050\ccs\tools\compiler\ti-cgt-armllvm_4.0.4.LTS\lib\armv6m-ti-none-eabi\c\</path>
         <kind>archive</kind>
         <file>libc.a</file>
         <name>strtod.c.obj</name>
      </input_file>
      <input_file id="fl-5c">
         <path>C:\ti\ccs2050\ccs\tools\compiler\ti-cgt-armllvm_4.0.4.LTS\lib\armv6m-ti-none-eabi\c\</path>
         <kind>archive</kind>
         <file>libc.a</file>
         <name>strtol.c.obj</name>
      </input_file>
      <input_file id="fl-5d">
         <path>C:\ti\ccs2050\ccs\tools\compiler\ti-cgt-armllvm_4.0.4.LTS\lib\armv6m-ti-none-eabi\c\</path>
         <kind>archive</kind>
         <file>libc.a</file>
         <name>strtoll.c.obj</name>
      </input_file>
      <input_file id="fl-5e">
         <path>C:\ti\ccs2050\ccs\tools\compiler\ti-cgt-armllvm_4.0.4.LTS\lib\armv6m-ti-none-eabi\c\</path>
         <kind>archive</kind>
         <file>libc.a</file>
         <name>strtoul.c.obj</name>
      </input_file>
      <input_file id="fl-5f">
         <path>C:\ti\ccs2050\ccs\tools\compiler\ti-cgt-armllvm_4.0.4.LTS\lib\armv6m-ti-none-eabi\c\</path>
         <kind>archive</kind>
         <file>libc.a</file>
         <name>strtoull.c.obj</name>
      </input_file>
      <input_file id="fl-60">
         <path>C:\ti\ccs2050\ccs\tools\compiler\ti-cgt-armllvm_4.0.4.LTS\lib\armv6m-ti-none-eabi\c\</path>
         <kind>archive</kind>
         <file>libc.a</file>
         <name>fclose.c.obj</name>
      </input_file>
      <input_file id="fl-100">
         <path>C:\ti\ccs2050\ccs\tools\compiler\ti-cgt-armllvm_4.0.4.LTS\lib\armv6m-ti-none-eabi\c\</path>
         <kind>archive</kind>
         <file>libsysbm.a</file>
         <name>hostexit.c.obj</name>
      </input_file>
      <input_file id="fl-101">
         <path>C:\ti\ccs2050\ccs\tools\compiler\ti-cgt-armllvm_4.0.4.LTS\lib\armv6m-ti-none-eabi\c\</path>
         <kind>archive</kind>
         <file>libsysbm.a</file>
         <name>write.c.obj</name>
      </input_file>
      <input_file id="fl-102">
         <path>C:\ti\ccs2050\ccs\tools\compiler\ti-cgt-armllvm_4.0.4.LTS\lib\armv6m-ti-none-eabi\c\</path>
         <kind>archive</kind>
         <file>libsysbm.a</file>
         <name>host_device.c.obj</name>
      </input_file>
      <input_file id="fl-103">
         <path>C:\ti\ccs2050\ccs\tools\compiler\ti-cgt-armllvm_4.0.4.LTS\lib\armv6m-ti-none-eabi\c\</path>
         <kind>archive</kind>
         <file>libsysbm.a</file>
         <name>remove.c.obj</name>
      </input_file>
      <input_file id="fl-104">
         <path>C:\ti\ccs2050\ccs\tools\compiler\ti-cgt-armllvm_4.0.4.LTS\lib\armv6m-ti-none-eabi\c\</path>
         <kind>archive</kind>
         <file>libsysbm.a</file>
         <name>open.c.obj</name>
      </input_file>
      <input_file id="fl-105">
         <path>C:\ti\ccs2050\ccs\tools\compiler\ti-cgt-armllvm_4.0.4.LTS\lib\armv6m-ti-none-eabi\c\</path>
         <kind>archive</kind>
         <file>libsysbm.a</file>
         <name>lseek.c.obj</name>
      </input_file>
      <input_file id="fl-106">
         <path>C:\ti\ccs2050\ccs\tools\compiler\ti-cgt-armllvm_4.0.4.LTS\lib\armv6m-ti-none-eabi\c\</path>
         <kind>archive</kind>
         <file>libsysbm.a</file>
         <name>close.c.obj</name>
      </input_file>
      <input_file id="fl-107">
         <path>C:\ti\ccs2050\ccs\tools\compiler\ti-cgt-armllvm_4.0.4.LTS\lib\armv6m-ti-none-eabi\c\</path>
         <kind>archive</kind>
         <file>libsysbm.a</file>
         <name>unlink.c.obj</name>
      </input_file>
      <input_file id="fl-108">
         <path>C:\ti\ccs2050\ccs\tools\compiler\ti-cgt-armllvm_4.0.4.LTS\lib\armv6m-ti-none-eabi\c\</path>
         <kind>archive</kind>
         <file>libsysbm.a</file>
         <name>hostclose.c.obj</name>
      </input_file>
      <input_file id="fl-109">
         <path>C:\ti\ccs2050\ccs\tools\compiler\ti-cgt-armllvm_4.0.4.LTS\lib\armv6m-ti-none-eabi\c\</path>
         <kind>archive</kind>
         <file>libsysbm.a</file>
         <name>hostlseek.c.obj</name>
      </input_file>
      <input_file id="fl-10a">
         <path>C:\ti\ccs2050\ccs\tools\compiler\ti-cgt-armllvm_4.0.4.LTS\lib\armv6m-ti-none-eabi\c\</path>
         <kind>archive</kind>
         <file>libsysbm.a</file>
         <name>hostopen.c.obj</name>
      </input_file>
      <input_file id="fl-10b">
         <path>C:\ti\ccs2050\ccs\tools\compiler\ti-cgt-armllvm_4.0.4.LTS\lib\armv6m-ti-none-eabi\c\</path>
         <kind>archive</kind>
         <file>libsysbm.a</file>
         <name>hostread.c.obj</name>
      </input_file>
      <input_file id="fl-10c">
         <path>C:\ti\ccs2050\ccs\tools\compiler\ti-cgt-armllvm_4.0.4.LTS\lib\armv6m-ti-none-eabi\c\</path>
         <kind>archive</kind>
         <file>libsysbm.a</file>
         <name>hostrename.c.obj</name>
      </input_file>
      <input_file id="fl-10d">
         <path>C:\ti\ccs2050\ccs\tools\compiler\ti-cgt-armllvm_4.0.4.LTS\lib\armv6m-ti-none-eabi\c\</path>
         <kind>archive</kind>
         <file>libsysbm.a</file>
         <name>hostunlink.c.obj</name>
      </input_file>
      <input_file id="fl-10e">
         <path>C:\ti\ccs2050\ccs\tools\compiler\ti-cgt-armllvm_4.0.4.LTS\lib\armv6m-ti-none-eabi\c\</path>
         <kind>archive</kind>
         <file>libsysbm.a</file>
         <name>hostwrite.c.obj</name>
      </input_file>
      <input_file id="fl-10f">
         <path>C:\ti\ccs2050\ccs\tools\compiler\ti-cgt-armllvm_4.0.4.LTS\lib\armv6m-ti-none-eabi\c\</path>
         <kind>archive</kind>
         <file>libsysbm.a</file>
         <name>trgmsg.c.obj</name>
      </input_file>
      <input_file id="fl-110">
         <path>C:\ti\ccs2050\ccs\tools\compiler\ti-cgt-armllvm_4.0.4.LTS\lib\armv6m-ti-none-eabi\</path>
         <kind>archive</kind>
         <file>libclang_rt.builtins.a</file>
         <name>addsf3.S.obj</name>
      </input_file>
      <input_file id="fl-111">
         <path>C:\ti\ccs2050\ccs\tools\compiler\ti-cgt-armllvm_4.0.4.LTS\lib\armv6m-ti-none-eabi\</path>
         <kind>archive</kind>
         <file>libclang_rt.builtins.a</file>
         <name>adddf3.S.obj</name>
      </input_file>
      <input_file id="fl-112">
         <path>C:\ti\ccs2050\ccs\tools\compiler\ti-cgt-armllvm_4.0.4.LTS\lib\armv6m-ti-none-eabi\</path>
         <kind>archive</kind>
         <file>libclang_rt.builtins.a</file>
         <name>muldf3.S.obj</name>
      </input_file>
      <input_file id="fl-113">
         <path>C:\ti\ccs2050\ccs\tools\compiler\ti-cgt-armllvm_4.0.4.LTS\lib\armv6m-ti-none-eabi\</path>
         <kind>archive</kind>
         <file>libclang_rt.builtins.a</file>
         <name>muldsi3.S.obj</name>
      </input_file>
      <input_file id="fl-114">
         <path>C:\ti\ccs2050\ccs\tools\compiler\ti-cgt-armllvm_4.0.4.LTS\lib\armv6m-ti-none-eabi\</path>
         <kind>archive</kind>
         <file>libclang_rt.builtins.a</file>
         <name>mulsf3.S.obj</name>
      </input_file>
      <input_file id="fl-115">
         <path>C:\ti\ccs2050\ccs\tools\compiler\ti-cgt-armllvm_4.0.4.LTS\lib\armv6m-ti-none-eabi\</path>
         <kind>archive</kind>
         <file>libclang_rt.builtins.a</file>
         <name>divsf3.S.obj</name>
      </input_file>
      <input_file id="fl-116">
         <path>C:\ti\ccs2050\ccs\tools\compiler\ti-cgt-armllvm_4.0.4.LTS\lib\armv6m-ti-none-eabi\</path>
         <kind>archive</kind>
         <file>libclang_rt.builtins.a</file>
         <name>divdf3.S.obj</name>
      </input_file>
      <input_file id="fl-117">
         <path>C:\ti\ccs2050\ccs\tools\compiler\ti-cgt-armllvm_4.0.4.LTS\lib\armv6m-ti-none-eabi\</path>
         <kind>archive</kind>
         <file>libclang_rt.builtins.a</file>
         <name>extendsfdf2.S.obj</name>
      </input_file>
      <input_file id="fl-118">
         <path>C:\ti\ccs2050\ccs\tools\compiler\ti-cgt-armllvm_4.0.4.LTS\lib\armv6m-ti-none-eabi\</path>
         <kind>archive</kind>
         <file>libclang_rt.builtins.a</file>
         <name>fixdfsi.S.obj</name>
      </input_file>
      <input_file id="fl-119">
         <path>C:\ti\ccs2050\ccs\tools\compiler\ti-cgt-armllvm_4.0.4.LTS\lib\armv6m-ti-none-eabi\</path>
         <kind>archive</kind>
         <file>libclang_rt.builtins.a</file>
         <name>fixsfsi.S.obj</name>
      </input_file>
      <input_file id="fl-11a">
         <path>C:\ti\ccs2050\ccs\tools\compiler\ti-cgt-armllvm_4.0.4.LTS\lib\armv6m-ti-none-eabi\</path>
         <kind>archive</kind>
         <file>libclang_rt.builtins.a</file>
         <name>fixunsdfsi.S.obj</name>
      </input_file>
      <input_file id="fl-11b">
         <path>C:\ti\ccs2050\ccs\tools\compiler\ti-cgt-armllvm_4.0.4.LTS\lib\armv6m-ti-none-eabi\</path>
         <kind>archive</kind>
         <file>libclang_rt.builtins.a</file>
         <name>floatsidf.S.obj</name>
      </input_file>
      <input_file id="fl-11c">
         <path>C:\ti\ccs2050\ccs\tools\compiler\ti-cgt-armllvm_4.0.4.LTS\lib\armv6m-ti-none-eabi\</path>
         <kind>archive</kind>
         <file>libclang_rt.builtins.a</file>
         <name>floatsisf.S.obj</name>
      </input_file>
      <input_file id="fl-11d">
         <path>C:\ti\ccs2050\ccs\tools\compiler\ti-cgt-armllvm_4.0.4.LTS\lib\armv6m-ti-none-eabi\</path>
         <kind>archive</kind>
         <file>libclang_rt.builtins.a</file>
         <name>floatunsisf.S.obj</name>
      </input_file>
      <input_file id="fl-11e">
         <path>C:\ti\ccs2050\ccs\tools\compiler\ti-cgt-armllvm_4.0.4.LTS\lib\armv6m-ti-none-eabi\</path>
         <kind>archive</kind>
         <file>libclang_rt.builtins.a</file>
         <name>muldi3.S.obj</name>
      </input_file>
      <input_file id="fl-11f">
         <path>C:\ti\ccs2050\ccs\tools\compiler\ti-cgt-armllvm_4.0.4.LTS\lib\armv6m-ti-none-eabi\</path>
         <kind>archive</kind>
         <file>libclang_rt.builtins.a</file>
         <name>truncdfsf2.S.obj</name>
      </input_file>
      <input_file id="fl-120">
         <path>C:\ti\ccs2050\ccs\tools\compiler\ti-cgt-armllvm_4.0.4.LTS\lib\armv6m-ti-none-eabi\</path>
         <kind>archive</kind>
         <file>libclang_rt.builtins.a</file>
         <name>aeabi_dcmp.S.obj</name>
      </input_file>
      <input_file id="fl-121">
         <path>C:\ti\ccs2050\ccs\tools\compiler\ti-cgt-armllvm_4.0.4.LTS\lib\armv6m-ti-none-eabi\</path>
         <kind>archive</kind>
         <file>libclang_rt.builtins.a</file>
         <name>aeabi_fcmp.S.obj</name>
      </input_file>
      <input_file id="fl-122">
         <path>C:\ti\ccs2050\ccs\tools\compiler\ti-cgt-armllvm_4.0.4.LTS\lib\armv6m-ti-none-eabi\</path>
         <kind>archive</kind>
         <file>libclang_rt.builtins.a</file>
         <name>aeabi_idivmod.S.obj</name>
      </input_file>
      <input_file id="fl-123">
         <path>C:\ti\ccs2050\ccs\tools\compiler\ti-cgt-armllvm_4.0.4.LTS\lib\armv6m-ti-none-eabi\</path>
         <kind>archive</kind>
         <file>libclang_rt.builtins.a</file>
         <name>aeabi_memcpy.S.obj</name>
      </input_file>
      <input_file id="fl-124">
         <path>C:\ti\ccs2050\ccs\tools\compiler\ti-cgt-armllvm_4.0.4.LTS\lib\armv6m-ti-none-eabi\</path>
         <kind>archive</kind>
         <file>libclang_rt.builtins.a</file>
         <name>aeabi_memset.S.obj</name>
      </input_file>
      <input_file id="fl-125">
         <path>C:\ti\ccs2050\ccs\tools\compiler\ti-cgt-armllvm_4.0.4.LTS\lib\armv6m-ti-none-eabi\</path>
         <kind>archive</kind>
         <file>libclang_rt.builtins.a</file>
         <name>aeabi_uidivmod.S.obj</name>
      </input_file>
      <input_file id="fl-126">
         <path>C:\ti\ccs2050\ccs\tools\compiler\ti-cgt-armllvm_4.0.4.LTS\lib\armv6m-ti-none-eabi\</path>
         <kind>archive</kind>
         <file>libclang_rt.builtins.a</file>
         <name>aeabi_uldivmod.S.obj</name>
      </input_file>
      <input_file id="fl-127">
         <path>C:\ti\ccs2050\ccs\tools\compiler\ti-cgt-armllvm_4.0.4.LTS\lib\armv6m-ti-none-eabi\</path>
         <kind>archive</kind>
         <file>libclang_rt.builtins.a</file>
         <name>comparesf2.S.obj</name>
      </input_file>
      <input_file id="fl-128">
         <path>C:\ti\ccs2050\ccs\tools\compiler\ti-cgt-armllvm_4.0.4.LTS\lib\armv6m-ti-none-eabi\</path>
         <kind>archive</kind>
         <file>libclang_rt.builtins.a</file>
         <name>udivmoddi4.S.obj</name>
      </input_file>
      <input_file id="fl-129">
         <path>C:\ti\ccs2050\ccs\tools\compiler\ti-cgt-armllvm_4.0.4.LTS\lib\armv6m-ti-none-eabi\</path>
         <kind>archive</kind>
         <file>libclang_rt.builtins.a</file>
         <name>ashldi3.S.obj</name>
      </input_file>
      <input_file id="fl-12a">
         <path>C:\ti\ccs2050\ccs\tools\compiler\ti-cgt-armllvm_4.0.4.LTS\lib\armv6m-ti-none-eabi\</path>
         <kind>archive</kind>
         <file>libclang_rt.builtins.a</file>
         <name>comparedf2.c.obj</name>
      </input_file>
      <input_file id="fl-12b">
         <path>C:\ti\ccs2050\ccs\tools\compiler\ti-cgt-armllvm_4.0.4.LTS\lib\armv6m-ti-none-eabi\</path>
         <kind>archive</kind>
         <file>libclang_rt.builtins.a</file>
         <name>aeabi_div0.c.obj</name>
      </input_file>
      <input_file id="fl-12c">
         <path>C:\ti\ccs2050\ccs\tools\compiler\ti-cgt-armllvm_4.0.4.LTS\lib\armv6m-ti-none-eabi\c\</path>
         <kind>archive</kind>
         <file>libc.a</file>
         <name>getdevice.c.obj</name>
      </input_file>
      <input_file id="fl-12d">
         <path>C:\ti\ccs2050\ccs\tools\compiler\ti-cgt-armllvm_4.0.4.LTS\lib\armv6m-ti-none-eabi\c\</path>
         <kind>archive</kind>
         <file>libc.a</file>
         <name>memcpy16.S.obj</name>
      </input_file>
      <input_file id="fl-12e">
         <path>C:\ti\ccs2050\ccs\tools\compiler\ti-cgt-armllvm_4.0.4.LTS\lib\armv6m-ti-none-eabi\c\</path>
         <kind>archive</kind>
         <file>libc.a</file>
         <name>memset16.S.obj</name>
      </input_file>
      <input_file id="fl-12f">
         <path>C:\ti\ccs2050\ccs\tools\compiler\ti-cgt-armllvm_4.0.4.LTS\lib\armv6m-ti-none-eabi\c\</path>
         <kind>archive</kind>
         <file>libc.a</file>
         <name>strcmp-armv6m.S.obj</name>
      </input_file>
   </input_file_list>
   <object_component_list>
      <object_component id="oc-18">
         <name>.intvecs</name>
         <load_address>0x0</load_address>
         <readonly>true</readonly>
         <run_address>0x0</run_address>
         <size>0xc0</size>
         <alignment>0x4</alignment>
         <input_file_ref idref="fl-4"/>
      </object_component>
      <object_component id="oc-14f">
         <name>.text.LCD_Init</name>
         <load_address>0xc0</load_address>
         <readonly>true</readonly>
         <executable>true</executable>
         <run_address>0xc0</run_address>
         <size>0x12a8</size>
         <alignment>0x4</alignment>
         <input_file_ref idref="fl-c"/>
      </object_component>
      <object_component id="oc-20b">
         <name>.text.__TI_scanfi</name>
         <load_address>0x1368</load_address>
         <readonly>true</readonly>
         <executable>true</executable>
         <run_address>0x1368</run_address>
         <size>0xbdc</size>
         <alignment>0x4</alignment>
         <input_file_ref idref="fl-56"/>
      </object_component>
      <object_component id="oc-25e">
         <name>.text:__TI_printfi</name>
         <load_address>0x1f44</load_address>
         <readonly>true</readonly>
         <executable>true</executable>
         <run_address>0x1f44</run_address>
         <size>0x9d0</size>
         <alignment>0x4</alignment>
         <input_file_ref idref="fl-3b"/>
      </object_component>
      <object_component id="oc-1d8">
         <name>.text.LCD_ShowChar</name>
         <load_address>0x2914</load_address>
         <readonly>true</readonly>
         <executable>true</executable>
         <run_address>0x2914</run_address>
         <size>0x400</size>
         <alignment>0x4</alignment>
         <input_file_ref idref="fl-b"/>
      </object_component>
      <object_component id="oc-293">
         <name>.text.strtod</name>
         <load_address>0x2d14</load_address>
         <readonly>true</readonly>
         <executable>true</executable>
         <run_address>0x2d14</run_address>
         <size>0x3b8</size>
         <alignment>0x4</alignment>
         <input_file_ref idref="fl-5b"/>
      </object_component>
      <object_component id="oc-155">
         <name>.text.LCD_Fill</name>
         <load_address>0x30cc</load_address>
         <readonly>true</readonly>
         <executable>true</executable>
         <run_address>0x30cc</run_address>
         <size>0x2c0</size>
         <alignment>0x4</alignment>
         <input_file_ref idref="fl-b"/>
      </object_component>
      <object_component id="oc-d3">
         <name>.text.deal_data</name>
         <load_address>0x338c</load_address>
         <readonly>true</readonly>
         <executable>true</executable>
         <run_address>0x338c</run_address>
         <size>0x224</size>
         <alignment>0x4</alignment>
         <input_file_ref idref="fl-9"/>
      </object_component>
      <object_component id="oc-2e2">
         <name>.text._pconv_a</name>
         <load_address>0x35b0</load_address>
         <readonly>true</readonly>
         <executable>true</executable>
         <run_address>0x35b0</run_address>
         <size>0x220</size>
         <alignment>0x4</alignment>
         <input_file_ref idref="fl-3b"/>
      </object_component>
      <object_component id="oc-266">
         <name>.text.DisplayPIDInfo</name>
         <load_address>0x37d0</load_address>
         <readonly>true</readonly>
         <executable>true</executable>
         <run_address>0x37d0</run_address>
         <size>0x1f8</size>
         <alignment>0x4</alignment>
         <input_file_ref idref="fl-d"/>
      </object_component>
      <object_component id="oc-2a6">
         <name>.text.strtoll</name>
         <load_address>0x39c8</load_address>
         <readonly>true</readonly>
         <executable>true</executable>
         <run_address>0x39c8</run_address>
         <size>0x1e0</size>
         <alignment>0x4</alignment>
         <input_file_ref idref="fl-5d"/>
      </object_component>
      <object_component id="oc-2e7">
         <name>.text._pconv_g</name>
         <load_address>0x3ba8</load_address>
         <readonly>true</readonly>
         <executable>true</executable>
         <run_address>0x3ba8</run_address>
         <size>0x1dc</size>
         <alignment>0x4</alignment>
         <input_file_ref idref="fl-3b"/>
      </object_component>
      <object_component id="oc-8a">
         <name>.text.Get_Huidu</name>
         <load_address>0x3d84</load_address>
         <readonly>true</readonly>
         <executable>true</executable>
         <run_address>0x3d84</run_address>
         <size>0x1d4</size>
         <alignment>0x4</alignment>
         <input_file_ref idref="fl-7"/>
      </object_component>
      <object_component id="oc-7c">
         <name>.text.recv_k210msg</name>
         <load_address>0x3f58</load_address>
         <readonly>true</readonly>
         <executable>true</executable>
         <run_address>0x3f58</run_address>
         <size>0x1bc</size>
         <alignment>0x4</alignment>
         <input_file_ref idref="fl-9"/>
      </object_component>
      <object_component id="oc-1ec">
         <name>.text.task2</name>
         <load_address>0x4114</load_address>
         <readonly>true</readonly>
         <executable>true</executable>
         <run_address>0x4114</run_address>
         <size>0x19c</size>
         <alignment>0x4</alignment>
         <input_file_ref idref="fl-f"/>
      </object_component>
      <object_component id="oc-133">
         <name>.text.adddf3_subdf3</name>
         <load_address>0x42b0</load_address>
         <readonly>true</readonly>
         <executable>true</executable>
         <run_address>0x42b0</run_address>
         <size>0x192</size>
         <alignment>0x4</alignment>
         <input_file_ref idref="fl-111"/>
      </object_component>
      <object_component id="oc-35">
         <name>.text.Default_Handler</name>
         <load_address>0x4442</load_address>
         <readonly>true</readonly>
         <executable>true</executable>
         <run_address>0x4442</run_address>
         <size>0x2</size>
         <alignment>0x2</alignment>
         <input_file_ref idref="fl-4"/>
      </object_component>
      <object_component id="oc-1e8">
         <name>.text.task1</name>
         <load_address>0x4444</load_address>
         <readonly>true</readonly>
         <executable>true</executable>
         <run_address>0x4444</run_address>
         <size>0x174</size>
         <alignment>0x4</alignment>
         <input_file_ref idref="fl-e"/>
      </object_component>
      <object_component id="oc-2a2">
         <name>.text.strtoull</name>
         <load_address>0x45b8</load_address>
         <readonly>true</readonly>
         <executable>true</executable>
         <run_address>0x45b8</run_address>
         <size>0x16c</size>
         <alignment>0x4</alignment>
         <input_file_ref idref="fl-5f"/>
      </object_component>
      <object_component id="oc-1b6">
         <name>.text.SYSCFG_DL_GPIO_init</name>
         <load_address>0x4724</load_address>
         <readonly>true</readonly>
         <executable>true</executable>
         <run_address>0x4724</run_address>
         <size>0x168</size>
         <alignment>0x4</alignment>
         <input_file_ref idref="fl-3"/>
      </object_component>
      <object_component id="oc-10d">
         <name>.text.PID_Calculate_Angle</name>
         <load_address>0x488c</load_address>
         <readonly>true</readonly>
         <executable>true</executable>
         <run_address>0x488c</run_address>
         <size>0x14c</size>
         <alignment>0x4</alignment>
         <input_file_ref idref="fl-d"/>
      </object_component>
      <object_component id="oc-bd">
         <name>.text.main</name>
         <load_address>0x49d8</load_address>
         <readonly>true</readonly>
         <executable>true</executable>
         <run_address>0x49d8</run_address>
         <size>0x14c</size>
         <alignment>0x4</alignment>
         <input_file_ref idref="fl-2"/>
      </object_component>
      <object_component id="oc-9f">
         <name>.text.MEASURE_MOTORS_SPEED</name>
         <load_address>0x4b24</load_address>
         <readonly>true</readonly>
         <executable>true</executable>
         <run_address>0x4b24</run_address>
         <size>0x144</size>
         <alignment>0x4</alignment>
         <input_file_ref idref="fl-6"/>
      </object_component>
      <object_component id="oc-29e">
         <name>.text.strtol</name>
         <load_address>0x4c68</load_address>
         <readonly>true</readonly>
         <executable>true</executable>
         <run_address>0x4c68</run_address>
         <size>0x144</size>
         <alignment>0x4</alignment>
         <input_file_ref idref="fl-5c"/>
      </object_component>
      <object_component id="oc-358">
         <name>.text.fcvt</name>
         <load_address>0x4dac</load_address>
         <readonly>true</readonly>
         <executable>true</executable>
         <run_address>0x4dac</run_address>
         <size>0x13c</size>
         <alignment>0x4</alignment>
         <input_file_ref idref="fl-3b"/>
      </object_component>
      <object_component id="oc-29a">
         <name>.text.strtoul</name>
         <load_address>0x4ee8</load_address>
         <readonly>true</readonly>
         <executable>true</executable>
         <run_address>0x4ee8</run_address>
         <size>0x12c</size>
         <alignment>0x4</alignment>
         <input_file_ref idref="fl-5e"/>
      </object_component>
      <object_component id="oc-42">
         <name>.text.TIMA1_IRQHandler</name>
         <load_address>0x5014</load_address>
         <readonly>true</readonly>
         <executable>true</executable>
         <run_address>0x5014</run_address>
         <size>0x128</size>
         <alignment>0x4</alignment>
         <input_file_ref idref="fl-2"/>
      </object_component>
      <object_component id="oc-2e9">
         <name>.text._pconv_e</name>
         <load_address>0x513c</load_address>
         <readonly>true</readonly>
         <executable>true</executable>
         <run_address>0x513c</run_address>
         <size>0x120</size>
         <alignment>0x4</alignment>
         <input_file_ref idref="fl-3b"/>
      </object_component>
      <object_component id="oc-365">
         <name>.text.aligned_alloc</name>
         <load_address>0x525c</load_address>
         <readonly>true</readonly>
         <executable>true</executable>
         <run_address>0x525c</run_address>
         <size>0x114</size>
         <alignment>0x4</alignment>
         <input_file_ref idref="fl-4a"/>
      </object_component>
      <object_component id="oc-1e1">
         <name>.text.test_1</name>
         <load_address>0x5370</load_address>
         <readonly>true</readonly>
         <executable>true</executable>
         <run_address>0x5370</run_address>
         <size>0x114</size>
         <alignment>0x4</alignment>
         <input_file_ref idref="fl-12"/>
      </object_component>
      <object_component id="oc-1d4">
         <name>.text.LCD_Address_Set</name>
         <load_address>0x5484</load_address>
         <readonly>true</readonly>
         <executable>true</executable>
         <run_address>0x5484</run_address>
         <size>0x10c</size>
         <alignment>0x4</alignment>
         <input_file_ref idref="fl-c"/>
      </object_component>
      <object_component id="oc-84">
         <name>.text.SET_MOTORS_SPEED</name>
         <load_address>0x5590</load_address>
         <readonly>true</readonly>
         <executable>true</executable>
         <run_address>0x5590</run_address>
         <size>0x10c</size>
         <alignment>0x4</alignment>
         <input_file_ref idref="fl-d"/>
      </object_component>
      <object_component id="oc-304">
         <name>.text.__divdf3</name>
         <load_address>0x569c</load_address>
         <readonly>true</readonly>
         <executable>true</executable>
         <run_address>0x569c</run_address>
         <size>0x10c</size>
         <alignment>0x4</alignment>
         <input_file_ref idref="fl-116"/>
      </object_component>
      <object_component id="oc-10e">
         <name>.text.PID_Calculate</name>
         <load_address>0x57a8</load_address>
         <readonly>true</readonly>
         <executable>true</executable>
         <run_address>0x57a8</run_address>
         <size>0x108</size>
         <alignment>0x2</alignment>
         <input_file_ref idref="fl-d"/>
      </object_component>
      <object_component id="oc-230">
         <name>.text.DL_Timer_initFourCCPWMMode</name>
         <load_address>0x58b0</load_address>
         <readonly>true</readonly>
         <executable>true</executable>
         <run_address>0x58b0</run_address>
         <size>0x104</size>
         <alignment>0x4</alignment>
         <input_file_ref idref="fl-22"/>
      </object_component>
      <object_component id="oc-1d5">
         <name>.text.LCD_WR_DATA</name>
         <load_address>0x59b4</load_address>
         <readonly>true</readonly>
         <executable>true</executable>
         <run_address>0x59b4</run_address>
         <size>0x104</size>
         <alignment>0x4</alignment>
         <input_file_ref idref="fl-c"/>
      </object_component>
      <object_component id="oc-235">
         <name>.text.DL_Timer_initTimerMode</name>
         <load_address>0x5ab8</load_address>
         <readonly>true</readonly>
         <executable>true</executable>
         <run_address>0x5ab8</run_address>
         <size>0xfc</size>
         <alignment>0x4</alignment>
         <input_file_ref idref="fl-22"/>
      </object_component>
      <object_component id="oc-195">
         <name>.text.fputs</name>
         <load_address>0x5bb4</load_address>
         <readonly>true</readonly>
         <executable>true</executable>
         <run_address>0x5bb4</run_address>
         <size>0xf8</size>
         <alignment>0x4</alignment>
         <input_file_ref idref="fl-3e"/>
      </object_component>
      <object_component id="oc-1e7">
         <name>.text.test_2</name>
         <load_address>0x5cac</load_address>
         <readonly>true</readonly>
         <executable>true</executable>
         <run_address>0x5cac</run_address>
         <size>0xec</size>
         <alignment>0x4</alignment>
         <input_file_ref idref="fl-12"/>
      </object_component>
      <object_component id="oc-31f">
         <name>.text.free</name>
         <load_address>0x5d98</load_address>
         <readonly>true</readonly>
         <executable>true</executable>
         <run_address>0x5d98</run_address>
         <size>0xe8</size>
         <alignment>0x4</alignment>
         <input_file_ref idref="fl-4a"/>
      </object_component>
      <object_component id="oc-269">
         <name>.text.AdjustPIDParam</name>
         <load_address>0x5e80</load_address>
         <readonly>true</readonly>
         <executable>true</executable>
         <run_address>0x5e80</run_address>
         <size>0xe4</size>
         <alignment>0x4</alignment>
         <input_file_ref idref="fl-d"/>
      </object_component>
      <object_component id="oc-ee">
         <name>.text.__muldf3</name>
         <load_address>0x5f64</load_address>
         <readonly>true</readonly>
         <executable>true</executable>
         <run_address>0x5f64</run_address>
         <size>0xe4</size>
         <alignment>0x4</alignment>
         <input_file_ref idref="fl-112"/>
      </object_component>
      <object_component id="oc-2b2">
         <name>.text.setvbuf</name>
         <load_address>0x6048</load_address>
         <readonly>true</readonly>
         <executable>true</executable>
         <run_address>0x6048</run_address>
         <size>0xe0</size>
         <alignment>0x4</alignment>
         <input_file_ref idref="fl-40"/>
      </object_component>
      <object_component id="oc-300">
         <name>.text.scalbn</name>
         <load_address>0x6128</load_address>
         <readonly>true</readonly>
         <executable>true</executable>
         <run_address>0x6128</run_address>
         <size>0xd8</size>
         <alignment>0x4</alignment>
         <input_file_ref idref="fl-54"/>
      </object_component>
      <object_component id="oc-113">
         <name>.text</name>
         <load_address>0x6200</load_address>
         <readonly>true</readonly>
         <executable>true</executable>
         <run_address>0x6200</run_address>
         <size>0xd8</size>
         <alignment>0x4</alignment>
         <input_file_ref idref="fl-110"/>
      </object_component>
      <object_component id="oc-1b8">
         <name>.text.SYSCFG_DL_PWM_Motor_init</name>
         <load_address>0x62d8</load_address>
         <readonly>true</readonly>
         <executable>true</executable>
         <run_address>0x62d8</run_address>
         <size>0xd4</size>
         <alignment>0x4</alignment>
         <input_file_ref idref="fl-3"/>
      </object_component>
      <object_component id="oc-73">
         <name>.text.HWT101_IRQHandler</name>
         <load_address>0x63ac</load_address>
         <readonly>true</readonly>
         <executable>true</executable>
         <run_address>0x63ac</run_address>
         <size>0xc0</size>
         <alignment>0x4</alignment>
         <input_file_ref idref="fl-8"/>
      </object_component>
      <object_component id="oc-36">
         <name>.text.GROUP1_IRQHandler</name>
         <load_address>0x646c</load_address>
         <readonly>true</readonly>
         <executable>true</executable>
         <run_address>0x646c</run_address>
         <size>0xac</size>
         <alignment>0x4</alignment>
         <input_file_ref idref="fl-6"/>
      </object_component>
      <object_component id="oc-1cf">
         <name>.text.usart3_send_bytes</name>
         <load_address>0x6518</load_address>
         <readonly>true</readonly>
         <executable>true</executable>
         <run_address>0x6518</run_address>
         <size>0xa4</size>
         <alignment>0x4</alignment>
         <input_file_ref idref="fl-1"/>
      </object_component>
      <object_component id="oc-33a">
         <name>.text</name>
         <load_address>0x65bc</load_address>
         <readonly>true</readonly>
         <executable>true</executable>
         <run_address>0x65bc</run_address>
         <size>0xa2</size>
         <alignment>0x4</alignment>
         <input_file_ref idref="fl-128"/>
      </object_component>
      <object_component id="oc-184">
         <name>.text.__aeabi_idiv0</name>
         <load_address>0x665e</load_address>
         <readonly>true</readonly>
         <executable>true</executable>
         <run_address>0x665e</run_address>
         <size>0x2</size>
         <alignment>0x2</alignment>
         <input_file_ref idref="fl-12b"/>
      </object_component>
      <object_component id="oc-25f">
         <name>.text.display_grey_info</name>
         <load_address>0x6660</load_address>
         <readonly>true</readonly>
         <executable>true</executable>
         <run_address>0x6660</run_address>
         <size>0x9c</size>
         <alignment>0x4</alignment>
         <input_file_ref idref="fl-12"/>
      </object_component>
      <object_component id="oc-140">
         <name>.text:memcpy</name>
         <load_address>0x66fc</load_address>
         <readonly>true</readonly>
         <executable>true</executable>
         <run_address>0x66fc</run_address>
         <size>0x9a</size>
         <alignment>0x1</alignment>
         <input_file_ref idref="fl-12d"/>
      </object_component>
      <object_component id="oc-38d">
         <name>.text.__aeabi_ldiv0</name>
         <load_address>0x6796</load_address>
         <readonly>true</readonly>
         <executable>true</executable>
         <run_address>0x6796</run_address>
         <size>0x2</size>
         <alignment>0x2</alignment>
         <input_file_ref idref="fl-12b"/>
      </object_component>
      <object_component id="oc-121">
         <name>.text.__mulsf3</name>
         <load_address>0x6798</load_address>
         <readonly>true</readonly>
         <executable>true</executable>
         <run_address>0x6798</run_address>
         <size>0x8c</size>
         <alignment>0x4</alignment>
         <input_file_ref idref="fl-114"/>
      </object_component>
      <object_component id="oc-162">
         <name>.text.get_key_state</name>
         <load_address>0x6824</load_address>
         <readonly>true</readonly>
         <executable>true</executable>
         <run_address>0x6824</run_address>
         <size>0x8c</size>
         <alignment>0x4</alignment>
         <input_file_ref idref="fl-a"/>
      </object_component>
      <object_component id="oc-3ea">
         <name>.text:strcmp</name>
         <load_address>0x68b0</load_address>
         <readonly>true</readonly>
         <executable>true</executable>
         <run_address>0x68b0</run_address>
         <size>0x88</size>
         <alignment>0x10</alignment>
         <input_file_ref idref="fl-12f"/>
      </object_component>
      <object_component id="oc-12f">
         <name>.text.__divsf3</name>
         <load_address>0x6938</load_address>
         <readonly>true</readonly>
         <executable>true</executable>
         <run_address>0x6938</run_address>
         <size>0x82</size>
         <alignment>0x4</alignment>
         <input_file_ref idref="fl-115"/>
      </object_component>
      <object_component id="oc-27e">
         <name>.text._nop</name>
         <load_address>0x69ba</load_address>
         <readonly>true</readonly>
         <executable>true</executable>
         <run_address>0x69ba</run_address>
         <size>0x2</size>
         <alignment>0x2</alignment>
         <input_file_ref idref="fl-44"/>
      </object_component>
      <object_component id="oc-9e">
         <name>.text.Car_Tracing</name>
         <load_address>0x69bc</load_address>
         <readonly>true</readonly>
         <executable>true</executable>
         <run_address>0x69bc</run_address>
         <size>0x7c</size>
         <alignment>0x4</alignment>
         <input_file_ref idref="fl-5"/>
      </object_component>
      <object_component id="oc-366">
         <name>.text.__TI_closefile</name>
         <load_address>0x6a38</load_address>
         <readonly>true</readonly>
         <executable>true</executable>
         <run_address>0x6a38</run_address>
         <size>0x7c</size>
         <alignment>0x4</alignment>
         <input_file_ref idref="fl-60"/>
      </object_component>
      <object_component id="oc-c8">
         <name>.text.parse_angular_velocity</name>
         <load_address>0x6ab4</load_address>
         <readonly>true</readonly>
         <executable>true</executable>
         <run_address>0x6ab4</run_address>
         <size>0x7c</size>
         <alignment>0x4</alignment>
         <input_file_ref idref="fl-8"/>
      </object_component>
      <object_component id="oc-1c">
         <name>.text:decompress:lzss</name>
         <load_address>0x6b30</load_address>
         <readonly>true</readonly>
         <executable>true</executable>
         <run_address>0x6b30</run_address>
         <size>0x7c</size>
         <alignment>0x4</alignment>
         <input_file_ref idref="fl-52"/>
      </object_component>
      <object_component id="oc-356">
         <name>.text.__gedf2</name>
         <load_address>0x6bac</load_address>
         <readonly>true</readonly>
         <executable>true</executable>
         <run_address>0x6bac</run_address>
         <size>0x74</size>
         <alignment>0x4</alignment>
         <input_file_ref idref="fl-12a"/>
      </object_component>
      <object_component id="oc-129">
         <name>.text.__truncdfsf2</name>
         <load_address>0x6c20</load_address>
         <readonly>true</readonly>
         <executable>true</executable>
         <run_address>0x6c20</run_address>
         <size>0x74</size>
         <alignment>0x10</alignment>
         <input_file_ref idref="fl-11f"/>
      </object_component>
      <object_component id="oc-213">
         <name>.text._chkmbc</name>
         <load_address>0x6c94</load_address>
         <readonly>true</readonly>
         <executable>true</executable>
         <run_address>0x6c94</run_address>
         <size>0x74</size>
         <alignment>0x4</alignment>
         <input_file_ref idref="fl-3d"/>
      </object_component>
      <object_component id="oc-14d">
         <name>.text.calibrate_z_axis_zero</name>
         <load_address>0x6d08</load_address>
         <readonly>true</readonly>
         <executable>true</executable>
         <run_address>0x6d08</run_address>
         <size>0x74</size>
         <alignment>0x4</alignment>
         <input_file_ref idref="fl-8"/>
      </object_component>
      <object_component id="oc-1ba">
         <name>.text.SYSCFG_DL_UART_0_init</name>
         <load_address>0x6d7c</load_address>
         <readonly>true</readonly>
         <executable>true</executable>
         <run_address>0x6d7c</run_address>
         <size>0x70</size>
         <alignment>0x4</alignment>
         <input_file_ref idref="fl-3"/>
      </object_component>
      <object_component id="oc-1bc">
         <name>.text.SYSCFG_DL_UART_1_init</name>
         <load_address>0x6dec</load_address>
         <readonly>true</readonly>
         <executable>true</executable>
         <run_address>0x6dec</run_address>
         <size>0x70</size>
         <alignment>0x4</alignment>
         <input_file_ref idref="fl-3"/>
      </object_component>
      <object_component id="oc-1b4">
         <name>.text.SYSCFG_DL_initPower</name>
         <load_address>0x6e5c</load_address>
         <readonly>true</readonly>
         <executable>true</executable>
         <run_address>0x6e5c</run_address>
         <size>0x70</size>
         <alignment>0x4</alignment>
         <input_file_ref idref="fl-3"/>
      </object_component>
      <object_component id="oc-37f">
         <name>.text.HOSTlseek</name>
         <load_address>0x6ecc</load_address>
         <readonly>true</readonly>
         <executable>true</executable>
         <run_address>0x6ecc</run_address>
         <size>0x6c</size>
         <alignment>0x4</alignment>
         <input_file_ref idref="fl-109"/>
      </object_component>
      <object_component id="oc-387">
         <name>.text.HOSTrename</name>
         <load_address>0x6f38</load_address>
         <readonly>true</readonly>
         <executable>true</executable>
         <run_address>0x6f38</run_address>
         <size>0x6c</size>
         <alignment>0x4</alignment>
         <input_file_ref idref="fl-10c"/>
      </object_component>
      <object_component id="oc-1bb">
         <name>.text.SYSCFG_DL_UART_3_init</name>
         <load_address>0x6fa4</load_address>
         <readonly>true</readonly>
         <executable>true</executable>
         <run_address>0x6fa4</run_address>
         <size>0x6c</size>
         <alignment>0x4</alignment>
         <input_file_ref idref="fl-3"/>
      </object_component>
      <object_component id="oc-31c">
         <name>.text.fseeko</name>
         <load_address>0x7010</load_address>
         <readonly>true</readonly>
         <executable>true</executable>
         <run_address>0x7010</run_address>
         <size>0x6c</size>
         <alignment>0x4</alignment>
         <input_file_ref idref="fl-59"/>
      </object_component>
      <object_component id="oc-3de">
         <name>.text.getdevice</name>
         <load_address>0x707c</load_address>
         <readonly>true</readonly>
         <executable>true</executable>
         <run_address>0x707c</run_address>
         <size>0x6c</size>
         <alignment>0x4</alignment>
         <input_file_ref idref="fl-12c"/>
      </object_component>
      <object_component id="oc-9b">
         <name>.text.Car_GoStraight</name>
         <load_address>0x70e8</load_address>
         <readonly>true</readonly>
         <executable>true</executable>
         <run_address>0x70e8</run_address>
         <size>0x68</size>
         <alignment>0x4</alignment>
         <input_file_ref idref="fl-5"/>
      </object_component>
      <object_component id="oc-350">
         <name>.text.__ledf2</name>
         <load_address>0x7150</load_address>
         <readonly>true</readonly>
         <executable>true</executable>
         <run_address>0x7150</run_address>
         <size>0x68</size>
         <alignment>0x4</alignment>
         <input_file_ref idref="fl-12a"/>
      </object_component>
      <object_component id="oc-34f">
         <name>.text._mcpy</name>
         <load_address>0x71b8</load_address>
         <readonly>true</readonly>
         <executable>true</executable>
         <run_address>0x71b8</run_address>
         <size>0x66</size>
         <alignment>0x2</alignment>
         <input_file_ref idref="fl-3b"/>
      </object_component>
      <object_component id="oc-216">
         <name>.text.__TI_wrt_ok</name>
         <load_address>0x721e</load_address>
         <readonly>true</readonly>
         <executable>true</executable>
         <run_address>0x721e</run_address>
         <size>0x64</size>
         <alignment>0x2</alignment>
         <input_file_ref idref="fl-3f"/>
      </object_component>
      <object_component id="oc-1f4">
         <name>.text.task4</name>
         <load_address>0x7282</load_address>
         <readonly>true</readonly>
         <executable>true</executable>
         <run_address>0x7282</run_address>
         <size>0x2</size>
         <alignment>0x2</alignment>
         <input_file_ref idref="fl-11"/>
      </object_component>
      <object_component id="oc-3a4">
         <name>.text.split</name>
         <load_address>0x7284</load_address>
         <readonly>true</readonly>
         <executable>true</executable>
         <run_address>0x7284</run_address>
         <size>0x64</size>
         <alignment>0x4</alignment>
         <input_file_ref idref="fl-4a"/>
      </object_component>
      <object_component id="oc-1f0">
         <name>.text.task3</name>
         <load_address>0x72e8</load_address>
         <readonly>true</readonly>
         <executable>true</executable>
         <run_address>0x72e8</run_address>
         <size>0x64</size>
         <alignment>0x4</alignment>
         <input_file_ref idref="fl-10"/>
      </object_component>
      <object_component id="oc-2e3">
         <name>.text.__aeabi_dcmp</name>
         <load_address>0x734c</load_address>
         <readonly>true</readonly>
         <executable>true</executable>
         <run_address>0x734c</run_address>
         <size>0x62</size>
         <alignment>0x4</alignment>
         <input_file_ref idref="fl-120"/>
      </object_component>
      <object_component id="oc-92">
         <name>.text.__aeabi_fcmp</name>
         <load_address>0x73b0</load_address>
         <readonly>true</readonly>
         <executable>true</executable>
         <run_address>0x73b0</run_address>
         <size>0x62</size>
         <alignment>0x4</alignment>
         <input_file_ref idref="fl-121"/>
      </object_component>
      <object_component id="oc-1b3">
         <name>.text:memset</name>
         <load_address>0x7412</load_address>
         <readonly>true</readonly>
         <executable>true</executable>
         <run_address>0x7412</run_address>
         <size>0x62</size>
         <alignment>0x1</alignment>
         <input_file_ref idref="fl-12e"/>
      </object_component>
      <object_component id="oc-36f">
         <name>.text.HOSTopen</name>
         <load_address>0x7474</load_address>
         <readonly>true</readonly>
         <executable>true</executable>
         <run_address>0x7474</run_address>
         <size>0x60</size>
         <alignment>0x4</alignment>
         <input_file_ref idref="fl-10a"/>
      </object_component>
      <object_component id="oc-33f">
         <name>.text.frexp</name>
         <load_address>0x74d4</load_address>
         <readonly>true</readonly>
         <executable>true</executable>
         <run_address>0x74d4</run_address>
         <size>0x5c</size>
         <alignment>0x4</alignment>
         <input_file_ref idref="fl-53"/>
      </object_component>
      <object_component id="oc-1c8">
         <name>.text.printf</name>
         <load_address>0x7530</load_address>
         <readonly>true</readonly>
         <executable>true</executable>
         <run_address>0x7530</run_address>
         <size>0x5c</size>
         <alignment>0x4</alignment>
         <input_file_ref idref="fl-3a"/>
      </object_component>
      <object_component id="oc-377">
         <name>.text.HOSTread</name>
         <load_address>0x758c</load_address>
         <readonly>true</readonly>
         <executable>true</executable>
         <run_address>0x758c</run_address>
         <size>0x58</size>
         <alignment>0x4</alignment>
         <input_file_ref idref="fl-10b"/>
      </object_component>
      <object_component id="oc-37b">
         <name>.text.HOSTwrite</name>
         <load_address>0x75e4</load_address>
         <readonly>true</readonly>
         <executable>true</executable>
         <run_address>0x75e4</run_address>
         <size>0x58</size>
         <alignment>0x4</alignment>
         <input_file_ref idref="fl-10e"/>
      </object_component>
      <object_component id="oc-347">
         <name>.text.__TI_ltoa</name>
         <load_address>0x763c</load_address>
         <readonly>true</readonly>
         <executable>true</executable>
         <run_address>0x763c</run_address>
         <size>0x58</size>
         <alignment>0x2</alignment>
         <input_file_ref idref="fl-45"/>
      </object_component>
      <object_component id="oc-2e8">
         <name>.text._pconv_f</name>
         <load_address>0x7694</load_address>
         <readonly>true</readonly>
         <executable>true</executable>
         <run_address>0x7694</run_address>
         <size>0x58</size>
         <alignment>0x2</alignment>
         <input_file_ref idref="fl-3b"/>
      </object_component>
      <object_component id="oc-397">
         <name>.text.__aeabi_idivmod</name>
         <load_address>0x76ec</load_address>
         <readonly>true</readonly>
         <executable>true</executable>
         <run_address>0x76ec</run_address>
         <size>0x56</size>
         <alignment>0x4</alignment>
         <input_file_ref idref="fl-122"/>
      </object_component>
      <object_component id="oc-145">
         <name>.text.SYSCFG_DL_init</name>
         <load_address>0x7744</load_address>
         <readonly>true</readonly>
         <executable>true</executable>
         <run_address>0x7744</run_address>
         <size>0x54</size>
         <alignment>0x4</alignment>
         <input_file_ref idref="fl-3"/>
      </object_component>
      <object_component id="oc-220">
         <name>.text.__TI_doflush</name>
         <load_address>0x7798</load_address>
         <readonly>true</readonly>
         <executable>true</executable>
         <run_address>0x7798</run_address>
         <size>0x52</size>
         <alignment>0x2</alignment>
         <input_file_ref idref="fl-57"/>
      </object_component>
      <object_component id="oc-34d">
         <name>.text._ecpy</name>
         <load_address>0x77ea</load_address>
         <readonly>true</readonly>
         <executable>true</executable>
         <run_address>0x77ea</run_address>
         <size>0x52</size>
         <alignment>0x2</alignment>
         <input_file_ref idref="fl-3b"/>
      </object_component>
      <object_component id="oc-1b9">
         <name>.text.SYSCFG_DL_TIMER_0_init</name>
         <load_address>0x783c</load_address>
         <readonly>true</readonly>
         <executable>true</executable>
         <run_address>0x783c</run_address>
         <size>0x50</size>
         <alignment>0x4</alignment>
         <input_file_ref idref="fl-3"/>
      </object_component>
      <object_component id="oc-3a6">
         <name>.text.close</name>
         <load_address>0x788c</load_address>
         <readonly>true</readonly>
         <executable>true</executable>
         <run_address>0x788c</run_address>
         <size>0x50</size>
         <alignment>0x4</alignment>
         <input_file_ref idref="fl-106"/>
      </object_component>
      <object_component id="oc-14b">
         <name>.text.motor_init</name>
         <load_address>0x78dc</load_address>
         <readonly>true</readonly>
         <executable>true</executable>
         <run_address>0x78dc</run_address>
         <size>0x4c</size>
         <alignment>0x4</alignment>
         <input_file_ref idref="fl-d"/>
      </object_component>
      <object_component id="oc-15b">
         <name>.text.LCD_ShowString</name>
         <load_address>0x7928</load_address>
         <readonly>true</readonly>
         <executable>true</executable>
         <run_address>0x7928</run_address>
         <size>0x4a</size>
         <alignment>0x2</alignment>
         <input_file_ref idref="fl-b"/>
      </object_component>
      <object_component id="oc-343">
         <name>.text.__fixdfsi</name>
         <load_address>0x7974</load_address>
         <readonly>true</readonly>
         <executable>true</executable>
         <run_address>0x7974</run_address>
         <size>0x4a</size>
         <alignment>0x4</alignment>
         <input_file_ref idref="fl-118"/>
      </object_component>
      <object_component id="oc-23e">
         <name>.text.DL_UART_init</name>
         <load_address>0x79c0</load_address>
         <readonly>true</readonly>
         <executable>true</executable>
         <run_address>0x79c0</run_address>
         <size>0x48</size>
         <alignment>0x4</alignment>
         <input_file_ref idref="fl-23"/>
      </object_component>
      <object_component id="oc-373">
         <name>.text.HOSTclose</name>
         <load_address>0x7a08</load_address>
         <readonly>true</readonly>
         <executable>true</executable>
         <run_address>0x7a08</run_address>
         <size>0x48</size>
         <alignment>0x4</alignment>
         <input_file_ref idref="fl-108"/>
      </object_component>
      <object_component id="oc-383">
         <name>.text.HOSTunlink</name>
         <load_address>0x7a50</load_address>
         <readonly>true</readonly>
         <executable>true</executable>
         <run_address>0x7a50</run_address>
         <size>0x48</size>
         <alignment>0x4</alignment>
         <input_file_ref idref="fl-10d"/>
      </object_component>
      <object_component id="oc-1bd">
         <name>.text.SYSCFG_DL_SPI_init</name>
         <load_address>0x7a98</load_address>
         <readonly>true</readonly>
         <executable>true</executable>
         <run_address>0x7a98</run_address>
         <size>0x48</size>
         <alignment>0x4</alignment>
         <input_file_ref idref="fl-3"/>
      </object_component>
      <object_component id="oc-267">
         <name>.text.SelectNextPID</name>
         <load_address>0x7ae0</load_address>
         <readonly>true</readonly>
         <executable>true</executable>
         <run_address>0x7ae0</run_address>
         <size>0x48</size>
         <alignment>0x4</alignment>
         <input_file_ref idref="fl-d"/>
      </object_component>
      <object_component id="oc-24b">
         <name>.text.DL_SPI_init</name>
         <load_address>0x7b28</load_address>
         <readonly>true</readonly>
         <executable>true</executable>
         <run_address>0x7b28</run_address>
         <size>0x44</size>
         <alignment>0x4</alignment>
         <input_file_ref idref="fl-21"/>
      </object_component>
      <object_component id="oc-f2">
         <name>.text.__fixunsdfsi</name>
         <load_address>0x7b6c</load_address>
         <readonly>true</readonly>
         <executable>true</executable>
         <run_address>0x7b6c</run_address>
         <size>0x42</size>
         <alignment>0x4</alignment>
         <input_file_ref idref="fl-11a"/>
      </object_component>
      <object_component id="oc-cf">
         <name>.text.__aeabi_uidivmod</name>
         <load_address>0x7bb0</load_address>
         <readonly>true</readonly>
         <executable>true</executable>
         <run_address>0x7bb0</run_address>
         <size>0x40</size>
         <alignment>0x4</alignment>
         <input_file_ref idref="fl-125"/>
      </object_component>
      <object_component id="oc-125">
         <name>.text.__extendsfdf2</name>
         <load_address>0x7bf0</load_address>
         <readonly>true</readonly>
         <executable>true</executable>
         <run_address>0x7bf0</run_address>
         <size>0x40</size>
         <alignment>0x4</alignment>
         <input_file_ref idref="fl-117"/>
      </object_component>
      <object_component id="oc-289">
         <name>.text.atoi</name>
         <load_address>0x7c30</load_address>
         <readonly>true</readonly>
         <executable>true</executable>
         <run_address>0x7c30</run_address>
         <size>0x40</size>
         <alignment>0x4</alignment>
         <input_file_ref idref="fl-47"/>
      </object_component>
      <object_component id="oc-14e">
         <name>.text.delay_ms</name>
         <load_address>0x7c70</load_address>
         <readonly>true</readonly>
         <executable>true</executable>
         <run_address>0x7c70</run_address>
         <size>0x40</size>
         <alignment>0x4</alignment>
         <input_file_ref idref="fl-1"/>
      </object_component>
      <object_component id="oc-1b7">
         <name>.text.SYSCFG_DL_SYSCTL_init</name>
         <load_address>0x7cb0</load_address>
         <readonly>true</readonly>
         <executable>true</executable>
         <run_address>0x7cb0</run_address>
         <size>0x3c</size>
         <alignment>0x4</alignment>
         <input_file_ref idref="fl-3"/>
      </object_component>
      <object_component id="oc-10f">
         <name>.text.__floatsisf</name>
         <load_address>0x7cec</load_address>
         <readonly>true</readonly>
         <executable>true</executable>
         <run_address>0x7cec</run_address>
         <size>0x3c</size>
         <alignment>0x4</alignment>
         <input_file_ref idref="fl-11c"/>
      </object_component>
      <object_component id="oc-108">
         <name>.text.__gtsf2</name>
         <load_address>0x7d28</load_address>
         <readonly>true</readonly>
         <executable>true</executable>
         <run_address>0x7d28</run_address>
         <size>0x3c</size>
         <alignment>0x4</alignment>
         <input_file_ref idref="fl-127"/>
      </object_component>
      <object_component id="oc-172">
         <name>.text:__TI_auto_init_nobinit_nopinit</name>
         <load_address>0x7d64</load_address>
         <readonly>true</readonly>
         <executable>true</executable>
         <run_address>0x7d64</run_address>
         <size>0x3c</size>
         <alignment>0x4</alignment>
         <input_file_ref idref="fl-4d"/>
      </object_component>
      <object_component id="oc-103">
         <name>.text.__eqsf2</name>
         <load_address>0x7da0</load_address>
         <readonly>true</readonly>
         <executable>true</executable>
         <run_address>0x7da0</run_address>
         <size>0x3a</size>
         <alignment>0x4</alignment>
         <input_file_ref idref="fl-127"/>
      </object_component>
      <object_component id="oc-19e">
         <name>.text.__muldsi3</name>
         <load_address>0x7ddc</load_address>
         <readonly>true</readonly>
         <executable>true</executable>
         <run_address>0x7ddc</run_address>
         <size>0x3a</size>
         <alignment>0x4</alignment>
         <input_file_ref idref="fl-113"/>
      </object_component>
      <object_component id="oc-117">
         <name>.text.__fixsfsi</name>
         <load_address>0x7e18</load_address>
         <readonly>true</readonly>
         <executable>true</executable>
         <run_address>0x7e18</run_address>
         <size>0x38</size>
         <alignment>0x4</alignment>
         <input_file_ref idref="fl-119"/>
      </object_component>
      <object_component id="oc-14a">
         <name>.text.board_init</name>
         <load_address>0x7e50</load_address>
         <readonly>true</readonly>
         <executable>true</executable>
         <run_address>0x7e50</run_address>
         <size>0x38</size>
         <alignment>0x4</alignment>
         <input_file_ref idref="fl-1"/>
      </object_component>
      <object_component id="oc-15c">
         <name>.text.sprintf</name>
         <load_address>0x7e88</load_address>
         <readonly>true</readonly>
         <executable>true</executable>
         <run_address>0x7e88</run_address>
         <size>0x38</size>
         <alignment>0x4</alignment>
         <input_file_ref idref="fl-3c"/>
      </object_component>
      <object_component id="oc-322">
         <name>.text.__TI_cleanup</name>
         <load_address>0x7ec0</load_address>
         <readonly>true</readonly>
         <executable>true</executable>
         <run_address>0x7ec0</run_address>
         <size>0x34</size>
         <alignment>0x4</alignment>
         <input_file_ref idref="fl-58"/>
      </object_component>
      <object_component id="oc-3b7">
         <name>.text.__TI_readmsg</name>
         <load_address>0x7ef4</load_address>
         <readonly>true</readonly>
         <executable>true</executable>
         <run_address>0x7ef4</run_address>
         <size>0x34</size>
         <alignment>0x4</alignment>
         <input_file_ref idref="fl-10f"/>
      </object_component>
      <object_component id="oc-3b1">
         <name>.text.__TI_writemsg</name>
         <load_address>0x7f28</load_address>
         <readonly>true</readonly>
         <executable>true</executable>
         <run_address>0x7f28</run_address>
         <size>0x34</size>
         <alignment>0x4</alignment>
         <input_file_ref idref="fl-10f"/>
      </object_component>
      <object_component id="oc-170">
         <name>.text.exit</name>
         <load_address>0x7f5c</load_address>
         <readonly>true</readonly>
         <executable>true</executable>
         <run_address>0x7f5c</run_address>
         <size>0x34</size>
         <alignment>0x4</alignment>
         <input_file_ref idref="fl-43"/>
      </object_component>
      <object_component id="oc-3e7">
         <name>.text.finddevice</name>
         <load_address>0x7f90</load_address>
         <readonly>true</readonly>
         <executable>true</executable>
         <run_address>0x7f90</run_address>
         <size>0x34</size>
         <alignment>0x4</alignment>
         <input_file_ref idref="fl-12c"/>
      </object_component>
      <object_component id="oc-1c6">
         <name>.text.uart0_send_string</name>
         <load_address>0x7fc4</load_address>
         <readonly>true</readonly>
         <executable>true</executable>
         <run_address>0x7fc4</run_address>
         <size>0x34</size>
         <alignment>0x4</alignment>
         <input_file_ref idref="fl-1"/>
      </object_component>
      <object_component id="oc-252">
         <name>.text.DL_UART_transmitDataBlocking</name>
         <load_address>0x7ff8</load_address>
         <readonly>true</readonly>
         <executable>true</executable>
         <run_address>0x7ff8</run_address>
         <size>0x30</size>
         <alignment>0x4</alignment>
         <input_file_ref idref="fl-23"/>
      </object_component>
      <object_component id="oc-34e">
         <name>.text._fcpy</name>
         <load_address>0x8028</load_address>
         <readonly>true</readonly>
         <executable>true</executable>
         <run_address>0x8028</run_address>
         <size>0x30</size>
         <alignment>0x2</alignment>
         <input_file_ref idref="fl-3b"/>
      </object_component>
      <object_component id="oc-18a">
         <name>.text.sscanf</name>
         <load_address>0x8058</load_address>
         <readonly>true</readonly>
         <executable>true</executable>
         <run_address>0x8058</run_address>
         <size>0x30</size>
         <alignment>0x4</alignment>
         <input_file_ref idref="fl-3d"/>
      </object_component>
      <object_component id="oc-ea">
         <name>.text.__floatsidf</name>
         <load_address>0x8088</load_address>
         <readonly>true</readonly>
         <executable>true</executable>
         <run_address>0x8088</run_address>
         <size>0x2c</size>
         <alignment>0x4</alignment>
         <input_file_ref idref="fl-11b"/>
      </object_component>
      <object_component id="oc-14c">
         <name>.text.encoder_init</name>
         <load_address>0x80b4</load_address>
         <readonly>true</readonly>
         <executable>true</executable>
[...]
         <object_component_ref idref="oc-33f"/>
      </symbol>
      <symbol id="sm-3f2">
         <name>scalbn</name>
         <value>0x6129</value>
         <object_component_ref idref="oc-300"/>
      </symbol>
      <symbol id="sm-3f3">
         <name>ldexp</name>
         <value>0x6129</value>
         <object_component_ref idref="oc-300"/>
      </symbol>
      <symbol id="sm-3f4">
         <name>scalbnl</name>
         <value>0x6129</value>
         <object_component_ref idref="oc-300"/>
      </symbol>
      <symbol id="sm-3f5">
         <name>ldexpl</name>
         <value>0x6129</value>
         <object_component_ref idref="oc-300"/>
      </symbol>
      <symbol id="sm-3fe">
         <name>wcslen</name>
         <value>0x8499</value>
         <object_component_ref idref="oc-2d0"/>
      </symbol>
      <symbol id="sm-425">
         <name>__TI_scanfi</name>
         <value>0x1369</value>
         <object_component_ref idref="oc-20b"/>
      </symbol>
      <symbol id="sm-42f">
         <name>__TI_doflush</name>
         <value>0x7799</value>
         <object_component_ref idref="oc-220"/>
      </symbol>
      <symbol id="sm-43a">
         <name>__TI_cleanup</name>
         <value>0x7ec1</value>
         <object_component_ref idref="oc-322"/>
      </symbol>
      <symbol id="sm-447">
         <name>fseek</name>
         <value>0x85d1</value>
         <object_component_ref idref="oc-2ac"/>
      </symbol>
      <symbol id="sm-448">
         <name>fseeko</name>
         <value>0x7011</value>
         <object_component_ref idref="oc-31c"/>
      </symbol>
      <symbol id="sm-45e">
         <name>strtod</name>
         <value>0x2d15</value>
         <object_component_ref idref="oc-293"/>
      </symbol>
      <symbol id="sm-45f">
         <name>strtold</name>
         <value>0x2d15</value>
         <object_component_ref idref="oc-293"/>
      </symbol>
      <symbol id="sm-46a">
         <name>strtol</name>
         <value>0x4c69</value>
         <object_component_ref idref="oc-29e"/>
      </symbol>
      <symbol id="sm-475">
         <name>strtoll</name>
         <value>0x39c9</value>
         <object_component_ref idref="oc-2a6"/>
      </symbol>
      <symbol id="sm-480">
         <name>strtoul</name>
         <value>0x4ee9</value>
         <object_component_ref idref="oc-29a"/>
      </symbol>
      <symbol id="sm-48b">
         <name>strtoull</name>
         <value>0x45b9</value>
         <object_component_ref idref="oc-2a2"/>
      </symbol>
      <symbol id="sm-496">
         <name>__TI_closefile</name>
         <value>0x6a39</value>
         <object_component_ref idref="oc-366"/>
      </symbol>
      <symbol id="sm-49e">
         <name>HOSTexit</name>
         <value>0x85ed</value>
         <object_component_ref idref="oc-1f8"/>
      </symbol>
      <symbol id="sm-49f">
         <name>C$$EXIT</name>
         <value>0x85ec</value>
         <object_component_ref idref="oc-1f8"/>
      </symbol>
      <symbol id="sm-4a9">
         <name>write</name>
         <value>0x8201</value>
         <object_component_ref idref="oc-21c"/>
      </symbol>
      <symbol id="sm-4ae">
         <name>_device</name>
         <value>0x20201528</value>
         <object_component_ref idref="oc-32b"/>
      </symbol>
      <symbol id="sm-4af">
         <name>_stream</name>
         <value>0x20201604</value>
         <object_component_ref idref="oc-2b8"/>
      </symbol>
      <symbol id="sm-4b8">
         <name>remove</name>
         <value>0x85d9</value>
         <object_component_ref idref="oc-3aa"/>
      </symbol>
      <symbol id="sm-4c3">
         <name>lseek</name>
         <value>0x81d9</value>
         <object_component_ref idref="oc-35e"/>
      </symbol>
      <symbol id="sm-4cd">
         <name>close</name>
         <value>0x788d</value>
         <object_component_ref idref="oc-3a6"/>
      </symbol>
      <symbol id="sm-4d7">
         <name>unlink</name>
         <value>0x810d</value>
         <object_component_ref idref="oc-3d4"/>
      </symbol>
      <symbol id="sm-4e1">
         <name>HOSTclose</name>
         <value>0x7a09</value>
         <object_component_ref idref="oc-373"/>
      </symbol>
      <symbol id="sm-4eb">
         <name>HOSTlseek</name>
         <value>0x6ecd</value>
         <object_component_ref idref="oc-37f"/>
      </symbol>
      <symbol id="sm-4f5">
         <name>HOSTopen</name>
         <value>0x7475</value>
         <object_component_ref idref="oc-36f"/>
      </symbol>
      <symbol id="sm-4f6">
         <name>parmbuf</name>
         <value>0x20201420</value>
         <object_component_ref idref="oc-3b8"/>
      </symbol>
      <symbol id="sm-500">
         <name>HOSTread</name>
         <value>0x758d</value>
         <object_component_ref idref="oc-377"/>
      </symbol>
      <symbol id="sm-511">
         <name>HOSTrename</name>
         <value>0x6f39</value>
         <object_component_ref idref="oc-387"/>
      </symbol>
      <symbol id="sm-51b">
         <name>HOSTunlink</name>
         <value>0x7a51</value>
         <object_component_ref idref="oc-383"/>
      </symbol>
      <symbol id="sm-525">
         <name>HOSTwrite</name>
         <value>0x75e5</value>
         <object_component_ref idref="oc-37b"/>
      </symbol>
      <symbol id="sm-533">
         <name>C$$IO$$</name>
         <value>0x7f55</value>
         <object_component_ref idref="oc-3b1"/>
      </symbol>
      <symbol id="sm-534">
         <name>__TI_writemsg</name>
         <value>0x7f29</value>
         <object_component_ref idref="oc-3b1"/>
      </symbol>
      <symbol id="sm-535">
         <name>__CIOBUF_</name>
         <value>0x20201000</value>
         <object_component_ref idref="oc-3db"/>
      </symbol>
      <symbol id="sm-536">
         <name>__TI_readmsg</name>
         <value>0x7ef5</value>
         <object_component_ref idref="oc-3b7"/>
      </symbol>
      <symbol id="sm-537">
         <name>_CIOBUF_</name>
         <value>0x20201000</value>
         <object_component_ref idref="oc-3db"/>
      </symbol>
      <symbol id="sm-53d">
         <name>__aeabi_fadd</name>
         <value>0x620b</value>
         <object_component_ref idref="oc-113"/>
      </symbol>
      <symbol id="sm-53e">
         <name>__addsf3</name>
         <value>0x620b</value>
         <object_component_ref idref="oc-113"/>
      </symbol>
      <symbol id="sm-53f">
         <name>__aeabi_fsub</name>
         <value>0x6201</value>
         <object_component_ref idref="oc-113"/>
      </symbol>
      <symbol id="sm-540">
         <name>__subsf3</name>
         <value>0x6201</value>
         <object_component_ref idref="oc-113"/>
      </symbol>
      <symbol id="sm-546">
         <name>__aeabi_dadd</name>
         <value>0x42bb</value>
         <object_component_ref idref="oc-133"/>
      </symbol>
      <symbol id="sm-547">
         <name>__adddf3</name>
         <value>0x42bb</value>
         <object_component_ref idref="oc-133"/>
      </symbol>
      <symbol id="sm-548">
         <name>__aeabi_dsub</name>
         <value>0x42b1</value>
         <object_component_ref idref="oc-133"/>
      </symbol>
      <symbol id="sm-549">
         <name>__subdf3</name>
         <value>0x42b1</value>
         <object_component_ref idref="oc-133"/>
      </symbol>
      <symbol id="sm-552">
         <name>__aeabi_dmul</name>
         <value>0x5f65</value>
         <object_component_ref idref="oc-ee"/>
      </symbol>
      <symbol id="sm-553">
         <name>__muldf3</name>
         <value>0x5f65</value>
         <object_component_ref idref="oc-ee"/>
      </symbol>
      <symbol id="sm-559">
         <name>__muldsi3</name>
         <value>0x7ddd</value>
         <object_component_ref idref="oc-19e"/>
      </symbol>
      <symbol id="sm-55f">
         <name>__aeabi_fmul</name>
         <value>0x6799</value>
         <object_component_ref idref="oc-121"/>
      </symbol>
      <symbol id="sm-560">
         <name>__mulsf3</name>
         <value>0x6799</value>
         <object_component_ref idref="oc-121"/>
      </symbol>
      <symbol id="sm-566">
         <name>__aeabi_fdiv</name>
         <value>0x6939</value>
         <object_component_ref idref="oc-12f"/>
      </symbol>
      <symbol id="sm-567">
         <name>__divsf3</name>
         <value>0x6939</value>
         <object_component_ref idref="oc-12f"/>
      </symbol>
      <symbol id="sm-56d">
         <name>__aeabi_ddiv</name>
         <value>0x569d</value>
         <object_component_ref idref="oc-304"/>
      </symbol>
      <symbol id="sm-56e">
         <name>__divdf3</name>
         <value>0x569d</value>
         <object_component_ref idref="oc-304"/>
      </symbol>
      <symbol id="sm-574">
         <name>__aeabi_f2d</name>
         <value>0x7bf1</value>
         <object_component_ref idref="oc-125"/>
      </symbol>
      <symbol id="sm-575">
         <name>__extendsfdf2</name>
         <value>0x7bf1</value>
         <object_component_ref idref="oc-125"/>
      </symbol>
      <symbol id="sm-57b">
         <name>__aeabi_d2iz</name>
         <value>0x7975</value>
         <object_component_ref idref="oc-343"/>
      </symbol>
      <symbol id="sm-57c">
         <name>__fixdfsi</name>
         <value>0x7975</value>
         <object_component_ref idref="oc-343"/>
      </symbol>
      <symbol id="sm-582">
         <name>__aeabi_f2iz</name>
         <value>0x7e19</value>
         <object_component_ref idref="oc-117"/>
      </symbol>
      <symbol id="sm-583">
         <name>__fixsfsi</name>
         <value>0x7e19</value>
         <object_component_ref idref="oc-117"/>
      </symbol>
      <symbol id="sm-589">
         <name>__aeabi_d2uiz</name>
         <value>0x7b6d</value>
         <object_component_ref idref="oc-f2"/>
      </symbol>
      <symbol id="sm-58a">
         <name>__fixunsdfsi</name>
         <value>0x7b6d</value>
         <object_component_ref idref="oc-f2"/>
      </symbol>
      <symbol id="sm-590">
         <name>__aeabi_i2d</name>
         <value>0x8089</value>
         <object_component_ref idref="oc-ea"/>
      </symbol>
      <symbol id="sm-591">
         <name>__floatsidf</name>
         <value>0x8089</value>
         <object_component_ref idref="oc-ea"/>
      </symbol>
      <symbol id="sm-597">
         <name>__aeabi_i2f</name>
         <value>0x7ced</value>
         <object_component_ref idref="oc-10f"/>
      </symbol>
      <symbol id="sm-598">
         <name>__floatsisf</name>
         <value>0x7ced</value>
         <object_component_ref idref="oc-10f"/>
      </symbol>
      <symbol id="sm-59e">
         <name>__aeabi_ui2f</name>
         <value>0x8189</value>
         <object_component_ref idref="oc-8e"/>
      </symbol>
      <symbol id="sm-59f">
         <name>__floatunsisf</name>
         <value>0x8189</value>
         <object_component_ref idref="oc-8e"/>
      </symbol>
      <symbol id="sm-5a5">
         <name>__aeabi_lmul</name>
         <value>0x8299</value>
         <object_component_ref idref="oc-2d9"/>
      </symbol>
      <symbol id="sm-5a6">
         <name>__muldi3</name>
         <value>0x8299</value>
         <object_component_ref idref="oc-2d9"/>
      </symbol>
      <symbol id="sm-5ad">
         <name>__aeabi_d2f</name>
         <value>0x6c21</value>
         <object_component_ref idref="oc-129"/>
      </symbol>
      <symbol id="sm-5ae">
         <name>__truncdfsf2</name>
         <value>0x6c21</value>
         <object_component_ref idref="oc-129"/>
      </symbol>
      <symbol id="sm-5b4">
         <name>__aeabi_dcmpeq</name>
         <value>0x734d</value>
         <object_component_ref idref="oc-2e3"/>
      </symbol>
      <symbol id="sm-5b5">
         <name>__aeabi_dcmplt</name>
         <value>0x7361</value>
         <object_component_ref idref="oc-2e3"/>
      </symbol>
      <symbol id="sm-5b6">
         <name>__aeabi_dcmple</name>
         <value>0x7375</value>
         <object_component_ref idref="oc-2e3"/>
      </symbol>
      <symbol id="sm-5b7">
         <name>__aeabi_dcmpge</name>
         <value>0x7389</value>
         <object_component_ref idref="oc-2e3"/>
      </symbol>
      <symbol id="sm-5b8">
         <name>__aeabi_dcmpgt</name>
         <value>0x739d</value>
         <object_component_ref idref="oc-2e3"/>
      </symbol>
      <symbol id="sm-5c1">
         <name>__aeabi_fcmpeq</name>
         <value>0x73b1</value>
         <object_component_ref idref="oc-92"/>
      </symbol>
      <symbol id="sm-5c2">
         <name>__aeabi_fcmplt</name>
         <value>0x73c5</value>
         <object_component_ref idref="oc-92"/>
      </symbol>
      <symbol id="sm-5c3">
         <name>__aeabi_fcmple</name>
         <value>0x73d9</value>
         <object_component_ref idref="oc-92"/>
      </symbol>
      <symbol id="sm-5c4">
         <name>__aeabi_fcmpge</name>
         <value>0x73ed</value>
         <object_component_ref idref="oc-92"/>
      </symbol>
      <symbol id="sm-5c5">
         <name>__aeabi_fcmpgt</name>
         <value>0x7401</value>
         <object_component_ref idref="oc-92"/>
      </symbol>
      <symbol id="sm-5cb">
         <name>__aeabi_idiv</name>
         <value>0x76ed</value>
         <object_component_ref idref="oc-397"/>
      </symbol>
      <symbol id="sm-5cc">
         <name>__aeabi_idivmod</name>
         <value>0x76ed</value>
         <object_component_ref idref="oc-397"/>
      </symbol>
      <symbol id="sm-5d2">
         <name>__aeabi_memcpy</name>
         <value>0x85b1</value>
         <object_component_ref idref="oc-52"/>
      </symbol>
      <symbol id="sm-5d3">
         <name>__aeabi_memcpy4</name>
         <value>0x85b1</value>
         <object_component_ref idref="oc-52"/>
      </symbol>
      <symbol id="sm-5d4">
         <name>__aeabi_memcpy8</name>
         <value>0x85b1</value>
         <object_component_ref idref="oc-52"/>
      </symbol>
      <symbol id="sm-5dd">
         <name>__aeabi_memset</name>
         <value>0x84f1</value>
         <object_component_ref idref="oc-2c8"/>
      </symbol>
      <symbol id="sm-5de">
         <name>__aeabi_memset4</name>
         <value>0x84f1</value>
         <object_component_ref idref="oc-2c8"/>
      </symbol>
      <symbol id="sm-5df">
         <name>__aeabi_memset8</name>
         <value>0x84f1</value>
         <object_component_ref idref="oc-2c8"/>
      </symbol>
      <symbol id="sm-5e0">
         <name>__aeabi_memclr</name>
         <value>0x8529</value>
         <object_component_ref idref="oc-b4"/>
      </symbol>
      <symbol id="sm-5e1">
         <name>__aeabi_memclr4</name>
         <value>0x8529</value>
         <object_component_ref idref="oc-b4"/>
      </symbol>
      <symbol id="sm-5e2">
         <name>__aeabi_memclr8</name>
         <value>0x8529</value>
         <object_component_ref idref="oc-b4"/>
      </symbol>
      <symbol id="sm-5e8">
         <name>__aeabi_uidiv</name>
         <value>0x7bb1</value>
         <object_component_ref idref="oc-cf"/>
      </symbol>
      <symbol id="sm-5e9">
         <name>__aeabi_uidivmod</name>
         <value>0x7bb1</value>
         <object_component_ref idref="oc-cf"/>
      </symbol>
      <symbol id="sm-5ef">
         <name>__aeabi_uldivmod</name>
         <value>0x8415</value>
         <object_component_ref idref="oc-2de"/>
      </symbol>
      <symbol id="sm-5f8">
         <name>__eqsf2</name>
         <value>0x7da1</value>
         <object_component_ref idref="oc-103"/>
      </symbol>
      <symbol id="sm-5f9">
         <name>__lesf2</name>
         <value>0x7da1</value>
         <object_component_ref idref="oc-103"/>
      </symbol>
      <symbol id="sm-5fa">
         <name>__ltsf2</name>
         <value>0x7da1</value>
         <object_component_ref idref="oc-103"/>
      </symbol>
      <symbol id="sm-5fb">
         <name>__nesf2</name>
         <value>0x7da1</value>
         <object_component_ref idref="oc-103"/>
      </symbol>
      <symbol id="sm-5fc">
         <name>__cmpsf2</name>
         <value>0x7da1</value>
         <object_component_ref idref="oc-103"/>
      </symbol>
      <symbol id="sm-5fd">
         <name>__gtsf2</name>
         <value>0x7d29</value>
         <object_component_ref idref="oc-108"/>
      </symbol>
      <symbol id="sm-5fe">
         <name>__gesf2</name>
         <value>0x7d29</value>
         <object_component_ref idref="oc-108"/>
      </symbol>
      <symbol id="sm-604">
         <name>__udivmoddi4</name>
         <value>0x65bd</value>
         <object_component_ref idref="oc-33a"/>
      </symbol>
      <symbol id="sm-60a">
         <name>__aeabi_llsl</name>
         <value>0x8325</value>
         <object_component_ref idref="oc-38e"/>
      </symbol>
      <symbol id="sm-60b">
         <name>__ashldi3</name>
         <value>0x8325</value>
         <object_component_ref idref="oc-38e"/>
      </symbol>
      <symbol id="sm-619">
         <name>__ledf2</name>
         <value>0x7151</value>
         <object_component_ref idref="oc-350"/>
      </symbol>
      <symbol id="sm-61a">
         <name>__gedf2</name>
         <value>0x6bad</value>
         <object_component_ref idref="oc-356"/>
      </symbol>
      <symbol id="sm-61b">
         <name>__cmpdf2</name>
         <value>0x7151</value>
         <object_component_ref idref="oc-350"/>
      </symbol>
      <symbol id="sm-61c">
         <name>__eqdf2</name>
         <value>0x7151</value>
         <object_component_ref idref="oc-350"/>
      </symbol>
      <symbol id="sm-61d">
         <name>__ltdf2</name>
         <value>0x7151</value>
         <object_component_ref idref="oc-350"/>
      </symbol>
      <symbol id="sm-61e">
         <name>__nedf2</name>
         <value>0x7151</value>
         <object_component_ref idref="oc-350"/>
      </symbol>
      <symbol id="sm-61f">
         <name>__gtdf2</name>
         <value>0x6bad</value>
         <object_component_ref idref="oc-356"/>
      </symbol>
      <symbol id="sm-62b">
         <name>__aeabi_idiv0</name>
         <value>0x665f</value>
         <object_component_ref idref="oc-184"/>
      </symbol>
      <symbol id="sm-62c">
         <name>__aeabi_ldiv0</name>
         <value>0x6797</value>
         <object_component_ref idref="oc-38d"/>
      </symbol>
      <symbol id="sm-63a">
         <name>finddevice</name>
         <value>0x7f91</value>
         <object_component_ref idref="oc-3e7"/>
      </symbol>
      <symbol id="sm-63b">
         <name>getdevice</name>
         <value>0x707d</value>
         <object_component_ref idref="oc-3de"/>
      </symbol>
      <symbol id="sm-654">
         <name>memcpy</name>
         <value>0x66fd</value>
         <object_component_ref idref="oc-140"/>
      </symbol>
      <symbol id="sm-663">
         <name>memset</name>
         <value>0x7413</value>
         <object_component_ref idref="oc-1b3"/>
      </symbol>
      <symbol id="sm-66b">
         <name>strcmp</name>
         <value>0x68b1</value>
         <object_component_ref idref="oc-3ea"/>
      </symbol>
      <symbol id="sm-66c">
         <name>__TI_static_base__</name>
         <value>0x0</value>
      </symbol>
      <symbol id="sm-670">
         <name>__mpu_init</name>
         <value>0x0</value>
      </symbol>
      <symbol id="sm-671">
         <name>_system_post_cinit</name>
         <value>0x0</value>
      </symbol>
   </symbol_table>
   <title>Link successful</title>
</link_info>
