******************************************************************************
            TI ARM Clang Linker PC v4.0.2                      
******************************************************************************
>> Linked Sat Jul 18 13:38:46 2026

OUTPUT FILE NAME:   <11_spi.out>
ENTRY POINT SYMBOL: "_c_int00_noargs"  address: 0000a4f1


MEMORY CONFIGURATION

         name            origin    length      used     unused   attr    fill
----------------------  --------  ---------  --------  --------  ----  --------
  FLASH                 00000000   00020000  0000e840  000117c0  R  X
  SRAM                  20200000   00008000  00001a76  0000658a  RW X
  BCR_CONFIG            41c00000   000000ff  00000000  000000ff  R   
  BSL_CONFIG            41c00100   00000080  00000000  00000080  R   


SEGMENT ALLOCATION MAP

run origin  load origin   length   init length attrs members
----------  ----------- ---------- ----------- ----- -------
00000000    00000000    0000e2e0   0000e2e0    r-x
  00000000    00000000    000000c0   000000c0    r-- .intvecs
  000000c0    000000c0    0000a850   0000a850    r-x .text
  0000a910    0000a910    000039d0   000039d0    r-- .rodata
0000e340    0000e340    00000100   00000100    r--
  0000e340    0000e340    000000f0   000000f0    r-- .cinit
  0000e430    0000e430    00000010   00000010    r-- .binit
0001fc00    0001fc00    00000400   00000000    rw-
  0001fc00    0001fc00    00000400   00000000    rw- .common:g_task4_flash_reserve
20200000    20200000    00001816   00000000    rw-
  20200000    20200000    00001000   00000000    rw- .sysmem
  20201000    20201000    00000438   00000000    rw- .bss
  20201438    20201438    000003de   00000000    rw- .data
20201818    0000e2e0    00000060   00000060    r-x
  20201818    0000e2e0    00000060   00000060    r-x .TI.ramfunc
20207e00    20207e00    00000200   00000000    rw-
  20207e00    20207e00    00000200   00000000    rw- .stack


SECTION ALLOCATION MAP

 output                                  attributes/
section   page    origin      length       input sections
--------  ----  ----------  ----------   ----------------
.intvecs   0    00000000    000000c0     
                  00000000    000000c0     startup_mspm0g350x_ticlang.o (.intvecs)

.text      0    000000c0    0000a850     
                  000000c0    00001328     task3.o (.text.task3)
                  000013e8    000012a8     lcd_init.o (.text.LCD_Init)
                  00002690    00000bdc     libc.a : _scanfi.c.obj (.text.__TI_scanfi)
                  0000326c    000009d0            : _printfi.c.obj (.text:__TI_printfi)
                  00003c3c    000004fc     task4.o (.text.task4)
                  00004138    00000478     empty.o (.text.main)
                  000045b0    00000400     lcd.o (.text.LCD_ShowChar)
                  000049b0    000003b8     libc.a : strtod.c.obj (.text.strtod)
                  00004d68    000002c0     lcd.o (.text.LCD_Fill)
                  00005028    0000026c     task2.o (.text.task2)
                  00005294    00000224     k210_use.o (.text.deal_data)
                  000054b8    00000220     libc.a : _printfi.c.obj (.text._pconv_a)
                  000056d8    000001fc     task1.o (.text.task1)
                  000058d4    000001f8     motor.o (.text.DisplayPIDInfo)
                  00005acc    000001e0     libc.a : strtoll.c.obj (.text.strtoll)
                  00005cac    000001dc     grey.o (.text.Get_Huidu)
                  00005e88    000001dc     libc.a : _printfi.c.obj (.text._pconv_g)
                  00006064    000001d4     task3.o (.text.task3_heading_correction)
                  00006238    000001bc     k210_use.o (.text.recv_k210msg)
                  000063f4    00000192     libclang_rt.builtins.a : adddf3.S.obj (.text.adddf3_subdf3)
                  00006586    00000002     startup_mspm0g350x_ticlang.o (.text.Default_Handler)
                  00006588    0000016c     libc.a : strtoull.c.obj (.text.strtoull)
                  000066f4    00000164     ti_msp_dl_config.o (.text.SYSCFG_DL_GPIO_init)
                  00006858    0000014c     motor.o (.text.PID_Calculate_Angle)
                  000069a4    00000144     encoder.o (.text.MEASURE_MOTORS_SPEED)
                  00006ae8    00000144     libc.a : strtol.c.obj (.text.strtol)
                  00006c2c    0000013c            : _printfi.c.obj (.text.fcvt)
                  00006d68    0000012c            : strtoul.c.obj (.text.strtoul)
                  00006e94    00000128     empty.o (.text.TIMA1_IRQHandler)
                  00006fbc    00000120     libc.a : _printfi.c.obj (.text._pconv_e)
                  000070dc    00000114            : memory.c.obj (.text.aligned_alloc)
                  000071f0    00000114     test.o (.text.test_1)
                  00007304    0000010c     lcd_init.o (.text.LCD_Address_Set)
                  00007410    0000010c     motor.o (.text.SET_MOTORS_SPEED)
                  0000751c    0000010c     libclang_rt.builtins.a : divdf3.S.obj (.text.__divdf3)
                  00007628    00000108     motor.o (.text.PID_Calculate)
                  00007730    00000104     driverlib.a : dl_timer.o (.text.DL_Timer_initFourCCPWMMode)
                  00007834    00000104     lcd_init.o (.text.LCD_WR_DATA)
                  00007938    00000104     task5.o (.text.task5)
                  00007a3c    000000fc     driverlib.a : dl_timer.o (.text.DL_Timer_initTimerMode)
                  00007b38    000000f8     libc.a : fputs.c.obj (.text.fputs)
                  00007c30    000000ec     test.o (.text.test_2)
                  00007d1c    000000e8     libc.a : memory.c.obj (.text.free)
                  00007e04    000000e4     motor.o (.text.AdjustPIDParam)
                  00007ee8    000000e4     libclang_rt.builtins.a : muldf3.S.obj (.text.__muldf3)
                  00007fcc    000000e4     task5.o (.text.task5_show)
                  000080b0    000000e0     libc.a : setvbuf.c.obj (.text.setvbuf)
                  00008190    000000d8     driverlib.a : dl_flashctl.o (.text.DL_FlashCTL_unprotectSector)
                  00008268    000000d8     libc.a : s_scalbn.c.obj (.text.scalbn)
                  00008340    000000d8     libclang_rt.builtins.a : addsf3.S.obj (.text)
                  00008418    000000d4     ti_msp_dl_config.o (.text.SYSCFG_DL_PWM_Motor_init)
                  000084ec    000000c0     imu.o (.text.HWT101_IRQHandler)
                  000085ac    000000ac     encoder.o (.text.GROUP1_IRQHandler)
                  00008658    000000a4     board.o (.text.usart3_send_bytes)
                  000086fc    000000a2     libclang_rt.builtins.a : udivmoddi4.S.obj (.text)
                  0000879e    00000002                            : aeabi_div0.c.obj (.text.__aeabi_idiv0)
                  000087a0    0000009c     test.o (.text.display_grey_info)
                  0000883c    0000009a     libc.a : memcpy16.S.obj (.text:memcpy)
                  000088d6    00000002     libclang_rt.builtins.a : aeabi_div0.c.obj (.text.__aeabi_ldiv0)
                  000088d8    0000008c                            : mulsf3.S.obj (.text.__mulsf3)
                  00008964    0000008c     key.o (.text.get_key_state)
                  000089f0    00000088     libc.a : strcmp-armv6m.S.obj (.text:strcmp)
                  00008a78    00000082     libclang_rt.builtins.a : divsf3.S.obj (.text.__divsf3)
                  00008afa    00000002     libc.a : _lock.c.obj (.text._nop)
                  00008afc    00000080     driverlib.a : dl_flashctl.o (.text.DL_FlashCTL_programMemoryBlockingFromRAM64WithECCGenerated)
                  00008b7c    0000007c     car_control.o (.text.Car_Tracing)
                  00008bf8    0000007c     libc.a : fclose.c.obj (.text.__TI_closefile)
                  00008c74    0000007c     imu.o (.text.parse_angular_velocity)
                  00008cf0    0000007c     libc.a : copy_decompress_lzss.c.obj (.text:decompress:lzss)
                  00008d6c    00000074     libclang_rt.builtins.a : comparedf2.c.obj (.text.__gedf2)
                  00008de0    00000074                            : truncdfsf2.S.obj (.text.__truncdfsf2)
                  00008e54    00000074     libc.a : sscanf.c.obj (.text._chkmbc)
                  00008ec8    00000074     imu.o (.text.calibrate_z_axis_zero)
                  00008f3c    00000070     ti_msp_dl_config.o (.text.SYSCFG_DL_UART_0_init)
                  00008fac    00000070     ti_msp_dl_config.o (.text.SYSCFG_DL_UART_1_init)
                  0000901c    00000070     ti_msp_dl_config.o (.text.SYSCFG_DL_initPower)
                  0000908c    0000006c     libsysbm.a : hostlseek.c.obj (.text.HOSTlseek)
                  000090f8    0000006c                : hostrename.c.obj (.text.HOSTrename)
                  00009164    0000006c     ti_msp_dl_config.o (.text.SYSCFG_DL_UART_3_init)
                  000091d0    0000006c     libc.a : fseek.c.obj (.text.fseeko)
                  0000923c    0000006c            : getdevice.c.obj (.text.getdevice)
                  000092a8    0000006c     task4.o (.text.task4_load_straight_calibration)
                  00009314    00000068     car_control.o (.text.Car_GoStraight)
                  0000937c    00000068     libclang_rt.builtins.a : comparedf2.c.obj (.text.__ledf2)
                  000093e4    00000066     libc.a : _printfi.c.obj (.text._mcpy)
                  0000944a    00000064            : _io_perm.c.obj (.text.__TI_wrt_ok)
                  000094ae    00000002     --HOLE-- [fill = 0]
                  000094b0    00000064            : memory.c.obj (.text.split)
                  00009514    00000062     libclang_rt.builtins.a : aeabi_dcmp.S.obj (.text.__aeabi_dcmp)
                  00009576    00000002     --HOLE-- [fill = 0]
                  00009578    00000062                            : aeabi_fcmp.S.obj (.text.__aeabi_fcmp)
                  000095da    00000062     libc.a : memset16.S.obj (.text:memset)
                  0000963c    00000060     libsysbm.a : hostopen.c.obj (.text.HOSTopen)
                  0000969c    0000005c     libc.a : s_frexp.c.obj (.text.frexp)
                  000096f8    0000005c            : printf.c.obj (.text.printf)
                  00009754    00000058     libsysbm.a : hostread.c.obj (.text.HOSTread)
                  000097ac    00000058                : hostwrite.c.obj (.text.HOSTwrite)
                  00009804    00000058     libc.a : _ltoa.c.obj (.text.__TI_ltoa)
                  0000985c    00000058            : _printfi.c.obj (.text._pconv_f)
                  000098b4    00000056     libclang_rt.builtins.a : aeabi_idivmod.S.obj (.text.__aeabi_idivmod)
                  0000990a    00000002     --HOLE-- [fill = 0]
                  0000990c    00000054     ti_msp_dl_config.o (.text.SYSCFG_DL_init)
                  00009960    00000052     libc.a : fflush.c.obj (.text.__TI_doflush)
                  000099b2    00000052            : _printfi.c.obj (.text._ecpy)
                  00009a04    00000050     ti_msp_dl_config.o (.text.SYSCFG_DL_TIMER_0_init)
                  00009a54    00000050     libsysbm.a : close.c.obj (.text.close)
                  00009aa4    0000004c     libc.a : cpy_tbl.c.obj (.text.copy_in)
                  00009af0    0000004c     motor.o (.text.motor_init)
                  00009b3c    0000004c     libc.a : snprintf.c.obj (.text.snprintf)
                  00009b88    0000004c            : autoinit.c.obj (.text:__TI_auto_init_nopinit)
                  00009bd4    0000004a     lcd.o (.text.LCD_ShowString)
                  00009c1e    00000002     --HOLE-- [fill = 0]
                  00009c20    0000004a     libclang_rt.builtins.a : fixdfsi.S.obj (.text.__fixdfsi)
                  00009c6a    00000002     --HOLE-- [fill = 0]
                  00009c6c    00000048     driverlib.a : dl_uart.o (.text.DL_UART_init)
                  00009cb4    00000048     libsysbm.a : hostclose.c.obj (.text.HOSTclose)
                  00009cfc    00000048                : hostunlink.c.obj (.text.HOSTunlink)
                  00009d44    00000048     ti_msp_dl_config.o (.text.SYSCFG_DL_SPI_init)
                  00009d8c    00000048     motor.o (.text.SelectNextPID)
                  00009dd4    00000044     driverlib.a : dl_spi.o (.text.DL_SPI_init)
                  00009e18    00000042     libclang_rt.builtins.a : fixunsdfsi.S.obj (.text.__fixunsdfsi)
                  00009e5a    00000002     --HOLE-- [fill = 0]
                  00009e5c    00000040                            : aeabi_uidivmod.S.obj (.text.__aeabi_uidivmod)
                  00009e9c    00000040                            : extendsfdf2.S.obj (.text.__extendsfdf2)
                  00009edc    00000040     libc.a : atoi.c.obj (.text.atoi)
                  00009f1c    00000040     board.o (.text.delay_ms)
                  00009f5c    0000003c     ti_msp_dl_config.o (.text.SYSCFG_DL_SYSCTL_init)
                  00009f98    0000003c     libclang_rt.builtins.a : floatsisf.S.obj (.text.__floatsisf)
                  00009fd4    0000003c                            : comparesf2.S.obj (.text.__gtsf2)
                  0000a010    0000003a                            : comparesf2.S.obj (.text.__eqsf2)
                  0000a04a    00000002     --HOLE-- [fill = 0]
                  0000a04c    0000003a                            : muldsi3.S.obj (.text.__muldsi3)
                  0000a086    00000002     --HOLE-- [fill = 0]
                  0000a088    00000038                            : fixsfsi.S.obj (.text.__fixsfsi)
                  0000a0c0    00000038     libc.a : sprintf.c.obj (.text.sprintf)
                  0000a0f8    00000034            : fopen.c.obj (.text.__TI_cleanup)
                  0000a12c    00000034     libsysbm.a : trgmsg.c.obj (.text.__TI_readmsg)
                  0000a160    00000034                : trgmsg.c.obj (.text.__TI_writemsg)
                  0000a194    00000034     board.o (.text.board_init)
                  0000a1c8    00000034     libc.a : exit.c.obj (.text.exit)
                  0000a1fc    00000034            : getdevice.c.obj (.text.finddevice)
                  0000a230    00000034     board.o (.text.uart0_send_string)
                  0000a264    00000030     driverlib.a : dl_uart.o (.text.DL_UART_transmitDataBlocking)
                  0000a294    00000030     libc.a : _printfi.c.obj (.text._fcpy)
                  0000a2c4    00000030            : snprintf.c.obj (.text._outs)
                  0000a2f4    00000030            : sscanf.c.obj (.text.sscanf)
                  0000a324    0000002c     board.o (.text.Start_Alarm)
                  0000a350    0000002c     libclang_rt.builtins.a : floatsidf.S.obj (.text.__floatsidf)
                  0000a37c    0000002c     encoder.o (.text.encoder_init)
                  0000a3a8    0000002c     imu.o (.text.parse_yaw)
                  0000a3d4    0000002c     libsysbm.a : unlink.c.obj (.text.unlink)
                  0000a400    00000028     board.o (.text.UART0_IRQHandler)
                  0000a428    00000028     board.o (.text.UART1_IRQHandler)
                  0000a450    00000028     libclang_rt.builtins.a : floatunsisf.S.obj (.text.__floatunsisf)
                  0000a478    00000028     libc.a : memory.c.obj (.text.free_list_insert)
                  0000a4a0    00000028     libsysbm.a : lseek.c.obj (.text.lseek)
                  0000a4c8    00000028                : write.c.obj (.text.write)
                  0000a4f0    00000028     libc.a : boot_cortex_m.c.obj (.text:_c_int00_noargs)
                  0000a518    00000024     car_control.o (.text.GoS_stop)
                  0000a53c    00000024     car_control.o (.text.Trc_stop)
                  0000a560    00000024     libclang_rt.builtins.a : muldi3.S.obj (.text.__muldi3)
                  0000a584    00000024     libc.a : fputs.c.obj (.text.puts)
                  0000a5a8    00000022            : memccpy.c.obj (.text.memccpy)
                  0000a5ca    00000002     --HOLE-- [fill = 0]
                  0000a5cc    00000020     board.o (.text.fputc)
                  0000a5ec    0000001e     libclang_rt.builtins.a : ashldi3.S.obj (.text.__ashldi3)
                  0000a60a    00000002     --HOLE-- [fill = 0]
                  0000a60c    0000001c     driverlib.a : dl_timer.o (.text.DL_Timer_setCaptCompUpdateMethod)
                  0000a628    0000001c                 : dl_timer.o (.text.DL_Timer_setClockConfig)
                  0000a644    0000001c     encoder.o (.text.Reset_Distance)
                  0000a660    0000001c     ti_msp_dl_config.o (.text.SYSCFG_DL_SYSTICK_init)
                  0000a67c    0000001c     libc.a : memory.c.obj (.text.free_list_remove)
                  0000a698    00000018     driverlib.a : dl_flashctl.o (.text.DL_FlashCTL_eraseMemoryFromRAM)
                  0000a6b0    00000018                 : dl_timer.o (.text.DL_Timer_setCaptureCompareOutCtl)
                  0000a6c8    00000018     libc.a : snprintf.c.obj (.text._outc)
                  0000a6e0    00000018            : sprintf.c.obj (.text._outs)
                  0000a6f8    00000014     motor.o (.text.SelectNextParam)
                  0000a70c    00000014     libclang_rt.builtins.a : aeabi_uldivmod.S.obj (.text.__aeabi_uldivmod)
                  0000a720    00000014     libc.a : sscanf.c.obj (.text._inpchar)
                  0000a734    00000014            : _printfi.c.obj (.text.strchr)
                  0000a748    00000012     driverlib.a : dl_spi.o (.text.DL_SPI_setClockConfig)
                  0000a75a    00000012                 : dl_uart.o (.text.DL_UART_setClockConfig)
                  0000a76c    00000012     motor.o (.text.PID_Reset)
                  0000a77e    00000012     libc.a : copy_decompress_none.c.obj (.text:decompress:none)
                  0000a790    00000010     driverlib.a : dl_timer.o (.text.DL_Timer_setCaptureCompareValue)
                  0000a7a0    00000010     libc.a : wcslen.c.obj (.text.wcslen)
                  0000a7b0    00000010            : copy_zero_init.c.obj (.text:decompress:ZI)
                  0000a7c0    0000000e            : memory.c.obj (.text.OUTLINED_FUNCTION_0)
                  0000a7ce    0000000e            : _scanfi.c.obj (.text.OUTLINED_FUNCTION_1)
                  0000a7dc    0000000e            : _scanfi.c.obj (.text.OUTLINED_FUNCTION_2)
                  0000a7ea    0000000e            : _scanfi.c.obj (.text.OUTLINED_FUNCTION_4)
                  0000a7f8    0000000e     libclang_rt.builtins.a : aeabi_memset.S.obj (.text.__aeabi_memset)
                  0000a806    0000000e     libsysbm.a : hostrename.c.obj (.text.strcpy)
                  0000a814    0000000e     libc.a : _printfi.c.obj (.text.strlen)
                  0000a822    0000000e     libsysbm.a : hostrename.c.obj (.text.strlen)
                  0000a830    0000000c     libclang_rt.builtins.a : aeabi_memset.S.obj (.text.__aeabi_memclr)
                  0000a83c    0000000c     libc.a : memory.c.obj (.text.malloc)
                  0000a848    0000000a     driverlib.a : dl_common.o (.text.DL_Common_delayCycles)
                  0000a852    0000000a     libc.a : _printfi.c.obj (.text.OUTLINED_FUNCTION_0)
                  0000a85c    00000010     libclang_rt.builtins.a : adddf3.S.obj (.tramp.__aeabi_dsub.1)
                  0000a86c    0000000a     libc.a : _printfi.c.obj (.text.OUTLINED_FUNCTION_1)
                  0000a876    0000000a            : sprintf.c.obj (.text._outc)
                  0000a880    00000008            : _scanfi.c.obj (.text.OUTLINED_FUNCTION_0)
                  0000a888    00000008            : strtod.c.obj (.text.OUTLINED_FUNCTION_0)
                  0000a890    00000008            : strtod.c.obj (.text.OUTLINED_FUNCTION_1)
                  0000a898    00000010     libclang_rt.builtins.a : aeabi_dcmp.S.obj (.tramp.__aeabi_dcmpeq.1)
                  0000a8a8    00000008     board.o (.text.UART3_IRQHandler)
                  0000a8b0    00000008     libc.a : aeabi_portable.c.obj (.text.__aeabi_errno_addr)
                  0000a8b8    00000008     libclang_rt.builtins.a : aeabi_memcpy.S.obj (.text.__aeabi_memcpy)
                  0000a8c0    00000008     libc.a : printf.c.obj (.text._outc)
                  0000a8c8    00000008            : printf.c.obj (.text._outs)
                  0000a8d0    00000008            : sscanf.c.obj (.text._uninpchar)
                  0000a8d8    00000008            : fseek.c.obj (.text.fseek)
                  0000a8e0    00000008     libsysbm.a : remove.c.obj (.text.remove)
                  0000a8e8    00000006     libc.a : _scanfi.c.obj (.text.OUTLINED_FUNCTION_3)
                  0000a8ee    00000006            : exit.c.obj (.text:abort)
                  0000a8f4    00000004     libsysbm.a : hostexit.c.obj (.text.HOSTexit)
                  0000a8f8    00000004     startup_mspm0g350x_ticlang.o (.text.Reset_Handler)
                  0000a8fc    00000004     libc.a : pre_init.c.obj (.text._system_pre_init)
                  0000a900    00000010     driverlib.a : dl_flashctl.o (.tramp.DL_FlashCTL_executeCommandFromRAM.1)

.TI.ramfunc 
*          0    0000e2e0    00000060     RUN ADDR = 20201818
                  0000e2e0    00000060     driverlib.a : dl_flashctl.o (.TI.ramfunc)

.cinit     0    0000e340    000000f0     
                  0000e340    000000c5     (.cinit..data.load) [load image, compression = lzss]
                  0000e405    00000003     --HOLE-- [fill = 0]
                  0000e408    0000000c     (__TI_handler_table)
                  0000e414    00000008     (.cinit..bss.load) [load image, compression = zero_init]
                  0000e41c    00000010     (__TI_cinit_table)
                  0000e42c    00000004     --HOLE-- [fill = 0]

.rodata    0    0000a910    000039d0     
                  0000a910    000017c0     lcd.o (.rodata.ascii_3216)
                  0000c0d0    000011d0     lcd.o (.rodata.ascii_2412)
                  0000d2a0    000005f0     lcd.o (.rodata.ascii_1608)
                  0000d890    00000474     lcd.o (.rodata.ascii_1206)
                  0000dd04    0000000c     task4.o (.rodata.str1.16987587316518664378.1)
                  0000dd10    00000101     libc.a : aeabi_ctype.S.obj (.rodata:__aeabi_ctype_table_)
                  0000de11    00000007            : _scanfi.c.obj (.rodata._sproc_int.flit)
                  0000de18    00000080            : strtod.c.obj (.rodata.digits)
                  0000de98    00000054     grey.o (.rodata.validPatterns)
                  0000deec    00000004     libc.a : _scanfi.c.obj (.rodata.str1.3403580589742030990.1)
                  0000def0    00000048            : strtod.c.obj (.rodata.powerof10)
                  0000df38    00000027     motor.o (.rodata.str1.16283541626609597859.1)
                  0000df5f    00000026     motor.o (.rodata.str1.11256556312882183368.1)
                  0000df85    00000026     motor.o (.rodata.str1.3811099409374132751.1)
                  0000dfab    00000025     motor.o (.rodata.str1.13004429106194555362.1)
                  0000dfd0    0000001e     board.o (.rodata.str1.14718688681574296754.1)
                  0000dfee    00000002     ti_msp_dl_config.o (.rodata.gSPI_clockConfig)
                  0000dff0    0000001c     empty.o (.rodata..L__const.main.tasks)
                  0000e00c    00000017     imu.o (.rodata.str1.12928465911028644349.1)
                  0000e023    00000001     --HOLE-- [fill = 0]
                  0000e024    00000014     ti_msp_dl_config.o (.rodata.gTIMER_0TimerConfig)
                  0000e038    00000014     imu.o (.rodata.str1.4389406405266051030.1)
                  0000e04c    00000011     libc.a : _printfi.c.obj (.rodata.str1.10348868589481759720.1)
                  0000e05d    00000011            : _printfi.c.obj (.rodata.str1.15363888844622738466.1)
                  0000e06e    00000011     task5.o (.rodata.str1.7046483745022295045.1)
                  0000e07f    00000011     encoder.o (.rodata.str1.9848737184056090895.1)
                  0000e090    00000010     motor.o (.rodata.str1.11892704428151352792.1)
                  0000e0a0    00000010     task4.o (.rodata.str1.666300732344605881.1)
                  0000e0b0    0000000e     task2.o (.rodata.str1.18140362974859057224.1)
                  0000e0be    0000000e     task1.o (.rodata.str1.2693521694412614334.1)
                  0000e0cc    0000000d     motor.o (.rodata.str1.10718775090649846465.1)
                  0000e0d9    0000000d     motor.o (.rodata.str1.5850567729483738290.1)
                  0000e0e6    0000000d     motor.o (.rodata.str1.7408246413643671320.1)
                  0000e0f3    0000000c     task5.o (.rodata.str1.5784527531315820370.1)
                  0000e0ff    0000000c     task3.o (.rodata.str1.7422730275579732209.1)
                  0000e10b    0000000c     task4.o (.rodata.str1.746007476446065977.1)
                  0000e117    0000000c     task4.o (.rodata.str1.7741429861523339972.1)
                  0000e123    0000000b     task4.o (.rodata.str1.14693475981619658079.1)
                  0000e12e    0000000b     task3.o (.rodata.str1.17245279489556222837.1)
                  0000e139    0000000b     task4.o (.rodata.str1.7882717519681626436.1)
                  0000e144    0000000b     task3.o (.rodata.str1.7928042408382088649.1)
                  0000e14f    00000001     --HOLE-- [fill = 0]
                  0000e150    0000000a     ti_msp_dl_config.o (.rodata.gSPI_config)
                  0000e15a    0000000a     ti_msp_dl_config.o (.rodata.gUART_0Config)
                  0000e164    0000000a     ti_msp_dl_config.o (.rodata.gUART_1Config)
                  0000e16e    0000000a     ti_msp_dl_config.o (.rodata.gUART_3Config)
                  0000e178    0000000a     test.o (.rodata.str1.13195311622662957337.1)
                  0000e182    0000000a     task5.o (.rodata.str1.1747395996106520780.1)
                  0000e18c    0000000a     task4.o (.rodata.str1.2927989306007368566.1)
                  0000e196    0000000a     task3.o (.rodata.str1.3074446292550028957.1)
                  0000e1a0    0000000a     motor.o (.rodata.str1.4833480291612602813.1)
                  0000e1aa    0000000a     task3.o (.rodata.str1.6943650976428555652.1)
                  0000e1b4    0000000a     task4.o (.rodata.str1.7779316925660872153.1)
                  0000e1be    0000000a     task3.o (.rodata.str1.8776493895737376663.1)
                  0000e1c8    00000009     task3.o (.rodata.str1.12216839978602168404.1)
                  0000e1d1    00000009     motor.o (.rodata.str1.12748093362806134514.1)
                  0000e1da    00000009     task5.o (.rodata.str1.12945960676360080612.1)
                  0000e1e3    00000009     libc.a : _scanfi.c.obj (.rodata.str1.12964984209033246150.1)
                  0000e1ec    00000009     empty.o (.rodata.str1.14685083708502177989.1)
                  0000e1f5    00000009     test.o (.rodata.str1.2458067536081349416.1)
                  0000e1fe    00000009     empty.o (.rodata.str1.254342170260855183.1)
                  0000e207    00000009     k210_use.o (.rodata.str1.5338120588779007363.1)
                  0000e210    00000009     task3.o (.rodata.str1.535194614701659689.1)
                  0000e219    00000009     task3.o (.rodata.str1.5596820577256683519.1)
                  0000e222    00000009     task5.o (.rodata.str1.5644429600379769821.1)
                  0000e22b    00000009     motor.o (.rodata.str1.5725326084866254091.1)
                  0000e234    00000009     task4.o (.rodata.str1.7345236105445031322.1)
                  0000e23d    00000009     task5.o (.rodata.str1.9645811279908223088.1)
                  0000e246    00000002     ti_msp_dl_config.o (.rodata.gUART_0ClockConfig)
                  0000e248    00000008     libc.a : _scanfi.c.obj (.rodata..L__const._sproc_float.special)
                  0000e250    00000008     ti_msp_dl_config.o (.rodata.gPWM_MotorConfig)
                  0000e258    00000008     task5.o (.rodata.str1.16089187939385848941.1)
                  0000e260    00000008     test.o (.rodata.str1.4009026034208557851.1)
                  0000e268    00000008     motor.o (.rodata.str1.7730451719968352345.1)
                  0000e270    00000007     motor.o (.rodata.str1.11538805916039748247.1)
                  0000e277    00000007     motor.o (.rodata.str1.15967707057172716236.1)
                  0000e27e    00000007     test.o (.rodata.str1.16833763030739790347.1)
                  0000e285    00000007     task3.o (.rodata.str1.18103501090838184641.1)
                  0000e28c    00000007     task3.o (.rodata.str1.242418850956342210.1)
                  0000e293    00000007     motor.o (.rodata.str1.4632477961824299323.1)
                  0000e29a    00000007     test.o (.rodata.str1.4656267055032104863.1)
                  0000e2a1    00000007     task4.o (.rodata.str1.8225693181473696258.1)
                  0000e2a8    00000007     empty.o (.rodata.str1.9517790425240694019.1)
                  0000e2af    00000006     libc.a : _scanfi.c.obj (.rodata._sproc_int.barr)
                  0000e2b5    00000006     task3.o (.rodata.str1.12974437490318357877.1)
                  0000e2bb    00000006     task2.o (.rodata.str1.3946929204425545274.1)
                  0000e2c1    00000006     task1.o (.rodata.str1.8911659387832565323.1)
                  0000e2c7    00000006     task3.o (.rodata.str1.9477821633617067922.1)
                  0000e2cd    00000005     task3.o (.rodata.str1.8637530817358202279.1)
                  0000e2d2    00000003     ti_msp_dl_config.o (.rodata.gPWM_MotorClockConfig)
                  0000e2d5    00000003     ti_msp_dl_config.o (.rodata.gTIMER_0ClockConfig)
                  0000e2d8    00000002     ti_msp_dl_config.o (.rodata.gUART_1ClockConfig)
                  0000e2da    00000002     ti_msp_dl_config.o (.rodata.gUART_3ClockConfig)
                  0000e2dc    00000002     libc.a : fputs.c.obj (.rodata.str1.16607721268415185390.1)
                  0000e2de    00000002     --HOLE-- [fill = 0]

.init_array 
*          0    00000000    00000000     UNINITIALIZED

.binit     0    0000e430    00000010     
                  0000e430    00000010     (.binit)

.common:g_task4_flash_reserve 
*          0    0001fc00    00000400     UNINITIALIZED
                  0001fc00    00000400     (.common:g_task4_flash_reserve)

.sysmem    0    20200000    00001000     UNINITIALIZED
                  20200000    00000010     libc.a : memory.c.obj (.sysmem)
                  20200010    00000ff0     --HOLE--

.bss       0    20201000    00000438     UNINITIALIZED
                  20201000    00000120     libsysbm.a : trgmsg.c.obj (.bss:_CIOBUF_)
                  20201120    000000bc     (.common:gPWM_MotorBackup)
                  202011dc    000000bc     (.common:gTIMER_0Backup)
                  20201298    000000a0     libc.a : defs.c.obj (.bss.__TI_tmpnams)
                  20201338    00000032     (.common:data)
                  2020136a    00000001     (.common:Huidu_Error)
                  2020136b    00000001     (.common:Huidu_Flag)
                  2020136c    00000030     (.common:gUART_3Backup)
                  2020139c    0000002a     (.common:k210_msg)
                  202013c6    00000001     (.common:Huidu_Pattern)
                  202013c7    00000001     --HOLE--
                  202013c8    00000028     (.common:gSPIBackup)
                  202013f0    00000020     (.common:rx_buffer)
                  20201410    00000010     (.common:imu_data)
                  20201420    00000008     libsysbm.a : hostopen.c.obj (.bss.parmbuf)
                  20201428    00000004     libc.a : memory.c.obj (.bss.sys_free)
                  2020142c    00000004     (.common:k210_num)
                  20201430    00000004     (.common:light_x)
                  20201434    00000004     (.common:light_y)

.data      0    20201438    000003de     UNINITIALIZED
                  20201438    000000f0     libc.a : defs.c.obj (.data._ftable)
                  20201528    00000078     libsysbm.a : host_device.c.obj (.data._device)
                  202015a0    00000064     k210_use.o (.data.buf_msg)
                  20201604    00000050     libsysbm.a : host_device.c.obj (.data._stream)
                  20201654    00000038     motor.o (.data.pid_Angle)
                  2020168c    00000038     motor.o (.data.pid_Distance)
                  202016c4    00000038     motor.o (.data.pid_Gyro)
                  202016fc    00000038     motor.o (.data.pid_Motor1_Speed)
                  20201734    00000038     motor.o (.data.pid_Motor2_Speed)
                  2020176c    00000038     motor.o (.data.pid_Turn)
                  202017a4    00000008     libc.a : exit.c.obj (.data..L_MergedGlobals)
                  202017ac    00000004     car_control.o (.data.Distance_limit)
                  202017b0    00000004     car_control.o (.data.GoStraight_speed)
                  202017b4    00000004     encoder.o (.data.Measure_Distance)
                  202017b8    00000004     encoder.o (.data.Motor1_Lucheng)
                  202017bc    00000004     encoder.o (.data.Motor1_Speed)
                  202017c0    00000004     encoder.o (.data.Motor2_Lucheng)
                  202017c4    00000004     encoder.o (.data.Motor2_Speed)
                  202017c8    00000004     car_control.o (.data.Target_Angle)
                  202017cc    00000004     car_control.o (.data.Target_Gyro)
                  202017d0    00000004     car_control.o (.data.Tracing_speed)
                  202017d4    00000004     imu.o (.data.Z_Gyro)
                  202017d8    00000004     libc.a : defs.c.obj (.data.__TI_ft_end)
                  202017dc    00000004            : aeabi_portable.c.obj (.data.__aeabi_errno)
                  202017e0    00000004            : _lock.c.obj (.data._lock)
                  202017e4    00000004            : _lock.c.obj (.data._unlock)
                  202017e8    00000004     motor.o (.data.current_pid)
                  202017ec    00000004     encoder.o (.data.gEncoderCount_L)
                  202017f0    00000004     encoder.o (.data.gEncoderCount_R)
                  202017f4    00000004     car_control.o (.data.tracing_duration_ms)
                  202017f8    00000004     car_control.o (.data.tracing_timer_count)
                  202017fc    00000002     empty.o (.data.TIMA1_IRQHandler.count_100ms)
                  202017fe    00000002     empty.o (.data.TIMA1_IRQHandler.count_10ms)
                  20201800    00000002     board.o (.data.alarm_timer_count)
                  20201802    00000002     k210_use.o (.data.buf_crc)
                  20201804    00000001     car_control.o (.data.Car_GoStraight_flag)
                  20201805    00000001     car_control.o (.data.Car_Tracing_flag)
                  20201806    00000001     grey.o (.data.Huidu_Target)
                  20201807    00000001     board.o (.data.alarm_enabled)
                  20201808    00000001     k210_use.o (.data.buf_len)
                  20201809    00000001     motor.o (.data.current_param)
                  2020180a    00000001     imu.o (.data.frame_started)
                  2020180b    00000001     k210_use.o (.data.len_flag)
                  2020180c    00000001     libc.a : memory.c.obj (.data.memory_is_initialized)
                  2020180d    00000001     k210_use.o (.data.new_flag)
                  2020180e    00000001     board.o (.data.page_flag)
                  2020180f    00000001     motor.o (.data.pid_page)
                  20201810    00000001     k210_use.o (.data.r_index)
                  20201811    00000001     board.o (.data.receivedData)
                  20201812    00000001     imu.o (.data.rx_index)
                  20201813    00000001     k210_use.o (.data.tou_flag)
                  20201814    00000001     car_control.o (.data.tracing_enabled)
                  20201815    00000001     board.o (.data.uart_data)

.stack     0    20207e00    00000200     UNINITIALIZED
                  20207e00    00000004     libc.a : boot_cortex_m.c.obj (.stack)
                  20207e04    000001fc     --HOLE--

__llvm_prf_cnts 
*          0    20200000    00000000     UNINITIALIZED

__llvm_prf_bits 
*          0    20200000    00000000     UNINITIALIZED

MODULE SUMMARY

       Module                         code    ro data   rw data
       ------                         ----    -------   -------
    .\
       ti_msp_dl_config.o             1336    82        464    
       empty.o                        1440    53        4      
       board.o                        496     30        6      
       startup_mspm0g350x_ticlang.o   6       192       0      
    +--+------------------------------+-------+---------+---------+
       Total:                         3278    357       474    
                                                               
    .\BSP\
       lcd.o                          1802    13300     0      
       task3.o                        5372    122       0      
       lcd_init.o                     5304    0         0      
       task4.o                        1384    110       1024   
       motor.o                        1782    264       342    
       k210_use.o                     992     9         211    
       test.o                         668     41        0      
       task2.o                        620     20        0      
       encoder.o                      568     17        28     
       imu.o                          476     43        54     
       grey.o                         476     84        4      
       task5.o                        488     74        0      
       task1.o                        508     20        0      
       car_control.o                  300     0         31     
       key.o                          140     0         0      
    +--+------------------------------+-------+---------+---------+
       Total:                         20880   14104     1694   
                                                               
    C:/ti/mspm0_sdk_2_10_00_04/source/ti/driverlib/lib/ticlang/m0p/mspm0g1x0x_g3x0x/driverlib.a
       dl_timer.o                     608     0         0      
       dl_flashctl.o                  576     0         0      
       dl_uart.o                      138     0         0      
       dl_spi.o                       86      0         0      
       dl_common.o                    10      0         0      
    +--+------------------------------+-------+---------+---------+
       Total:                         1418    0         0      
                                                               
    C:\ti\ti_cgt_arm_llvm_4.0.2.LTS\lib\armv6m-ti-none-eabi/c/libc.a
       _printfi.c.obj                 4510    34        0      
       _scanfi.c.obj                  3092    34        0      
       strtod.c.obj                   968     200       0      
       memory.c.obj                   702     0         5      
       strtoll.c.obj                  480     0         0      
       defs.c.obj                     0       0         404    
       strtoull.c.obj                 364     0         0      
       strtol.c.obj                   324     0         0      
       strtoul.c.obj                  300     0         0      
       fputs.c.obj                    284     2         0      
       aeabi_ctype.S.obj              0       257       0      
       setvbuf.c.obj                  224     0         0      
       s_scalbn.c.obj                 216     0         0      
       sscanf.c.obj                   192     0         0      
       getdevice.c.obj                160     0         0      
       memcpy16.S.obj                 154     0         0      
       snprintf.c.obj                 148     0         0      
       strcmp-armv6m.S.obj            136     0         0      
       copy_decompress_lzss.c.obj     124     0         0      
       fclose.c.obj                   124     0         0      
       fseek.c.obj                    116     0         0      
       printf.c.obj                   108     0         0      
       _io_perm.c.obj                 100     0         0      
       memset16.S.obj                 98      0         0      
       s_frexp.c.obj                  92      0         0      
       sprintf.c.obj                  90      0         0      
       _ltoa.c.obj                    88      0         0      
       fflush.c.obj                   82      0         0      
       autoinit.c.obj                 76      0         0      
       cpy_tbl.c.obj                  76      0         0      
       exit.c.obj                     58      0         8      
       atoi.c.obj                     64      0         0      
       fopen.c.obj                    52      0         0      
       boot_cortex_m.c.obj            40      0         0      
       memccpy.c.obj                  34      0         0      
       copy_decompress_none.c.obj     18      0         0      
       copy_zero_init.c.obj           16      0         0      
       wcslen.c.obj                   16      0         0      
       aeabi_portable.c.obj           8       0         4      
       _lock.c.obj                    2       0         8      
       pre_init.c.obj                 4       0         0      
    +--+------------------------------+-------+---------+---------+
       Total:                         13740   527       429    
                                                               
    C:\ti\ti_cgt_arm_llvm_4.0.2.LTS\lib\armv6m-ti-none-eabi/c/libsysbm.a
       trgmsg.c.obj                   104     0         288    
       host_device.c.obj              0       0         200    
       hostrename.c.obj               136     0         0      
       hostlseek.c.obj                108     0         0      
       hostopen.c.obj                 96      0         8      
       hostread.c.obj                 88      0         0      
       hostwrite.c.obj                88      0         0      
       close.c.obj                    80      0         0      
       hostclose.c.obj                72      0         0      
       hostunlink.c.obj               72      0         0      
       unlink.c.obj                   44      0         0      
       lseek.c.obj                    40      0         0      
       write.c.obj                    40      0         0      
       remove.c.obj                   8       0         0      
       hostexit.c.obj                 4       0         0      
    +--+------------------------------+-------+---------+---------+
       Total:                         980     0         496    
                                                               
    C:\ti\ti_cgt_arm_llvm_4.0.2.LTS\lib\armv6m-ti-none-eabi/libclang_rt.builtins.a
       adddf3.S.obj                   418     0         0      
       divdf3.S.obj                   268     0         0      
       muldf3.S.obj                   228     0         0      
       comparedf2.c.obj               220     0         0      
       addsf3.S.obj                   216     0         0      
       udivmoddi4.S.obj               162     0         0      
       mulsf3.S.obj                   140     0         0      
       divsf3.S.obj                   130     0         0      
       comparesf2.S.obj               118     0         0      
       truncdfsf2.S.obj               116     0         0      
       aeabi_dcmp.S.obj               114     0         0      
       aeabi_fcmp.S.obj               98      0         0      
       aeabi_idivmod.S.obj            86      0         0      
       fixdfsi.S.obj                  74      0         0      
       fixunsdfsi.S.obj               66      0         0      
       aeabi_uidivmod.S.obj           64      0         0      
       extendsfdf2.S.obj              64      0         0      
       floatsisf.S.obj                60      0         0      
       muldsi3.S.obj                  58      0         0      
       fixsfsi.S.obj                  56      0         0      
       floatsidf.S.obj                44      0         0      
       floatunsisf.S.obj              40      0         0      
       muldi3.S.obj                   36      0         0      
       ashldi3.S.obj                  30      0         0      
       aeabi_memset.S.obj             26      0         0      
       aeabi_uldivmod.S.obj           20      0         0      
       aeabi_memcpy.S.obj             8       0         0      
       aeabi_div0.c.obj               4       0         0      
    +--+------------------------------+-------+---------+---------+
       Total:                         2964    0         0      
                                                               
       Heap:                          0       0         4096   
       Stack:                         0       0         512    
       Linker Generated:              0       249       0      
    +--+------------------------------+-------+---------+---------+
       Grand Total:                   43260   15237     7701   


LINKER GENERATED COPY TABLES

__TI_cinit_table @ 0000e41c records: 2, size/record: 8, table size: 16
	.data: load addr=0000e340, load size=000000c5 bytes, run addr=20201438, run size=000003de bytes, compression=lzss
	.bss: load addr=0000e414, load size=00000008 bytes, run addr=20201000, run size=00000438 bytes, compression=zero_init
binit @ 0000e430 records: 1, size/record: 12, table size: 16
	.TI.ramfunc: load addr=0000e2e0, load size=00000060, run addr=20201818, run size=00000060, compression=none


LINKER GENERATED HANDLER TABLE

__TI_handler_table @ 0000e408 records: 3, size/record: 4, table size: 12
	index: 0, handler: __TI_decompress_lzss
	index: 1, handler: __TI_decompress_none
	index: 2, handler: __TI_zero_init


FAR CALL TRAMPOLINES

callee name               trampoline name
   callee addr  tramp addr   call addr  call info
--------------  -----------  ---------  ----------------
__aeabi_dsub              $Tramp$TT$L$PI$$__aeabi_dsub
   000063f5     0000a85c     0000a85a   libc.a : _printfi.c.obj (.text.OUTLINED_FUNCTION_0)
__aeabi_dcmpeq            $Tramp$TT$L$PI$$__aeabi_dcmpeq
   00009515     0000a898     0000a896   libc.a : strtod.c.obj (.text.OUTLINED_FUNCTION_1)
DL_FlashCTL_executeCommandFromRAM  $Tramp$TT$L$PI$$DL_FlashCTL_executeCommandFromRAM
   20201819     0000a900     00008b5c   driverlib.a : dl_flashctl.o (.text.DL_FlashCTL_programMemoryBlockingFromRAM64WithECCGenerated)
                             0000a6a6               : dl_flashctl.o (.text.DL_FlashCTL_eraseMemoryFromRAM)

[3 trampolines]
[4 trampoline calls]


GLOBAL SYMBOLS: SORTED ALPHABETICALLY BY Name 

address   name                                                      
-------   ----                                                      
00006587  ADC0_IRQHandler                                           
00006587  ADC1_IRQHandler                                           
00006587  AES_IRQHandler                                            
00007e05  AdjustPIDParam                                            
0000a8f4  C$$EXIT                                                   
0000a18d  C$$IO$$                                                   
00006587  CANFD0_IRQHandler                                         
00009315  Car_GoStraight                                            
20201804  Car_GoStraight_flag                                       
00008b7d  Car_Tracing                                               
20201805  Car_Tracing_flag                                          
00006587  DAC0_IRQHandler                                           
0000a849  DL_Common_delayCycles                                     
0000a699  DL_FlashCTL_eraseMemoryFromRAM                            
00008afd  DL_FlashCTL_programMemoryBlockingFromRAM64WithECCGenerated
00008191  DL_FlashCTL_unprotectSector                               
00009dd5  DL_SPI_init                                               
0000a749  DL_SPI_setClockConfig                                     
00007731  DL_Timer_initFourCCPWMMode                                
00007a3d  DL_Timer_initTimerMode                                    
0000a60d  DL_Timer_setCaptCompUpdateMethod                          
0000a6b1  DL_Timer_setCaptureCompareOutCtl                          
0000a791  DL_Timer_setCaptureCompareValue                           
0000a629  DL_Timer_setClockConfig                                   
00009c6d  DL_UART_init                                              
0000a75b  DL_UART_setClockConfig                                    
0000a265  DL_UART_transmitDataBlocking                              
00006587  DMA_IRQHandler                                            
00006587  Default_Handler                                           
000058d5  DisplayPIDInfo                                            
202017ac  Distance_limit                                            
00006587  GROUP0_IRQHandler                                         
000085ad  GROUP1_IRQHandler                                         
00005cad  Get_Huidu                                                 
0000a519  GoS_stop                                                  
202017b0  GoStraight_speed                                          
00009cb5  HOSTclose                                                 
0000a8f5  HOSTexit                                                  
0000908d  HOSTlseek                                                 
0000963d  HOSTopen                                                  
00009755  HOSTread                                                  
000090f9  HOSTrename                                                
00009cfd  HOSTunlink                                                
000097ad  HOSTwrite                                                 
000084ed  HWT101_IRQHandler                                         
00006587  HardFault_Handler                                         
2020136a  Huidu_Error                                               
2020136b  Huidu_Flag                                                
202013c6  Huidu_Pattern                                             
20201806  Huidu_Target                                              
00006587  I2C0_IRQHandler                                           
00006587  I2C1_IRQHandler                                           
00007305  LCD_Address_Set                                           
00004d69  LCD_Fill                                                  
000013e9  LCD_Init                                                  
000045b1  LCD_ShowChar                                              
00009bd5  LCD_ShowString                                            
00007835  LCD_WR_DATA                                               
000069a5  MEASURE_MOTORS_SPEED                                      
202017b4  Measure_Distance                                          
202017b8  Motor1_Lucheng                                            
202017bc  Motor1_Speed                                              
202017c0  Motor2_Lucheng                                            
202017c4  Motor2_Speed                                              
00006587  NMI_Handler                                               
00007629  PID_Calculate                                             
00006859  PID_Calculate_Angle                                       
0000a76d  PID_Reset                                                 
00006587  PendSV_Handler                                            
00006587  RTC_IRQHandler                                            
0000a645  Reset_Distance                                            
0000a8f9  Reset_Handler                                             
00007411  SET_MOTORS_SPEED                                          
00006587  SPI0_IRQHandler                                           
00006587  SPI1_IRQHandler                                           
00006587  SVC_Handler                                               
000066f5  SYSCFG_DL_GPIO_init                                       
00008419  SYSCFG_DL_PWM_Motor_init                                  
00009d45  SYSCFG_DL_SPI_init                                        
00009f5d  SYSCFG_DL_SYSCTL_init                                     
0000a661  SYSCFG_DL_SYSTICK_init                                    
00009a05  SYSCFG_DL_TIMER_0_init                                    
00008f3d  SYSCFG_DL_UART_0_init                                     
00008fad  SYSCFG_DL_UART_1_init                                     
00009165  SYSCFG_DL_UART_3_init                                     
0000990d  SYSCFG_DL_init                                            
0000901d  SYSCFG_DL_initPower                                       
00009d8d  SelectNextPID                                             
0000a6f9  SelectNextParam                                           
0000a325  Start_Alarm                                               
00006587  SysTick_Handler                                           
00006587  TIMA0_IRQHandler                                          
00006e95  TIMA1_IRQHandler                                          
00006587  TIMG0_IRQHandler                                          
00006587  TIMG12_IRQHandler                                         
00006587  TIMG6_IRQHandler                                          
00006587  TIMG7_IRQHandler                                          
00006587  TIMG8_IRQHandler                                          
202017c8  Target_Angle                                              
202017cc  Target_Gyro                                               
202017d0  Tracing_speed                                             
0000a53d  Trc_stop                                                  
0000a401  UART0_IRQHandler                                          
0000a429  UART1_IRQHandler                                          
00006587  UART2_IRQHandler                                          
0000a8a9  UART3_IRQHandler                                          
202017d4  Z_Gyro                                                    
20201000  _CIOBUF_                                                  
20201000  __CIOBUF_                                                 
20208000  __STACK_END                                               
00000200  __STACK_SIZE                                              
00001000  __SYSMEM_SIZE                                             
00000000  __TI_ATRegion0_region_sz                                  
00000000  __TI_ATRegion0_src_addr                                   
00000000  __TI_ATRegion0_trg_addr                                   
00000000  __TI_ATRegion1_region_sz                                  
00000000  __TI_ATRegion1_src_addr                                   
00000000  __TI_ATRegion1_trg_addr                                   
00000000  __TI_ATRegion2_region_sz                                  
00000000  __TI_ATRegion2_src_addr                                   
00000000  __TI_ATRegion2_trg_addr                                   
0000e41c  __TI_CINIT_Base                                           
0000e42c  __TI_CINIT_Limit                                          
0000e42c  __TI_CINIT_Warm                                           
0000e408  __TI_Handler_Table_Base                                   
0000e414  __TI_Handler_Table_Limit                                  
00009b89  __TI_auto_init_nopinit                                    
0000a0f9  __TI_cleanup                                              
202017a4  __TI_cleanup_ptr                                          
00008bf9  __TI_closefile                                            
00008cf1  __TI_decompress_lzss                                      
0000a77f  __TI_decompress_none                                      
00009961  __TI_doflush                                              
202017a8  __TI_dtors_ptr                                            
202017d8  __TI_ft_end                                               
00009805  __TI_ltoa                                                 
ffffffff  __TI_pprof_out_hndl                                       
0000326d  __TI_printfi                                              
ffffffff  __TI_prof_data_size                                       
ffffffff  __TI_prof_data_start                                      
0000a12d  __TI_readmsg                                              
00002691  __TI_scanfi                                               
00000000  __TI_static_base__                                        
0000e430  __TI_table_binit                                          
20201298  __TI_tmpnams                                              
0000a161  __TI_writemsg                                             
0000944b  __TI_wrt_ok                                               
0000a7b1  __TI_zero_init                                            
000063ff  __adddf3                                                  
0000834b  __addsf3                                                  
0000dd10  __aeabi_ctype_table_                                      
0000dd10  __aeabi_ctype_table_C                                     
00008de1  __aeabi_d2f                                               
00009c21  __aeabi_d2iz                                              
00009e19  __aeabi_d2uiz                                             
000063ff  __aeabi_dadd                                              
00009515  __aeabi_dcmpeq                                            
00009551  __aeabi_dcmpge                                            
00009565  __aeabi_dcmpgt                                            
0000953d  __aeabi_dcmple                                            
00009529  __aeabi_dcmplt                                            
0000751d  __aeabi_ddiv                                              
00007ee9  __aeabi_dmul                                              
000063f5  __aeabi_dsub                                              
202017dc  __aeabi_errno                                             
0000a8b1  __aeabi_errno_addr                                        
00009e9d  __aeabi_f2d                                               
0000a089  __aeabi_f2iz                                              
0000834b  __aeabi_fadd                                              
00009579  __aeabi_fcmpeq                                            
000095b5  __aeabi_fcmpge                                            
000095c9  __aeabi_fcmpgt                                            
000095a1  __aeabi_fcmple                                            
0000958d  __aeabi_fcmplt                                            
00008a79  __aeabi_fdiv                                              
000088d9  __aeabi_fmul                                              
00008341  __aeabi_fsub                                              
0000a351  __aeabi_i2d                                               
00009f99  __aeabi_i2f                                               
000098b5  __aeabi_idiv                                              
0000879f  __aeabi_idiv0                                             
000098b5  __aeabi_idivmod                                           
000088d7  __aeabi_ldiv0                                             
0000a5ed  __aeabi_llsl                                              
0000a561  __aeabi_lmul                                              
0000a831  __aeabi_memclr                                            
0000a831  __aeabi_memclr4                                           
0000a831  __aeabi_memclr8                                           
0000a8b9  __aeabi_memcpy                                            
0000a8b9  __aeabi_memcpy4                                           
0000a8b9  __aeabi_memcpy8                                           
0000a7f9  __aeabi_memset                                            
0000a7f9  __aeabi_memset4                                           
0000a7f9  __aeabi_memset8                                           
0000a451  __aeabi_ui2f                                              
00009e5d  __aeabi_uidiv                                             
00009e5d  __aeabi_uidivmod                                          
0000a70d  __aeabi_uldivmod                                          
0000a5ed  __ashldi3                                                 
0000e430  __binit__                                                 
0000937d  __cmpdf2                                                  
0000a011  __cmpsf2                                                  
0000751d  __divdf3                                                  
00008a79  __divsf3                                                  
0000937d  __eqdf2                                                   
0000a011  __eqsf2                                                   
00009e9d  __extendsfdf2                                             
00009c21  __fixdfsi                                                 
0000a089  __fixsfsi                                                 
00009e19  __fixunsdfsi                                              
0000a351  __floatsidf                                               
00009f99  __floatsisf                                               
0000a451  __floatunsisf                                             
00008d6d  __gedf2                                                   
00009fd5  __gesf2                                                   
00008d6d  __gtdf2                                                   
00009fd5  __gtsf2                                                   
0000937d  __ledf2                                                   
0000a011  __lesf2                                                   
0000937d  __ltdf2                                                   
0000a011  __ltsf2                                                   
UNDEFED   __mpu_init                                                
00007ee9  __muldf3                                                  
0000a561  __muldi3                                                  
0000a04d  __muldsi3                                                 
000088d9  __mulsf3                                                  
0000937d  __nedf2                                                   
0000a011  __nesf2                                                   
20207e00  __stack                                                   
20200000  __start___llvm_prf_bits                                   
20200000  __start___llvm_prf_cnts                                   
20200000  __stop___llvm_prf_bits                                    
20200000  __stop___llvm_prf_cnts                                    
000063f5  __subdf3                                                  
00008341  __subsf3                                                  
00008de1  __truncdfsf2                                              
000086fd  __udivmoddi4                                              
0000a4f1  _c_int00_noargs                                           
20201528  _device                                                   
20201438  _ftable                                                   
202017e0  _lock                                                     
00008afb  _nop                                                      
20201604  _stream                                                   
20200000  _sys_memory                                               
UNDEFED   _system_post_cinit                                        
0000a8fd  _system_pre_init                                          
202017e4  _unlock                                                   
0000a8ef  abort                                                     
20201807  alarm_enabled                                             
20201800  alarm_timer_count                                         
000070dd  aligned_alloc                                             
0000d890  ascii_1206                                                
0000d2a0  ascii_1608                                                
0000c0d0  ascii_2412                                                
0000a910  ascii_3216                                                
00009edd  atoi                                                      
0000e430  binit                                                     
0000a195  board_init                                                
20201802  buf_crc                                                   
20201808  buf_len                                                   
202015a0  buf_msg                                                   
00008ec9  calibrate_z_axis_zero                                     
00009a55  close                                                     
00009aa5  copy_in                                                   
20201809  current_param                                             
202017e8  current_pid                                               
20201338  data                                                      
00005295  deal_data                                                 
00009f1d  delay_ms                                                  
000087a1  display_grey_info                                         
0000a37d  encoder_init                                              
0000a1c9  exit                                                      
0000a1fd  finddevice                                                
0000a5cd  fputc                                                     
00007b39  fputs                                                     
2020180a  frame_started                                             
00007d1d  free                                                      
0000969d  frexp                                                     
0000969d  frexpl                                                    
0000a8d9  fseek                                                     
000091d1  fseeko                                                    
202017ec  gEncoderCount_L                                           
202017f0  gEncoderCount_R                                           
20201120  gPWM_MotorBackup                                          
202013c8  gSPIBackup                                                
202011dc  gTIMER_0Backup                                            
2020136c  gUART_3Backup                                             
0001fc00  g_task4_flash_reserve                                     
00008965  get_key_state                                             
0000923d  getdevice                                                 
20201410  imu_data                                                  
00000000  interruptVectors                                          
2020139c  k210_msg                                                  
2020142c  k210_num                                                  
00008269  ldexp                                                     
00008269  ldexpl                                                    
2020180b  len_flag                                                  
20201430  light_x                                                   
20201434  light_y                                                   
0000a4a1  lseek                                                     
00004139  main                                                      
0000a83d  malloc                                                    
000070dd  memalign                                                  
0000a5a9  memccpy                                                   
0000883d  memcpy                                                    
000095db  memset                                                    
00009af1  motor_init                                                
2020180d  new_flag                                                  
2020180e  page_flag                                                 
20201420  parmbuf                                                   
00008c75  parse_angular_velocity                                    
0000a3a9  parse_yaw                                                 
20201654  pid_Angle                                                 
2020168c  pid_Distance                                              
202016c4  pid_Gyro                                                  
202016fc  pid_Motor1_Speed                                          
20201734  pid_Motor2_Speed                                          
2020176c  pid_Turn                                                  
2020180f  pid_page                                                  
000096f9  printf                                                    
0000a585  puts                                                      
20201810  r_index                                                   
20201811  receivedData                                              
00006239  recv_k210msg                                              
0000a8e1  remove                                                    
202013f0  rx_buffer                                                 
20201812  rx_index                                                  
00008269  scalbn                                                    
00008269  scalbnl                                                   
000080b1  setvbuf                                                   
00009b3d  snprintf                                                  
0000a0c1  sprintf                                                   
0000a2f5  sscanf                                                    
000089f1  strcmp                                                    
000049b1  strtod                                                    
00006ae9  strtol                                                    
000049b1  strtold                                                   
00005acd  strtoll                                                   
00006d69  strtoul                                                   
00006589  strtoull                                                  
000056d9  task1                                                     
00005029  task2                                                     
000000c1  task3                                                     
00003c3d  task4                                                     
000092a9  task4_load_straight_calibration                           
00007939  task5                                                     
000071f1  test_1                                                    
00007c31  test_2                                                    
20201813  tou_flag                                                  
202017f4  tracing_duration_ms                                       
20201814  tracing_enabled                                           
202017f8  tracing_timer_count                                       
0000a231  uart0_send_string                                         
20201815  uart_data                                                 
0000a3d5  unlink                                                    
00008659  usart3_send_bytes                                         
0000a7a1  wcslen                                                    
0000a4c9  write                                                     


GLOBAL SYMBOLS: SORTED BY Symbol Address 

address   name                                                      
-------   ----                                                      
00000000  __TI_ATRegion0_region_sz                                  
00000000  __TI_ATRegion0_src_addr                                   
00000000  __TI_ATRegion0_trg_addr                                   
00000000  __TI_ATRegion1_region_sz                                  
00000000  __TI_ATRegion1_src_addr                                   
00000000  __TI_ATRegion1_trg_addr                                   
00000000  __TI_ATRegion2_region_sz                                  
00000000  __TI_ATRegion2_src_addr                                   
00000000  __TI_ATRegion2_trg_addr                                   
00000000  __TI_static_base__                                        
00000000  interruptVectors                                          
000000c1  task3                                                     
00000200  __STACK_SIZE                                              
00001000  __SYSMEM_SIZE                                             
000013e9  LCD_Init                                                  
00002691  __TI_scanfi                                               
0000326d  __TI_printfi                                              
00003c3d  task4                                                     
00004139  main                                                      
000045b1  LCD_ShowChar                                              
000049b1  strtod                                                    
000049b1  strtold                                                   
00004d69  LCD_Fill                                                  
00005029  task2                                                     
00005295  deal_data                                                 
000056d9  task1                                                     
000058d5  DisplayPIDInfo                                            
00005acd  strtoll                                                   
00005cad  Get_Huidu                                                 
00006239  recv_k210msg                                              
000063f5  __aeabi_dsub                                              
000063f5  __subdf3                                                  
000063ff  __adddf3                                                  
000063ff  __aeabi_dadd                                              
00006587  ADC0_IRQHandler                                           
00006587  ADC1_IRQHandler                                           
00006587  AES_IRQHandler                                            
00006587  CANFD0_IRQHandler                                         
00006587  DAC0_IRQHandler                                           
00006587  DMA_IRQHandler                                            
00006587  Default_Handler                                           
00006587  GROUP0_IRQHandler                                         
00006587  HardFault_Handler                                         
00006587  I2C0_IRQHandler                                           
00006587  I2C1_IRQHandler                                           
00006587  NMI_Handler                                               
00006587  PendSV_Handler                                            
00006587  RTC_IRQHandler                                            
00006587  SPI0_IRQHandler                                           
00006587  SPI1_IRQHandler                                           
00006587  SVC_Handler                                               
00006587  SysTick_Handler                                           
00006587  TIMA0_IRQHandler                                          
00006587  TIMG0_IRQHandler                                          
00006587  TIMG12_IRQHandler                                         
00006587  TIMG6_IRQHandler                                          
00006587  TIMG7_IRQHandler                                          
00006587  TIMG8_IRQHandler                                          
00006587  UART2_IRQHandler                                          
00006589  strtoull                                                  
000066f5  SYSCFG_DL_GPIO_init                                       
00006859  PID_Calculate_Angle                                       
000069a5  MEASURE_MOTORS_SPEED                                      
00006ae9  strtol                                                    
00006d69  strtoul                                                   
00006e95  TIMA1_IRQHandler                                          
000070dd  aligned_alloc                                             
000070dd  memalign                                                  
000071f1  test_1                                                    
00007305  LCD_Address_Set                                           
00007411  SET_MOTORS_SPEED                                          
0000751d  __aeabi_ddiv                                              
0000751d  __divdf3                                                  
00007629  PID_Calculate                                             
00007731  DL_Timer_initFourCCPWMMode                                
00007835  LCD_WR_DATA                                               
00007939  task5                                                     
00007a3d  DL_Timer_initTimerMode                                    
00007b39  fputs                                                     
00007c31  test_2                                                    
00007d1d  free                                                      
00007e05  AdjustPIDParam                                            
00007ee9  __aeabi_dmul                                              
00007ee9  __muldf3                                                  
000080b1  setvbuf                                                   
00008191  DL_FlashCTL_unprotectSector                               
00008269  ldexp                                                     
00008269  ldexpl                                                    
00008269  scalbn                                                    
00008269  scalbnl                                                   
00008341  __aeabi_fsub                                              
00008341  __subsf3                                                  
0000834b  __addsf3                                                  
0000834b  __aeabi_fadd                                              
00008419  SYSCFG_DL_PWM_Motor_init                                  
000084ed  HWT101_IRQHandler                                         
000085ad  GROUP1_IRQHandler                                         
00008659  usart3_send_bytes                                         
000086fd  __udivmoddi4                                              
0000879f  __aeabi_idiv0                                             
000087a1  display_grey_info                                         
0000883d  memcpy                                                    
000088d7  __aeabi_ldiv0                                             
000088d9  __aeabi_fmul                                              
000088d9  __mulsf3                                                  
00008965  get_key_state                                             
000089f1  strcmp                                                    
00008a79  __aeabi_fdiv                                              
00008a79  __divsf3                                                  
00008afb  _nop                                                      
00008afd  DL_FlashCTL_programMemoryBlockingFromRAM64WithECCGenerated
00008b7d  Car_Tracing                                               
00008bf9  __TI_closefile                                            
00008c75  parse_angular_velocity                                    
00008cf1  __TI_decompress_lzss                                      
00008d6d  __gedf2                                                   
00008d6d  __gtdf2                                                   
00008de1  __aeabi_d2f                                               
00008de1  __truncdfsf2                                              
00008ec9  calibrate_z_axis_zero                                     
00008f3d  SYSCFG_DL_UART_0_init                                     
00008fad  SYSCFG_DL_UART_1_init                                     
0000901d  SYSCFG_DL_initPower                                       
0000908d  HOSTlseek                                                 
000090f9  HOSTrename                                                
00009165  SYSCFG_DL_UART_3_init                                     
000091d1  fseeko                                                    
0000923d  getdevice                                                 
000092a9  task4_load_straight_calibration                           
00009315  Car_GoStraight                                            
0000937d  __cmpdf2                                                  
0000937d  __eqdf2                                                   
0000937d  __ledf2                                                   
0000937d  __ltdf2                                                   
0000937d  __nedf2                                                   
0000944b  __TI_wrt_ok                                               
00009515  __aeabi_dcmpeq                                            
00009529  __aeabi_dcmplt                                            
0000953d  __aeabi_dcmple                                            
00009551  __aeabi_dcmpge                                            
00009565  __aeabi_dcmpgt                                            
00009579  __aeabi_fcmpeq                                            
0000958d  __aeabi_fcmplt                                            
000095a1  __aeabi_fcmple                                            
000095b5  __aeabi_fcmpge                                            
000095c9  __aeabi_fcmpgt                                            
000095db  memset                                                    
0000963d  HOSTopen                                                  
0000969d  frexp                                                     
0000969d  frexpl                                                    
000096f9  printf                                                    
00009755  HOSTread                                                  
000097ad  HOSTwrite                                                 
00009805  __TI_ltoa                                                 
000098b5  __aeabi_idiv                                              
000098b5  __aeabi_idivmod                                           
0000990d  SYSCFG_DL_init                                            
00009961  __TI_doflush                                              
00009a05  SYSCFG_DL_TIMER_0_init                                    
00009a55  close                                                     
00009aa5  copy_in                                                   
00009af1  motor_init                                                
00009b3d  snprintf                                                  
00009b89  __TI_auto_init_nopinit                                    
00009bd5  LCD_ShowString                                            
00009c21  __aeabi_d2iz                                              
00009c21  __fixdfsi                                                 
00009c6d  DL_UART_init                                              
00009cb5  HOSTclose                                                 
00009cfd  HOSTunlink                                                
00009d45  SYSCFG_DL_SPI_init                                        
00009d8d  SelectNextPID                                             
00009dd5  DL_SPI_init                                               
00009e19  __aeabi_d2uiz                                             
00009e19  __fixunsdfsi                                              
00009e5d  __aeabi_uidiv                                             
00009e5d  __aeabi_uidivmod                                          
00009e9d  __aeabi_f2d                                               
00009e9d  __extendsfdf2                                             
00009edd  atoi                                                      
00009f1d  delay_ms                                                  
00009f5d  SYSCFG_DL_SYSCTL_init                                     
00009f99  __aeabi_i2f                                               
00009f99  __floatsisf                                               
00009fd5  __gesf2                                                   
00009fd5  __gtsf2                                                   
0000a011  __cmpsf2                                                  
0000a011  __eqsf2                                                   
0000a011  __lesf2                                                   
0000a011  __ltsf2                                                   
0000a011  __nesf2                                                   
0000a04d  __muldsi3                                                 
0000a089  __aeabi_f2iz                                              
0000a089  __fixsfsi                                                 
0000a0c1  sprintf                                                   
0000a0f9  __TI_cleanup                                              
0000a12d  __TI_readmsg                                              
0000a161  __TI_writemsg                                             
0000a18d  C$$IO$$                                                   
0000a195  board_init                                                
0000a1c9  exit                                                      
0000a1fd  finddevice                                                
0000a231  uart0_send_string                                         
0000a265  DL_UART_transmitDataBlocking                              
0000a2f5  sscanf                                                    
0000a325  Start_Alarm                                               
0000a351  __aeabi_i2d                                               
0000a351  __floatsidf                                               
0000a37d  encoder_init                                              
0000a3a9  parse_yaw                                                 
0000a3d5  unlink                                                    
0000a401  UART0_IRQHandler                                          
0000a429  UART1_IRQHandler                                          
0000a451  __aeabi_ui2f                                              
0000a451  __floatunsisf                                             
0000a4a1  lseek                                                     
0000a4c9  write                                                     
0000a4f1  _c_int00_noargs                                           
0000a519  GoS_stop                                                  
0000a53d  Trc_stop                                                  
0000a561  __aeabi_lmul                                              
0000a561  __muldi3                                                  
0000a585  puts                                                      
0000a5a9  memccpy                                                   
0000a5cd  fputc                                                     
0000a5ed  __aeabi_llsl                                              
0000a5ed  __ashldi3                                                 
0000a60d  DL_Timer_setCaptCompUpdateMethod                          
0000a629  DL_Timer_setClockConfig                                   
0000a645  Reset_Distance                                            
0000a661  SYSCFG_DL_SYSTICK_init                                    
0000a699  DL_FlashCTL_eraseMemoryFromRAM                            
0000a6b1  DL_Timer_setCaptureCompareOutCtl                          
0000a6f9  SelectNextParam                                           
0000a70d  __aeabi_uldivmod                                          
0000a749  DL_SPI_setClockConfig                                     
0000a75b  DL_UART_setClockConfig                                    
0000a76d  PID_Reset                                                 
0000a77f  __TI_decompress_none                                      
0000a791  DL_Timer_setCaptureCompareValue                           
0000a7a1  wcslen                                                    
0000a7b1  __TI_zero_init                                            
0000a7f9  __aeabi_memset                                            
0000a7f9  __aeabi_memset4                                           
0000a7f9  __aeabi_memset8                                           
0000a831  __aeabi_memclr                                            
0000a831  __aeabi_memclr4                                           
0000a831  __aeabi_memclr8                                           
0000a83d  malloc                                                    
0000a849  DL_Common_delayCycles                                     
0000a8a9  UART3_IRQHandler                                          
0000a8b1  __aeabi_errno_addr                                        
0000a8b9  __aeabi_memcpy                                            
0000a8b9  __aeabi_memcpy4                                           
0000a8b9  __aeabi_memcpy8                                           
0000a8d9  fseek                                                     
0000a8e1  remove                                                    
0000a8ef  abort                                                     
0000a8f4  C$$EXIT                                                   
0000a8f5  HOSTexit                                                  
0000a8f9  Reset_Handler                                             
0000a8fd  _system_pre_init                                          
0000a910  ascii_3216                                                
0000c0d0  ascii_2412                                                
0000d2a0  ascii_1608                                                
0000d890  ascii_1206                                                
0000dd10  __aeabi_ctype_table_                                      
0000dd10  __aeabi_ctype_table_C                                     
0000e408  __TI_Handler_Table_Base                                   
0000e414  __TI_Handler_Table_Limit                                  
0000e41c  __TI_CINIT_Base                                           
0000e42c  __TI_CINIT_Limit                                          
0000e42c  __TI_CINIT_Warm                                           
0000e430  __TI_table_binit                                          
0000e430  __binit__                                                 
0000e430  binit                                                     
0001fc00  g_task4_flash_reserve                                     
20200000  __start___llvm_prf_bits                                   
20200000  __start___llvm_prf_cnts                                   
20200000  __stop___llvm_prf_bits                                    
20200000  __stop___llvm_prf_cnts                                    
20200000  _sys_memory                                               
20201000  _CIOBUF_                                                  
20201000  __CIOBUF_                                                 
20201120  gPWM_MotorBackup                                          
202011dc  gTIMER_0Backup                                            
20201298  __TI_tmpnams                                              
20201338  data                                                      
2020136a  Huidu_Error                                               
2020136b  Huidu_Flag                                                
2020136c  gUART_3Backup                                             
2020139c  k210_msg                                                  
202013c6  Huidu_Pattern                                             
202013c8  gSPIBackup                                                
202013f0  rx_buffer                                                 
20201410  imu_data                                                  
20201420  parmbuf                                                   
2020142c  k210_num                                                  
20201430  light_x                                                   
20201434  light_y                                                   
20201438  _ftable                                                   
20201528  _device                                                   
202015a0  buf_msg                                                   
20201604  _stream                                                   
20201654  pid_Angle                                                 
2020168c  pid_Distance                                              
202016c4  pid_Gyro                                                  
202016fc  pid_Motor1_Speed                                          
20201734  pid_Motor2_Speed                                          
2020176c  pid_Turn                                                  
202017a4  __TI_cleanup_ptr                                          
202017a8  __TI_dtors_ptr                                            
202017ac  Distance_limit                                            
202017b0  GoStraight_speed                                          
202017b4  Measure_Distance                                          
202017b8  Motor1_Lucheng                                            
202017bc  Motor1_Speed                                              
202017c0  Motor2_Lucheng                                            
202017c4  Motor2_Speed                                              
202017c8  Target_Angle                                              
202017cc  Target_Gyro                                               
202017d0  Tracing_speed                                             
202017d4  Z_Gyro                                                    
202017d8  __TI_ft_end                                               
202017dc  __aeabi_errno                                             
202017e0  _lock                                                     
202017e4  _unlock                                                   
202017e8  current_pid                                               
202017ec  gEncoderCount_L                                           
202017f0  gEncoderCount_R                                           
202017f4  tracing_duration_ms                                       
202017f8  tracing_timer_count                                       
20201800  alarm_timer_count                                         
20201802  buf_crc                                                   
20201804  Car_GoStraight_flag                                       
20201805  Car_Tracing_flag                                          
20201806  Huidu_Target                                              
20201807  alarm_enabled                                             
20201808  buf_len                                                   
20201809  current_param                                             
2020180a  frame_started                                             
2020180b  len_flag                                                  
2020180d  new_flag                                                  
2020180e  page_flag                                                 
2020180f  pid_page                                                  
20201810  r_index                                                   
20201811  receivedData                                              
20201812  rx_index                                                  
20201813  tou_flag                                                  
20201814  tracing_enabled                                           
20201815  uart_data                                                 
20207e00  __stack                                                   
20208000  __STACK_END                                               
ffffffff  __TI_pprof_out_hndl                                       
ffffffff  __TI_prof_data_size                                       
ffffffff  __TI_prof_data_start                                      
UNDEFED   __mpu_init                                                
UNDEFED   _system_post_cinit                                        

[358 symbols]
