<?xml version="1.0" encoding="ISO-8859-1" ?>
<link_info>
   <banner>TI ARM Clang Linker PC v4.0.2.LTS</banner>
   <copyright>Copyright (c) 1996-2018 Texas Instruments Incorporated</copyright>
   <command_line>C:\ti\ti_cgt_arm_llvm_4.0.2.LTS\bin\tiarmlnk -IC:\ti\ti_cgt_arm_llvm_4.0.2.LTS\lib -o 11_spi.out -m11_spi.map --heap_size=0x1000 --stack_size=0x1000 -iC:/ti/mspm0_sdk_2_10_00_04/source -iC:/Users/Sbtaanre/workspace_ccstheia/New_v3/lcd_spi_1 -iC:/Users/Sbtaanre/workspace_ccstheia/New_v3/lcd_spi_1/Debug/syscfg -iC:/ti/ti_cgt_arm_llvm_4.0.2.LTS/lib --diag_wrap=off --display_error_number --warn_sections --xml_link_info=11_spi_linkInfo.xml --rom_model ./board.o ./empty.o ./ti_msp_dl_config.o ./startup_mspm0g350x_ticlang.o ./BSP/car_control.o ./BSP/encoder.o ./BSP/grey.o ./BSP/imu.o ./BSP/k210_use.o ./BSP/key.o ./BSP/lcd.o ./BSP/lcd_init.o ./BSP/motor.o ./BSP/task1.o ./BSP/task2.o ./BSP/task3.o ./BSP/task4.o ./BSP/task5.o ./BSP/test.o -l./device_linker.cmd -ldevice.cmd.genlibs -llibc.a --start-group -llibc++.a -llibc++abi.a -llibc.a -llibsys.a -llibsysbm.a -llibclang_rt.builtins.a -llibclang_rt.profile.a --end-group --cg_opt_level=2</command_line>
   <link_time>0x6a5b1166</link_time>
   <link_errors>0x0</link_errors>
   <output_file>C:\Users\Sbtaanre\workspace_ccstheia\New_v3\lcd_spi_1\Debug\11_spi.out</output_file>
   <entry_point>
      <name>_c_int00_noargs</name>
      <address>0xa4f1</address>
   </entry_point>
   <input_file_list>
      <input_file id="fl-1">
         <path>C:\Users\Sbtaanre\workspace_ccstheia\New_v3\lcd_spi_1\Debug\.\</path>
         <kind>object</kind>
         <file>board.o</file>
         <name>board.o</name>
      </input_file>
      <input_file id="fl-2">
         <path>C:\Users\Sbtaanre\workspace_ccstheia\New_v3\lcd_spi_1\Debug\.\</path>
         <kind>object</kind>
         <file>empty.o</file>
         <name>empty.o</name>
      </input_file>
      <input_file id="fl-3">
         <path>C:\Users\Sbtaanre\workspace_ccstheia\New_v3\lcd_spi_1\Debug\.\</path>
         <kind>object</kind>
         <file>ti_msp_dl_config.o</file>
         <name>ti_msp_dl_config.o</name>
      </input_file>
      <input_file id="fl-4">
         <path>C:\Users\Sbtaanre\workspace_ccstheia\New_v3\lcd_spi_1\Debug\.\</path>
         <kind>object</kind>
         <file>startup_mspm0g350x_ticlang.o</file>
         <name>startup_mspm0g350x_ticlang.o</name>
      </input_file>
      <input_file id="fl-5">
         <path>C:\Users\Sbtaanre\workspace_ccstheia\New_v3\lcd_spi_1\Debug\.\BSP\</path>
         <kind>object</kind>
         <file>car_control.o</file>
         <name>car_control.o</name>
      </input_file>
      <input_file id="fl-6">
         <path>C:\Users\Sbtaanre\workspace_ccstheia\New_v3\lcd_spi_1\Debug\.\BSP\</path>
         <kind>object</kind>
         <file>encoder.o</file>
         <name>encoder.o</name>
      </input_file>
      <input_file id="fl-7">
         <path>C:\Users\Sbtaanre\workspace_ccstheia\New_v3\lcd_spi_1\Debug\.\BSP\</path>
         <kind>object</kind>
         <file>grey.o</file>
         <name>grey.o</name>
      </input_file>
      <input_file id="fl-8">
         <path>C:\Users\Sbtaanre\workspace_ccstheia\New_v3\lcd_spi_1\Debug\.\BSP\</path>
         <kind>object</kind>
         <file>imu.o</file>
         <name>imu.o</name>
      </input_file>
      <input_file id="fl-9">
         <path>C:\Users\Sbtaanre\workspace_ccstheia\New_v3\lcd_spi_1\Debug\.\BSP\</path>
         <kind>object</kind>
         <file>k210_use.o</file>
         <name>k210_use.o</name>
      </input_file>
      <input_file id="fl-a">
         <path>C:\Users\Sbtaanre\workspace_ccstheia\New_v3\lcd_spi_1\Debug\.\BSP\</path>
         <kind>object</kind>
         <file>key.o</file>
         <name>key.o</name>
      </input_file>
      <input_file id="fl-b">
         <path>C:\Users\Sbtaanre\workspace_ccstheia\New_v3\lcd_spi_1\Debug\.\BSP\</path>
         <kind>object</kind>
         <file>lcd.o</file>
         <name>lcd.o</name>
      </input_file>
      <input_file id="fl-c">
         <path>C:\Users\Sbtaanre\workspace_ccstheia\New_v3\lcd_spi_1\Debug\.\BSP\</path>
         <kind>object</kind>
         <file>lcd_init.o</file>
         <name>lcd_init.o</name>
      </input_file>
      <input_file id="fl-d">
         <path>C:\Users\Sbtaanre\workspace_ccstheia\New_v3\lcd_spi_1\Debug\.\BSP\</path>
         <kind>object</kind>
         <file>motor.o</file>
         <name>motor.o</name>
      </input_file>
      <input_file id="fl-e">
         <path>C:\Users\Sbtaanre\workspace_ccstheia\New_v3\lcd_spi_1\Debug\.\BSP\</path>
         <kind>object</kind>
         <file>task1.o</file>
         <name>task1.o</name>
      </input_file>
      <input_file id="fl-f">
         <path>C:\Users\Sbtaanre\workspace_ccstheia\New_v3\lcd_spi_1\Debug\.\BSP\</path>
         <kind>object</kind>
         <file>task2.o</file>
         <name>task2.o</name>
      </input_file>
      <input_file id="fl-10">
         <path>C:\Users\Sbtaanre\workspace_ccstheia\New_v3\lcd_spi_1\Debug\.\BSP\</path>
         <kind>object</kind>
         <file>task3.o</file>
         <name>task3.o</name>
      </input_file>
      <input_file id="fl-11">
         <path>C:\Users\Sbtaanre\workspace_ccstheia\New_v3\lcd_spi_1\Debug\.\BSP\</path>
         <kind>object</kind>
         <file>task4.o</file>
         <name>task4.o</name>
      </input_file>
      <input_file id="fl-12">
         <path>C:\Users\Sbtaanre\workspace_ccstheia\New_v3\lcd_spi_1\Debug\.\BSP\</path>
         <kind>object</kind>
         <file>task5.o</file>
         <name>task5.o</name>
      </input_file>
      <input_file id="fl-13">
         <path>C:\Users\Sbtaanre\workspace_ccstheia\New_v3\lcd_spi_1\Debug\.\BSP\</path>
         <kind>object</kind>
         <file>test.o</file>
         <name>test.o</name>
      </input_file>
      <input_file id="fl-20">
         <path>C:\Users\Sbtaanre\workspace_ccstheia\New_v3\lcd_spi_1\Debug\</path>
         <kind>object</kind>
         <file>&lt;internal&gt;</file>
         <name>&lt;internal&gt;</name>
      </input_file>
      <input_file id="fl-21">
         <path>C:\ti\mspm0_sdk_2_10_00_04\source\ti\driverlib\lib\ticlang\m0p\mspm0g1x0x_g3x0x\</path>
         <kind>archive</kind>
         <file>driverlib.a</file>
         <name>dl_common.o</name>
      </input_file>
      <input_file id="fl-22">
         <path>C:\ti\mspm0_sdk_2_10_00_04\source\ti\driverlib\lib\ticlang\m0p\mspm0g1x0x_g3x0x\</path>
         <kind>archive</kind>
         <file>driverlib.a</file>
         <name>dl_flashctl.o</name>
      </input_file>
      <input_file id="fl-23">
         <path>C:\ti\mspm0_sdk_2_10_00_04\source\ti\driverlib\lib\ticlang\m0p\mspm0g1x0x_g3x0x\</path>
         <kind>archive</kind>
         <file>driverlib.a</file>
         <name>dl_spi.o</name>
      </input_file>
      <input_file id="fl-24">
         <path>C:\ti\mspm0_sdk_2_10_00_04\source\ti\driverlib\lib\ticlang\m0p\mspm0g1x0x_g3x0x\</path>
         <kind>archive</kind>
         <file>driverlib.a</file>
         <name>dl_timer.o</name>
      </input_file>
      <input_file id="fl-25">
         <path>C:\ti\mspm0_sdk_2_10_00_04\source\ti\driverlib\lib\ticlang\m0p\mspm0g1x0x_g3x0x\</path>
         <kind>archive</kind>
         <file>driverlib.a</file>
         <name>dl_uart.o</name>
      </input_file>
      <input_file id="fl-3c">
         <path>C:\ti\ti_cgt_arm_llvm_4.0.2.LTS\lib\armv6m-ti-none-eabi\c\</path>
         <kind>archive</kind>
         <file>libc.a</file>
         <name>printf.c.obj</name>
      </input_file>
      <input_file id="fl-3d">
         <path>C:\ti\ti_cgt_arm_llvm_4.0.2.LTS\lib\armv6m-ti-none-eabi\c\</path>
         <kind>archive</kind>
         <file>libc.a</file>
         <name>_printfi.c.obj</name>
      </input_file>
      <input_file id="fl-3e">
         <path>C:\ti\ti_cgt_arm_llvm_4.0.2.LTS\lib\armv6m-ti-none-eabi\c\</path>
         <kind>archive</kind>
         <file>libc.a</file>
         <name>snprintf.c.obj</name>
      </input_file>
      <input_file id="fl-3f">
         <path>C:\ti\ti_cgt_arm_llvm_4.0.2.LTS\lib\armv6m-ti-none-eabi\c\</path>
         <kind>archive</kind>
         <file>libc.a</file>
         <name>sprintf.c.obj</name>
      </input_file>
      <input_file id="fl-40">
         <path>C:\ti\ti_cgt_arm_llvm_4.0.2.LTS\lib\armv6m-ti-none-eabi\c\</path>
         <kind>archive</kind>
         <file>libc.a</file>
         <name>sscanf.c.obj</name>
      </input_file>
      <input_file id="fl-41">
         <path>C:\ti\ti_cgt_arm_llvm_4.0.2.LTS\lib\armv6m-ti-none-eabi\c\</path>
         <kind>archive</kind>
         <file>libc.a</file>
         <name>fputs.c.obj</name>
      </input_file>
      <input_file id="fl-42">
         <path>C:\ti\ti_cgt_arm_llvm_4.0.2.LTS\lib\armv6m-ti-none-eabi\c\</path>
         <kind>archive</kind>
         <file>libc.a</file>
         <name>_io_perm.c.obj</name>
      </input_file>
      <input_file id="fl-43">
         <path>C:\ti\ti_cgt_arm_llvm_4.0.2.LTS\lib\armv6m-ti-none-eabi\c\</path>
         <kind>archive</kind>
         <file>libc.a</file>
         <name>setvbuf.c.obj</name>
      </input_file>
      <input_file id="fl-44">
         <path>C:\ti\ti_cgt_arm_llvm_4.0.2.LTS\lib\armv6m-ti-none-eabi\c\</path>
         <kind>archive</kind>
         <file>libc.a</file>
         <name>aeabi_ctype.S.obj</name>
      </input_file>
      <input_file id="fl-45">
         <path>C:\ti\ti_cgt_arm_llvm_4.0.2.LTS\lib\armv6m-ti-none-eabi\c\</path>
         <kind>archive</kind>
         <file>libc.a</file>
         <name>aeabi_portable.c.obj</name>
      </input_file>
      <input_file id="fl-46">
         <path>C:\ti\ti_cgt_arm_llvm_4.0.2.LTS\lib\armv6m-ti-none-eabi\c\</path>
         <kind>archive</kind>
         <file>libc.a</file>
         <name>exit.c.obj</name>
      </input_file>
      <input_file id="fl-47">
         <path>C:\ti\ti_cgt_arm_llvm_4.0.2.LTS\lib\armv6m-ti-none-eabi\c\</path>
         <kind>archive</kind>
         <file>libc.a</file>
         <name>_lock.c.obj</name>
      </input_file>
      <input_file id="fl-48">
         <path>C:\ti\ti_cgt_arm_llvm_4.0.2.LTS\lib\armv6m-ti-none-eabi\c\</path>
         <kind>archive</kind>
         <file>libc.a</file>
         <name>_ltoa.c.obj</name>
      </input_file>
      <input_file id="fl-49">
         <path>C:\ti\ti_cgt_arm_llvm_4.0.2.LTS\lib\armv6m-ti-none-eabi\c\</path>
         <kind>archive</kind>
         <file>libc.a</file>
         <name>assert.c.obj</name>
      </input_file>
      <input_file id="fl-4a">
         <path>C:\ti\ti_cgt_arm_llvm_4.0.2.LTS\lib\armv6m-ti-none-eabi\c\</path>
         <kind>archive</kind>
         <file>libc.a</file>
         <name>atoi.c.obj</name>
      </input_file>
      <input_file id="fl-4b">
         <path>C:\ti\ti_cgt_arm_llvm_4.0.2.LTS\lib\armv6m-ti-none-eabi\c\</path>
         <kind>archive</kind>
         <file>libc.a</file>
         <name>defs.c.obj</name>
      </input_file>
      <input_file id="fl-4c">
         <path>C:\ti\ti_cgt_arm_llvm_4.0.2.LTS\lib\armv6m-ti-none-eabi\c\</path>
         <kind>archive</kind>
         <file>libc.a</file>
         <name>memccpy.c.obj</name>
      </input_file>
      <input_file id="fl-4d">
         <path>C:\ti\ti_cgt_arm_llvm_4.0.2.LTS\lib\armv6m-ti-none-eabi\c\</path>
         <kind>archive</kind>
         <file>libc.a</file>
         <name>memory.c.obj</name>
      </input_file>
      <input_file id="fl-4e">
         <path>C:\ti\ti_cgt_arm_llvm_4.0.2.LTS\lib\armv6m-ti-none-eabi\c\</path>
         <kind>archive</kind>
         <file>libc.a</file>
         <name>boot_cortex_m.c.obj</name>
      </input_file>
      <input_file id="fl-4f">
         <path>C:\ti\ti_cgt_arm_llvm_4.0.2.LTS\lib\armv6m-ti-none-eabi\c\</path>
         <kind>archive</kind>
         <file>libc.a</file>
         <name>mathacl_init.c.obj</name>
      </input_file>
      <input_file id="fl-50">
         <path>C:\ti\ti_cgt_arm_llvm_4.0.2.LTS\lib\armv6m-ti-none-eabi\c\</path>
         <kind>archive</kind>
         <file>libc.a</file>
         <name>autoinit.c.obj</name>
      </input_file>
      <input_file id="fl-51">
         <path>C:\ti\ti_cgt_arm_llvm_4.0.2.LTS\lib\armv6m-ti-none-eabi\c\</path>
         <kind>archive</kind>
         <file>libc.a</file>
         <name>pre_init.c.obj</name>
      </input_file>
      <input_file id="fl-52">
         <path>C:\ti\ti_cgt_arm_llvm_4.0.2.LTS\lib\armv6m-ti-none-eabi\c\</path>
         <kind>archive</kind>
         <file>libc.a</file>
         <name>cpy_tbl.c.obj</name>
      </input_file>
      <input_file id="fl-53">
         <path>C:\ti\ti_cgt_arm_llvm_4.0.2.LTS\lib\armv6m-ti-none-eabi\c\</path>
         <kind>archive</kind>
         <file>libc.a</file>
         <name>copy_zero_init.c.obj</name>
      </input_file>
      <input_file id="fl-54">
         <path>C:\ti\ti_cgt_arm_llvm_4.0.2.LTS\lib\armv6m-ti-none-eabi\c\</path>
         <kind>archive</kind>
         <file>libc.a</file>
         <name>copy_decompress_none.c.obj</name>
      </input_file>
      <input_file id="fl-55">
         <path>C:\ti\ti_cgt_arm_llvm_4.0.2.LTS\lib\armv6m-ti-none-eabi\c\</path>
         <kind>archive</kind>
         <file>libc.a</file>
         <name>copy_decompress_lzss.c.obj</name>
      </input_file>
      <input_file id="fl-56">
         <path>C:\ti\ti_cgt_arm_llvm_4.0.2.LTS\lib\armv6m-ti-none-eabi\c\</path>
         <kind>archive</kind>
         <file>libc.a</file>
         <name>s_frexp.c.obj</name>
      </input_file>
      <input_file id="fl-57">
         <path>C:\ti\ti_cgt_arm_llvm_4.0.2.LTS\lib\armv6m-ti-none-eabi\c\</path>
         <kind>archive</kind>
         <file>libc.a</file>
         <name>s_scalbn.c.obj</name>
      </input_file>
      <input_file id="fl-58">
         <path>C:\ti\ti_cgt_arm_llvm_4.0.2.LTS\lib\armv6m-ti-none-eabi\c\</path>
         <kind>archive</kind>
         <file>libc.a</file>
         <name>wcslen.c.obj</name>
      </input_file>
      <input_file id="fl-59">
         <path>C:\ti\ti_cgt_arm_llvm_4.0.2.LTS\lib\armv6m-ti-none-eabi\c\</path>
         <kind>archive</kind>
         <file>libc.a</file>
         <name>_scanfi.c.obj</name>
      </input_file>
      <input_file id="fl-5a">
         <path>C:\ti\ti_cgt_arm_llvm_4.0.2.LTS\lib\armv6m-ti-none-eabi\c\</path>
         <kind>archive</kind>
         <file>libc.a</file>
         <name>fflush.c.obj</name>
      </input_file>
      <input_file id="fl-5b">
         <path>C:\ti\ti_cgt_arm_llvm_4.0.2.LTS\lib\armv6m-ti-none-eabi\c\</path>
         <kind>archive</kind>
         <file>libc.a</file>
         <name>fopen.c.obj</name>
      </input_file>
      <input_file id="fl-5c">
         <path>C:\ti\ti_cgt_arm_llvm_4.0.2.LTS\lib\armv6m-ti-none-eabi\c\</path>
         <kind>archive</kind>
         <file>libc.a</file>
         <name>fseek.c.obj</name>
      </input_file>
      <input_file id="fl-5d">
         <path>C:\ti\ti_cgt_arm_llvm_4.0.2.LTS\lib\armv6m-ti-none-eabi\c\</path>
         <kind>archive</kind>
         <file>libc.a</file>
         <name>args_main.c.obj</name>
      </input_file>
      <input_file id="fl-5e">
         <path>C:\ti\ti_cgt_arm_llvm_4.0.2.LTS\lib\armv6m-ti-none-eabi\c\</path>
         <kind>archive</kind>
         <file>libc.a</file>
         <name>strtod.c.obj</name>
      </input_file>
      <input_file id="fl-5f">
         <path>C:\ti\ti_cgt_arm_llvm_4.0.2.LTS\lib\armv6m-ti-none-eabi\c\</path>
         <kind>archive</kind>
         <file>libc.a</file>
         <name>strtol.c.obj</name>
      </input_file>
      <input_file id="fl-60">
         <path>C:\ti\ti_cgt_arm_llvm_4.0.2.LTS\lib\armv6m-ti-none-eabi\c\</path>
         <kind>archive</kind>
         <file>libc.a</file>
         <name>strtoll.c.obj</name>
      </input_file>
      <input_file id="fl-61">
         <path>C:\ti\ti_cgt_arm_llvm_4.0.2.LTS\lib\armv6m-ti-none-eabi\c\</path>
         <kind>archive</kind>
         <file>libc.a</file>
         <name>strtoul.c.obj</name>
      </input_file>
      <input_file id="fl-62">
         <path>C:\ti\ti_cgt_arm_llvm_4.0.2.LTS\lib\armv6m-ti-none-eabi\c\</path>
         <kind>archive</kind>
         <file>libc.a</file>
         <name>strtoull.c.obj</name>
      </input_file>
      <input_file id="fl-63">
         <path>C:\ti\ti_cgt_arm_llvm_4.0.2.LTS\lib\armv6m-ti-none-eabi\c\</path>
         <kind>archive</kind>
         <file>libc.a</file>
         <name>fclose.c.obj</name>
      </input_file>
      <input_file id="fl-103">
         <path>C:\ti\ti_cgt_arm_llvm_4.0.2.LTS\lib\armv6m-ti-none-eabi\c\</path>
         <kind>archive</kind>
         <file>libsysbm.a</file>
         <name>hostexit.c.obj</name>
      </input_file>
      <input_file id="fl-104">
         <path>C:\ti\ti_cgt_arm_llvm_4.0.2.LTS\lib\armv6m-ti-none-eabi\c\</path>
         <kind>archive</kind>
         <file>libsysbm.a</file>
         <name>write.c.obj</name>
      </input_file>
      <input_file id="fl-105">
         <path>C:\ti\ti_cgt_arm_llvm_4.0.2.LTS\lib\armv6m-ti-none-eabi\c\</path>
         <kind>archive</kind>
         <file>libsysbm.a</file>
         <name>host_device.c.obj</name>
      </input_file>
      <input_file id="fl-106">
         <path>C:\ti\ti_cgt_arm_llvm_4.0.2.LTS\lib\armv6m-ti-none-eabi\c\</path>
         <kind>archive</kind>
         <file>libsysbm.a</file>
         <name>remove.c.obj</name>
      </input_file>
      <input_file id="fl-107">
         <path>C:\ti\ti_cgt_arm_llvm_4.0.2.LTS\lib\armv6m-ti-none-eabi\c\</path>
         <kind>archive</kind>
         <file>libsysbm.a</file>
         <name>open.c.obj</name>
      </input_file>
      <input_file id="fl-108">
         <path>C:\ti\ti_cgt_arm_llvm_4.0.2.LTS\lib\armv6m-ti-none-eabi\c\</path>
         <kind>archive</kind>
         <file>libsysbm.a</file>
         <name>lseek.c.obj</name>
      </input_file>
      <input_file id="fl-109">
         <path>C:\ti\ti_cgt_arm_llvm_4.0.2.LTS\lib\armv6m-ti-none-eabi\c\</path>
         <kind>archive</kind>
         <file>libsysbm.a</file>
         <name>close.c.obj</name>
      </input_file>
      <input_file id="fl-10a">
         <path>C:\ti\ti_cgt_arm_llvm_4.0.2.LTS\lib\armv6m-ti-none-eabi\c\</path>
         <kind>archive</kind>
         <file>libsysbm.a</file>
         <name>unlink.c.obj</name>
      </input_file>
      <input_file id="fl-10b">
         <path>C:\ti\ti_cgt_arm_llvm_4.0.2.LTS\lib\armv6m-ti-none-eabi\c\</path>
         <kind>archive</kind>
         <file>libsysbm.a</file>
         <name>hostclose.c.obj</name>
      </input_file>
      <input_file id="fl-10c">
         <path>C:\ti\ti_cgt_arm_llvm_4.0.2.LTS\lib\armv6m-ti-none-eabi\c\</path>
         <kind>archive</kind>
         <file>libsysbm.a</file>
         <name>hostlseek.c.obj</name>
      </input_file>
      <input_file id="fl-10d">
         <path>C:\ti\ti_cgt_arm_llvm_4.0.2.LTS\lib\armv6m-ti-none-eabi\c\</path>
         <kind>archive</kind>
         <file>libsysbm.a</file>
         <name>hostopen.c.obj</name>
      </input_file>
      <input_file id="fl-10e">
         <path>C:\ti\ti_cgt_arm_llvm_4.0.2.LTS\lib\armv6m-ti-none-eabi\c\</path>
         <kind>archive</kind>
         <file>libsysbm.a</file>
         <name>hostread.c.obj</name>
      </input_file>
      <input_file id="fl-10f">
         <path>C:\ti\ti_cgt_arm_llvm_4.0.2.LTS\lib\armv6m-ti-none-eabi\c\</path>
         <kind>archive</kind>
         <file>libsysbm.a</file>
         <name>hostrename.c.obj</name>
      </input_file>
      <input_file id="fl-110">
         <path>C:\ti\ti_cgt_arm_llvm_4.0.2.LTS\lib\armv6m-ti-none-eabi\c\</path>
         <kind>archive</kind>
         <file>libsysbm.a</file>
         <name>hostunlink.c.obj</name>
      </input_file>
      <input_file id="fl-111">
         <path>C:\ti\ti_cgt_arm_llvm_4.0.2.LTS\lib\armv6m-ti-none-eabi\c\</path>
         <kind>archive</kind>
         <file>libsysbm.a</file>
         <name>hostwrite.c.obj</name>
      </input_file>
      <input_file id="fl-112">
         <path>C:\ti\ti_cgt_arm_llvm_4.0.2.LTS\lib\armv6m-ti-none-eabi\c\</path>
         <kind>archive</kind>
         <file>libsysbm.a</file>
         <name>trgmsg.c.obj</name>
      </input_file>
      <input_file id="fl-113">
         <path>C:\ti\ti_cgt_arm_llvm_4.0.2.LTS\lib\armv6m-ti-none-eabi\</path>
         <kind>archive</kind>
         <file>libclang_rt.builtins.a</file>
         <name>addsf3.S.obj</name>
      </input_file>
      <input_file id="fl-114">
         <path>C:\ti\ti_cgt_arm_llvm_4.0.2.LTS\lib\armv6m-ti-none-eabi\</path>
         <kind>archive</kind>
         <file>libclang_rt.builtins.a</file>
         <name>adddf3.S.obj</name>
      </input_file>
      <input_file id="fl-115">
         <path>C:\ti\ti_cgt_arm_llvm_4.0.2.LTS\lib\armv6m-ti-none-eabi\</path>
         <kind>archive</kind>
         <file>libclang_rt.builtins.a</file>
         <name>muldf3.S.obj</name>
      </input_file>
      <input_file id="fl-116">
         <path>C:\ti\ti_cgt_arm_llvm_4.0.2.LTS\lib\armv6m-ti-none-eabi\</path>
         <kind>archive</kind>
         <file>libclang_rt.builtins.a</file>
         <name>muldsi3.S.obj</name>
      </input_file>
      <input_file id="fl-117">
         <path>C:\ti\ti_cgt_arm_llvm_4.0.2.LTS\lib\armv6m-ti-none-eabi\</path>
         <kind>archive</kind>
         <file>libclang_rt.builtins.a</file>
         <name>mulsf3.S.obj</name>
      </input_file>
      <input_file id="fl-118">
         <path>C:\ti\ti_cgt_arm_llvm_4.0.2.LTS\lib\armv6m-ti-none-eabi\</path>
         <kind>archive</kind>
         <file>libclang_rt.builtins.a</file>
         <name>divsf3.S.obj</name>
      </input_file>
      <input_file id="fl-119">
         <path>C:\ti\ti_cgt_arm_llvm_4.0.2.LTS\lib\armv6m-ti-none-eabi\</path>
         <kind>archive</kind>
         <file>libclang_rt.builtins.a</file>
         <name>divdf3.S.obj</name>
      </input_file>
      <input_file id="fl-11a">
         <path>C:\ti\ti_cgt_arm_llvm_4.0.2.LTS\lib\armv6m-ti-none-eabi\</path>
         <kind>archive</kind>
         <file>libclang_rt.builtins.a</file>
         <name>extendsfdf2.S.obj</name>
      </input_file>
      <input_file id="fl-11b">
         <path>C:\ti\ti_cgt_arm_llvm_4.0.2.LTS\lib\armv6m-ti-none-eabi\</path>
         <kind>archive</kind>
         <file>libclang_rt.builtins.a</file>
         <name>fixdfsi.S.obj</name>
      </input_file>
      <input_file id="fl-11c">
         <path>C:\ti\ti_cgt_arm_llvm_4.0.2.LTS\lib\armv6m-ti-none-eabi\</path>
         <kind>archive</kind>
         <file>libclang_rt.builtins.a</file>
         <name>fixsfsi.S.obj</name>
      </input_file>
      <input_file id="fl-11d">
         <path>C:\ti\ti_cgt_arm_llvm_4.0.2.LTS\lib\armv6m-ti-none-eabi\</path>
         <kind>archive</kind>
         <file>libclang_rt.builtins.a</file>
         <name>fixunsdfsi.S.obj</name>
      </input_file>
      <input_file id="fl-11e">
         <path>C:\ti\ti_cgt_arm_llvm_4.0.2.LTS\lib\armv6m-ti-none-eabi\</path>
         <kind>archive</kind>
         <file>libclang_rt.builtins.a</file>
         <name>floatsidf.S.obj</name>
      </input_file>
      <input_file id="fl-11f">
         <path>C:\ti\ti_cgt_arm_llvm_4.0.2.LTS\lib\armv6m-ti-none-eabi\</path>
         <kind>archive</kind>
         <file>libclang_rt.builtins.a</file>
         <name>floatsisf.S.obj</name>
      </input_file>
      <input_file id="fl-120">
         <path>C:\ti\ti_cgt_arm_llvm_4.0.2.LTS\lib\armv6m-ti-none-eabi\</path>
         <kind>archive</kind>
         <file>libclang_rt.builtins.a</file>
         <name>floatunsisf.S.obj</name>
      </input_file>
      <input_file id="fl-121">
         <path>C:\ti\ti_cgt_arm_llvm_4.0.2.LTS\lib\armv6m-ti-none-eabi\</path>
         <kind>archive</kind>
         <file>libclang_rt.builtins.a</file>
         <name>muldi3.S.obj</name>
      </input_file>
      <input_file id="fl-122">
         <path>C:\ti\ti_cgt_arm_llvm_4.0.2.LTS\lib\armv6m-ti-none-eabi\</path>
         <kind>archive</kind>
         <file>libclang_rt.builtins.a</file>
         <name>truncdfsf2.S.obj</name>
      </input_file>
      <input_file id="fl-123">
         <path>C:\ti\ti_cgt_arm_llvm_4.0.2.LTS\lib\armv6m-ti-none-eabi\</path>
         <kind>archive</kind>
         <file>libclang_rt.builtins.a</file>
         <name>aeabi_dcmp.S.obj</name>
      </input_file>
      <input_file id="fl-124">
         <path>C:\ti\ti_cgt_arm_llvm_4.0.2.LTS\lib\armv6m-ti-none-eabi\</path>
         <kind>archive</kind>
         <file>libclang_rt.builtins.a</file>
         <name>aeabi_fcmp.S.obj</name>
      </input_file>
      <input_file id="fl-125">
         <path>C:\ti\ti_cgt_arm_llvm_4.0.2.LTS\lib\armv6m-ti-none-eabi\</path>
         <kind>archive</kind>
         <file>libclang_rt.builtins.a</file>
         <name>aeabi_idivmod.S.obj</name>
      </input_file>
      <input_file id="fl-126">
         <path>C:\ti\ti_cgt_arm_llvm_4.0.2.LTS\lib\armv6m-ti-none-eabi\</path>
         <kind>archive</kind>
         <file>libclang_rt.builtins.a</file>
         <name>aeabi_memcpy.S.obj</name>
      </input_file>
      <input_file id="fl-127">
         <path>C:\ti\ti_cgt_arm_llvm_4.0.2.LTS\lib\armv6m-ti-none-eabi\</path>
         <kind>archive</kind>
         <file>libclang_rt.builtins.a</file>
         <name>aeabi_memset.S.obj</name>
      </input_file>
      <input_file id="fl-128">
         <path>C:\ti\ti_cgt_arm_llvm_4.0.2.LTS\lib\armv6m-ti-none-eabi\</path>
         <kind>archive</kind>
         <file>libclang_rt.builtins.a</file>
         <name>aeabi_uidivmod.S.obj</name>
      </input_file>
      <input_file id="fl-129">
         <path>C:\ti\ti_cgt_arm_llvm_4.0.2.LTS\lib\armv6m-ti-none-eabi\</path>
         <kind>archive</kind>
         <file>libclang_rt.builtins.a</file>
         <name>aeabi_uldivmod.S.obj</name>
      </input_file>
      <input_file id="fl-12a">
         <path>C:\ti\ti_cgt_arm_llvm_4.0.2.LTS\lib\armv6m-ti-none-eabi\</path>
         <kind>archive</kind>
         <file>libclang_rt.builtins.a</file>
         <name>comparesf2.S.obj</name>
      </input_file>
      <input_file id="fl-12b">
         <path>C:\ti\ti_cgt_arm_llvm_4.0.2.LTS\lib\armv6m-ti-none-eabi\</path>
         <kind>archive</kind>
         <file>libclang_rt.builtins.a</file>
         <name>udivmoddi4.S.obj</name>
      </input_file>
      <input_file id="fl-12c">
         <path>C:\ti\ti_cgt_arm_llvm_4.0.2.LTS\lib\armv6m-ti-none-eabi\</path>
         <kind>archive</kind>
         <file>libclang_rt.builtins.a</file>
         <name>ashldi3.S.obj</name>
      </input_file>
      <input_file id="fl-12d">
         <path>C:\ti\ti_cgt_arm_llvm_4.0.2.LTS\lib\armv6m-ti-none-eabi\</path>
         <kind>archive</kind>
         <file>libclang_rt.builtins.a</file>
         <name>comparedf2.c.obj</name>
      </input_file>
      <input_file id="fl-12e">
         <path>C:\ti\ti_cgt_arm_llvm_4.0.2.LTS\lib\armv6m-ti-none-eabi\</path>
         <kind>archive</kind>
         <file>libclang_rt.builtins.a</file>
         <name>aeabi_div0.c.obj</name>
      </input_file>
      <input_file id="fl-12f">
         <path>C:\ti\ti_cgt_arm_llvm_4.0.2.LTS\lib\armv6m-ti-none-eabi\c\</path>
         <kind>archive</kind>
         <file>libc.a</file>
         <name>getdevice.c.obj</name>
      </input_file>
      <input_file id="fl-130">
         <path>C:\ti\ti_cgt_arm_llvm_4.0.2.LTS\lib\armv6m-ti-none-eabi\c\</path>
         <kind>archive</kind>
         <file>libc.a</file>
         <name>memcpy16.S.obj</name>
      </input_file>
      <input_file id="fl-131">
         <path>C:\ti\ti_cgt_arm_llvm_4.0.2.LTS\lib\armv6m-ti-none-eabi\c\</path>
         <kind>archive</kind>
         <file>libc.a</file>
         <name>memset16.S.obj</name>
      </input_file>
      <input_file id="fl-132">
         <path>C:\ti\ti_cgt_arm_llvm_4.0.2.LTS\lib\armv6m-ti-none-eabi\c\</path>
         <kind>archive</kind>
         <file>libc.a</file>
         <name>strcmp-armv6m.S.obj</name>
      </input_file>
   </input_file_list>
   <object_component_list>
      <object_component id="oc-18">
         <name>.intvecs</name>
         <load_address>0x0</load_address>
         <readonly>true</readonly>
         <run_address>0x0</run_address>
         <size>0xc0</size>
         <alignment>0x4</alignment>
         <input_file_ref idref="fl-4"/>
      </object_component>
      <object_component id="oc-1fc">
         <name>.text.task3</name>
         <load_address>0xc0</load_address>
         <readonly>true</readonly>
         <executable>true</executable>
         <run_address>0xc0</run_address>
         <size>0x1328</size>
         <alignment>0x4</alignment>
         <input_file_ref idref="fl-10"/>
      </object_component>
      <object_component id="oc-156">
         <name>.text.LCD_Init</name>
         <load_address>0x13e8</load_address>
         <readonly>true</readonly>
         <executable>true</executable>
         <run_address>0x13e8</run_address>
         <size>0x12a8</size>
         <alignment>0x4</alignment>
         <input_file_ref idref="fl-c"/>
      </object_component>
      <object_component id="oc-21d">
         <name>.text.__TI_scanfi</name>
         <load_address>0x2690</load_address>
         <readonly>true</readonly>
         <executable>true</executable>
         <run_address>0x2690</run_address>
         <size>0xbdc</size>
         <alignment>0x4</alignment>
         <input_file_ref idref="fl-59"/>
      </object_component>
      <object_component id="oc-26c">
         <name>.text:__TI_printfi</name>
         <load_address>0x326c</load_address>
         <readonly>true</readonly>
         <executable>true</executable>
         <run_address>0x326c</run_address>
         <size>0x9d0</size>
         <alignment>0x4</alignment>
         <input_file_ref idref="fl-3d"/>
      </object_component>
      <object_component id="oc-202">
         <name>.text.task4</name>
         <load_address>0x3c3c</load_address>
         <readonly>true</readonly>
         <executable>true</executable>
         <run_address>0x3c3c</run_address>
         <size>0x4fc</size>
         <alignment>0x4</alignment>
         <input_file_ref idref="fl-11"/>
      </object_component>
      <object_component id="oc-c4">
         <name>.text.main</name>
         <load_address>0x4138</load_address>
         <readonly>true</readonly>
         <executable>true</executable>
         <run_address>0x4138</run_address>
         <size>0x478</size>
         <alignment>0x4</alignment>
         <input_file_ref idref="fl-2"/>
      </object_component>
      <object_component id="oc-169">
         <name>.text.LCD_ShowChar</name>
         <load_address>0x45b0</load_address>
         <readonly>true</readonly>
         <executable>true</executable>
         <run_address>0x45b0</run_address>
         <size>0x400</size>
         <alignment>0x4</alignment>
         <input_file_ref idref="fl-b"/>
      </object_component>
      <object_component id="oc-2cb">
         <name>.text.strtod</name>
         <load_address>0x49b0</load_address>
         <readonly>true</readonly>
         <executable>true</executable>
         <run_address>0x49b0</run_address>
         <size>0x3b8</size>
         <alignment>0x4</alignment>
         <input_file_ref idref="fl-5e"/>
      </object_component>
      <object_component id="oc-15c">
         <name>.text.LCD_Fill</name>
         <load_address>0x4d68</load_address>
         <readonly>true</readonly>
         <executable>true</executable>
         <run_address>0x4d68</run_address>
         <size>0x2c0</size>
         <alignment>0x4</alignment>
         <input_file_ref idref="fl-b"/>
      </object_component>
      <object_component id="oc-1f8">
         <name>.text.task2</name>
         <load_address>0x5028</load_address>
         <readonly>true</readonly>
         <executable>true</executable>
         <run_address>0x5028</run_address>
         <size>0x26c</size>
         <alignment>0x4</alignment>
         <input_file_ref idref="fl-f"/>
      </object_component>
      <object_component id="oc-da">
         <name>.text.deal_data</name>
         <load_address>0x5294</load_address>
         <readonly>true</readonly>
         <executable>true</executable>
         <run_address>0x5294</run_address>
         <size>0x224</size>
         <alignment>0x4</alignment>
         <input_file_ref idref="fl-9"/>
      </object_component>
      <object_component id="oc-31a">
         <name>.text._pconv_a</name>
         <load_address>0x54b8</load_address>
         <readonly>true</readonly>
         <executable>true</executable>
         <run_address>0x54b8</run_address>
         <size>0x220</size>
         <alignment>0x4</alignment>
         <input_file_ref idref="fl-3d"/>
      </object_component>
      <object_component id="oc-1f4">
         <name>.text.task1</name>
         <load_address>0x56d8</load_address>
         <readonly>true</readonly>
         <executable>true</executable>
         <run_address>0x56d8</run_address>
         <size>0x1fc</size>
         <alignment>0x4</alignment>
         <input_file_ref idref="fl-e"/>
      </object_component>
      <object_component id="oc-274">
         <name>.text.DisplayPIDInfo</name>
         <load_address>0x58d4</load_address>
         <readonly>true</readonly>
         <executable>true</executable>
         <run_address>0x58d4</run_address>
         <size>0x1f8</size>
         <alignment>0x4</alignment>
         <input_file_ref idref="fl-d"/>
      </object_component>
      <object_component id="oc-2de">
         <name>.text.strtoll</name>
         <load_address>0x5acc</load_address>
         <readonly>true</readonly>
         <executable>true</executable>
         <run_address>0x5acc</run_address>
         <size>0x1e0</size>
         <alignment>0x4</alignment>
         <input_file_ref idref="fl-60"/>
      </object_component>
      <object_component id="oc-91">
         <name>.text.Get_Huidu</name>
         <load_address>0x5cac</load_address>
         <readonly>true</readonly>
         <executable>true</executable>
         <run_address>0x5cac</run_address>
         <size>0x1dc</size>
         <alignment>0x4</alignment>
         <input_file_ref idref="fl-7"/>
      </object_component>
      <object_component id="oc-31f">
         <name>.text._pconv_g</name>
         <load_address>0x5e88</load_address>
         <readonly>true</readonly>
         <executable>true</executable>
         <run_address>0x5e88</run_address>
         <size>0x1dc</size>
         <alignment>0x4</alignment>
         <input_file_ref idref="fl-3d"/>
      </object_component>
      <object_component id="oc-28c">
         <name>.text.task3_heading_correction</name>
         <load_address>0x6064</load_address>
         <readonly>true</readonly>
         <executable>true</executable>
         <run_address>0x6064</run_address>
         <size>0x1d4</size>
         <alignment>0x4</alignment>
         <input_file_ref idref="fl-10"/>
      </object_component>
      <object_component id="oc-83">
         <name>.text.recv_k210msg</name>
         <load_address>0x6238</load_address>
         <readonly>true</readonly>
         <executable>true</executable>
         <run_address>0x6238</run_address>
         <size>0x1bc</size>
         <alignment>0x4</alignment>
         <input_file_ref idref="fl-9"/>
      </object_component>
      <object_component id="oc-13b">
         <name>.text.adddf3_subdf3</name>
         <load_address>0x63f4</load_address>
         <readonly>true</readonly>
         <executable>true</executable>
         <run_address>0x63f4</run_address>
         <size>0x192</size>
         <alignment>0x4</alignment>
         <input_file_ref idref="fl-114"/>
      </object_component>
      <object_component id="oc-37">
         <name>.text.Default_Handler</name>
         <load_address>0x6586</load_address>
         <readonly>true</readonly>
         <executable>true</executable>
         <run_address>0x6586</run_address>
         <size>0x2</size>
         <alignment>0x2</alignment>
         <input_file_ref idref="fl-4"/>
      </object_component>
      <object_component id="oc-2da">
         <name>.text.strtoull</name>
         <load_address>0x6588</load_address>
         <readonly>true</readonly>
         <executable>true</executable>
         <run_address>0x6588</run_address>
         <size>0x16c</size>
         <alignment>0x4</alignment>
         <input_file_ref idref="fl-62"/>
      </object_component>
      <object_component id="oc-1be">
         <name>.text.SYSCFG_DL_GPIO_init</name>
         <load_address>0x66f4</load_address>
         <readonly>true</readonly>
         <executable>true</executable>
         <run_address>0x66f4</run_address>
         <size>0x164</size>
         <alignment>0x4</alignment>
         <input_file_ref idref="fl-3"/>
      </object_component>
      <object_component id="oc-115">
         <name>.text.PID_Calculate_Angle</name>
         <load_address>0x6858</load_address>
         <readonly>true</readonly>
         <executable>true</executable>
         <run_address>0x6858</run_address>
         <size>0x14c</size>
         <alignment>0x4</alignment>
         <input_file_ref idref="fl-d"/>
      </object_component>
      <object_component id="oc-a6">
         <name>.text.MEASURE_MOTORS_SPEED</name>
         <load_address>0x69a4</load_address>
         <readonly>true</readonly>
         <executable>true</executable>
         <run_address>0x69a4</run_address>
         <size>0x144</size>
         <alignment>0x4</alignment>
         <input_file_ref idref="fl-6"/>
      </object_component>
      <object_component id="oc-2d6">
         <name>.text.strtol</name>
         <load_address>0x6ae8</load_address>
         <readonly>true</readonly>
         <executable>true</executable>
         <run_address>0x6ae8</run_address>
         <size>0x144</size>
         <alignment>0x4</alignment>
         <input_file_ref idref="fl-5f"/>
      </object_component>
      <object_component id="oc-39e">
         <name>.text.fcvt</name>
         <load_address>0x6c2c</load_address>
         <readonly>true</readonly>
         <executable>true</executable>
         <run_address>0x6c2c</run_address>
         <size>0x13c</size>
         <alignment>0x4</alignment>
         <input_file_ref idref="fl-3d"/>
      </object_component>
      <object_component id="oc-2d2">
         <name>.text.strtoul</name>
         <load_address>0x6d68</load_address>
         <readonly>true</readonly>
         <executable>true</executable>
         <run_address>0x6d68</run_address>
         <size>0x12c</size>
         <alignment>0x4</alignment>
         <input_file_ref idref="fl-61"/>
      </object_component>
      <object_component id="oc-44">
         <name>.text.TIMA1_IRQHandler</name>
         <load_address>0x6e94</load_address>
         <readonly>true</readonly>
         <executable>true</executable>
         <run_address>0x6e94</run_address>
         <size>0x128</size>
         <alignment>0x4</alignment>
         <input_file_ref idref="fl-2"/>
      </object_component>
      <object_component id="oc-321">
         <name>.text._pconv_e</name>
         <load_address>0x6fbc</load_address>
         <readonly>true</readonly>
         <executable>true</executable>
         <run_address>0x6fbc</run_address>
         <size>0x120</size>
         <alignment>0x4</alignment>
         <input_file_ref idref="fl-3d"/>
      </object_component>
      <object_component id="oc-3ab">
         <name>.text.aligned_alloc</name>
         <load_address>0x70dc</load_address>
         <readonly>true</readonly>
         <executable>true</executable>
         <run_address>0x70dc</run_address>
         <size>0x114</size>
         <alignment>0x4</alignment>
         <input_file_ref idref="fl-4d"/>
      </object_component>
      <object_component id="oc-1ed">
         <name>.text.test_1</name>
         <load_address>0x71f0</load_address>
         <readonly>true</readonly>
         <executable>true</executable>
         <run_address>0x71f0</run_address>
         <size>0x114</size>
         <alignment>0x4</alignment>
         <input_file_ref idref="fl-13"/>
      </object_component>
      <object_component id="oc-1dd">
         <name>.text.LCD_Address_Set</name>
         <load_address>0x7304</load_address>
         <readonly>true</readonly>
         <executable>true</executable>
         <run_address>0x7304</run_address>
         <size>0x10c</size>
         <alignment>0x4</alignment>
         <input_file_ref idref="fl-c"/>
      </object_component>
      <object_component id="oc-8b">
         <name>.text.SET_MOTORS_SPEED</name>
         <load_address>0x7410</load_address>
         <readonly>true</readonly>
         <executable>true</executable>
         <run_address>0x7410</run_address>
         <size>0x10c</size>
         <alignment>0x4</alignment>
         <input_file_ref idref="fl-d"/>
      </object_component>
      <object_component id="oc-34a">
         <name>.text.__divdf3</name>
         <load_address>0x751c</load_address>
         <readonly>true</readonly>
         <executable>true</executable>
         <run_address>0x751c</run_address>
         <size>0x10c</size>
         <alignment>0x4</alignment>
         <input_file_ref idref="fl-119"/>
      </object_component>
      <object_component id="oc-116">
         <name>.text.PID_Calculate</name>
         <load_address>0x7628</load_address>
         <readonly>true</readonly>
         <executable>true</executable>
         <run_address>0x7628</run_address>
         <size>0x108</size>
         <alignment>0x2</alignment>
         <input_file_ref idref="fl-d"/>
      </object_component>
      <object_component id="oc-242">
         <name>.text.DL_Timer_initFourCCPWMMode</name>
         <load_address>0x7730</load_address>
         <readonly>true</readonly>
         <executable>true</executable>
         <run_address>0x7730</run_address>
         <size>0x104</size>
         <alignment>0x4</alignment>
         <input_file_ref idref="fl-24"/>
      </object_component>
      <object_component id="oc-1de">
         <name>.text.LCD_WR_DATA</name>
         <load_address>0x7834</load_address>
         <readonly>true</readonly>
         <executable>true</executable>
         <run_address>0x7834</run_address>
         <size>0x104</size>
         <alignment>0x4</alignment>
         <input_file_ref idref="fl-c"/>
      </object_component>
      <object_component id="oc-204">
         <name>.text.task5</name>
         <load_address>0x7938</load_address>
         <readonly>true</readonly>
         <executable>true</executable>
         <run_address>0x7938</run_address>
         <size>0x104</size>
         <alignment>0x4</alignment>
         <input_file_ref idref="fl-12"/>
      </object_component>
      <object_component id="oc-247">
         <name>.text.DL_Timer_initTimerMode</name>
         <load_address>0x7a3c</load_address>
         <readonly>true</readonly>
         <executable>true</executable>
         <run_address>0x7a3c</run_address>
         <size>0xfc</size>
         <alignment>0x4</alignment>
         <input_file_ref idref="fl-24"/>
      </object_component>
      <object_component id="oc-19d">
         <name>.text.fputs</name>
         <load_address>0x7b38</load_address>
         <readonly>true</readonly>
         <executable>true</executable>
         <run_address>0x7b38</run_address>
         <size>0xf8</size>
         <alignment>0x4</alignment>
         <input_file_ref idref="fl-41"/>
      </object_component>
      <object_component id="oc-1f3">
         <name>.text.test_2</name>
         <load_address>0x7c30</load_address>
         <readonly>true</readonly>
         <executable>true</executable>
         <run_address>0x7c30</run_address>
         <size>0xec</size>
         <alignment>0x4</alignment>
         <input_file_ref idref="fl-13"/>
      </object_component>
      <object_component id="oc-365">
         <name>.text.free</name>
         <load_address>0x7d1c</load_address>
         <readonly>true</readonly>
         <executable>true</executable>
         <run_address>0x7d1c</run_address>
         <size>0xe8</size>
         <alignment>0x4</alignment>
         <input_file_ref idref="fl-4d"/>
      </object_component>
      <object_component id="oc-277">
         <name>.text.AdjustPIDParam</name>
         <load_address>0x7e04</load_address>
         <readonly>true</readonly>
         <executable>true</executable>
         <run_address>0x7e04</run_address>
         <size>0xe4</size>
         <alignment>0x4</alignment>
         <input_file_ref idref="fl-d"/>
      </object_component>
      <object_component id="oc-f5">
         <name>.text.__muldf3</name>
         <load_address>0x7ee8</load_address>
         <readonly>true</readonly>
         <executable>true</executable>
         <run_address>0x7ee8</run_address>
         <size>0xe4</size>
         <alignment>0x4</alignment>
         <input_file_ref idref="fl-115"/>
      </object_component>
      <object_component id="oc-2b1">
         <name>.text.task5_show</name>
         <load_address>0x7fcc</load_address>
         <readonly>true</readonly>
         <executable>true</executable>
         <run_address>0x7fcc</run_address>
         <size>0xe4</size>
         <alignment>0x4</alignment>
         <input_file_ref idref="fl-12"/>
      </object_component>
      <object_component id="oc-2ea">
         <name>.text.setvbuf</name>
         <load_address>0x80b0</load_address>
         <readonly>true</readonly>
         <executable>true</executable>
         <run_address>0x80b0</run_address>
         <size>0xe0</size>
         <alignment>0x4</alignment>
         <input_file_ref idref="fl-43"/>
      </object_component>
      <object_component id="oc-29c">
         <name>.text.DL_FlashCTL_unprotectSector</name>
         <load_address>0x8190</load_address>
         <readonly>true</readonly>
         <executable>true</executable>
         <run_address>0x8190</run_address>
         <size>0xd8</size>
         <alignment>0x4</alignment>
         <input_file_ref idref="fl-22"/>
      </object_component>
      <object_component id="oc-346">
         <name>.text.scalbn</name>
         <load_address>0x8268</load_address>
         <readonly>true</readonly>
         <executable>true</executable>
         <run_address>0x8268</run_address>
         <size>0xd8</size>
         <alignment>0x4</alignment>
         <input_file_ref idref="fl-57"/>
      </object_component>
      <object_component id="oc-11b">
         <name>.text</name>
         <load_address>0x8340</load_address>
         <readonly>true</readonly>
         <executable>true</executable>
         <run_address>0x8340</run_address>
         <size>0xd8</size>
         <alignment>0x4</alignment>
         <input_file_ref idref="fl-113"/>
      </object_component>
      <object_component id="oc-1c0">
         <name>.text.SYSCFG_DL_PWM_Motor_init</name>
         <load_address>0x8418</load_address>
         <readonly>true</readonly>
         <executable>true</executable>
         <run_address>0x8418</run_address>
         <size>0xd4</size>
         <alignment>0x4</alignment>
         <input_file_ref idref="fl-3"/>
      </object_component>
      <object_component id="oc-7a">
         <name>.text.HWT101_IRQHandler</name>
         <load_address>0x84ec</load_address>
         <readonly>true</readonly>
         <executable>true</executable>
         <run_address>0x84ec</run_address>
         <size>0xc0</size>
         <alignment>0x4</alignment>
         <input_file_ref idref="fl-8"/>
      </object_component>
      <object_component id="oc-38">
         <name>.text.GROUP1_IRQHandler</name>
         <load_address>0x85ac</load_address>
         <readonly>true</readonly>
         <executable>true</executable>
         <run_address>0x85ac</run_address>
         <size>0xac</size>
         <alignment>0x4</alignment>
         <input_file_ref idref="fl-6"/>
      </object_component>
      <object_component id="oc-1d7">
         <name>.text.usart3_send_bytes</name>
         <load_address>0x8658</load_address>
         <readonly>true</readonly>
         <executable>true</executable>
         <run_address>0x8658</run_address>
         <size>0xa4</size>
         <alignment>0x4</alignment>
         <input_file_ref idref="fl-1"/>
      </object_component>
      <object_component id="oc-380">
         <name>.text</name>
         <load_address>0x86fc</load_address>
         <readonly>true</readonly>
         <executable>true</executable>
         <run_address>0x86fc</run_address>
         <size>0xa2</size>
         <alignment>0x4</alignment>
         <input_file_ref idref="fl-12b"/>
      </object_component>
      <object_component id="oc-18c">
         <name>.text.__aeabi_idiv0</name>
         <load_address>0x879e</load_address>
         <readonly>true</readonly>
         <executable>true</executable>
         <run_address>0x879e</run_address>
         <size>0x2</size>
         <alignment>0x2</alignment>
         <input_file_ref idref="fl-12e"/>
      </object_component>
      <object_component id="oc-26d">
         <name>.text.display_grey_info</name>
         <load_address>0x87a0</load_address>
         <readonly>true</readonly>
         <executable>true</executable>
         <run_address>0x87a0</run_address>
         <size>0x9c</size>
         <alignment>0x4</alignment>
         <input_file_ref idref="fl-13"/>
      </object_component>
      <object_component id="oc-148">
         <name>.text:memcpy</name>
         <load_address>0x883c</load_address>
         <readonly>true</readonly>
         <executable>true</executable>
         <run_address>0x883c</run_address>
         <size>0x9a</size>
         <alignment>0x1</alignment>
         <input_file_ref idref="fl-130"/>
      </object_component>
      <object_component id="oc-3d3">
         <name>.text.__aeabi_ldiv0</name>
         <load_address>0x88d6</load_address>
         <readonly>true</readonly>
         <executable>true</executable>
         <run_address>0x88d6</run_address>
         <size>0x2</size>
         <alignment>0x2</alignment>
         <input_file_ref idref="fl-12e"/>
      </object_component>
      <object_component id="oc-129">
         <name>.text.__mulsf3</name>
         <load_address>0x88d8</load_address>
         <readonly>true</readonly>
         <executable>true</executable>
         <run_address>0x88d8</run_address>
         <size>0x8c</size>
         <alignment>0x4</alignment>
         <input_file_ref idref="fl-117"/>
      </object_component>
      <object_component id="oc-16a">
         <name>.text.get_key_state</name>
         <load_address>0x8964</load_address>
         <readonly>true</readonly>
         <executable>true</executable>
         <run_address>0x8964</run_address>
         <size>0x8c</size>
         <alignment>0x4</alignment>
         <input_file_ref idref="fl-a"/>
      </object_component>
      <object_component id="oc-430">
         <name>.text:strcmp</name>
         <load_address>0x89f0</load_address>
         <readonly>true</readonly>
         <executable>true</executable>
         <run_address>0x89f0</run_address>
         <size>0x88</size>
         <alignment>0x10</alignment>
         <input_file_ref idref="fl-132"/>
      </object_component>
      <object_component id="oc-137">
         <name>.text.__divsf3</name>
         <load_address>0x8a78</load_address>
         <readonly>true</readonly>
         <executable>true</executable>
         <run_address>0x8a78</run_address>
         <size>0x82</size>
         <alignment>0x4</alignment>
         <input_file_ref idref="fl-118"/>
      </object_component>
      <object_component id="oc-2b6">
         <name>.text._nop</name>
         <load_address>0x8afa</load_address>
         <readonly>true</readonly>
         <executable>true</executable>
         <run_address>0x8afa</run_address>
         <size>0x2</size>
         <alignment>0x2</alignment>
         <input_file_ref idref="fl-47"/>
      </object_component>
      <object_component id="oc-2a3">
         <name>.text.DL_FlashCTL_programMemoryBlockingFromRAM64WithECCGenerated</name>
         <load_address>0x8afc</load_address>
         <readonly>true</readonly>
         <executable>true</executable>
         <run_address>0x8afc</run_address>
         <size>0x80</size>
         <alignment>0x4</alignment>
         <input_file_ref idref="fl-22"/>
      </object_component>
      <object_component id="oc-a5">
         <name>.text.Car_Tracing</name>
         <load_address>0x8b7c</load_address>
         <readonly>true</readonly>
         <executable>true</executable>
         <run_address>0x8b7c</run_address>
         <size>0x7c</size>
         <alignment>0x4</alignment>
         <input_file_ref idref="fl-5"/>
      </object_component>
      <object_component id="oc-3ac">
         <name>.text.__TI_closefile</name>
         <load_address>0x8bf8</load_address>
         <readonly>true</readonly>
         <executable>true</executable>
         <run_address>0x8bf8</run_address>
         <size>0x7c</size>
         <alignment>0x4</alignment>
         <input_file_ref idref="fl-63"/>
      </object_component>
      <object_component id="oc-cf">
         <name>.text.parse_angular_velocity</name>
         <load_address>0x8c74</load_address>
         <readonly>true</readonly>
         <executable>true</executable>
         <run_address>0x8c74</run_address>
         <size>0x7c</size>
         <alignment>0x4</alignment>
         <input_file_ref idref="fl-8"/>
      </object_component>
      <object_component id="oc-1e">
         <name>.text:decompress:lzss</name>
         <load_address>0x8cf0</load_address>
         <readonly>true</readonly>
         <executable>true</executable>
         <run_address>0x8cf0</run_address>
         <size>0x7c</size>
         <alignment>0x4</alignment>
         <input_file_ref idref="fl-55"/>
      </object_component>
      <object_component id="oc-39c">
         <name>.text.__gedf2</name>
         <load_address>0x8d6c</load_address>
         <readonly>true</readonly>
         <executable>true</executable>
         <run_address>0x8d6c</run_address>
         <size>0x74</size>
         <alignment>0x4</alignment>
         <input_file_ref idref="fl-12d"/>
      </object_component>
      <object_component id="oc-131">
         <name>.text.__truncdfsf2</name>
         <load_address>0x8de0</load_address>
         <readonly>true</readonly>
         <executable>true</executable>
         <run_address>0x8de0</run_address>
         <size>0x74</size>
         <alignment>0x10</alignment>
         <input_file_ref idref="fl-122"/>
      </object_component>
      <object_component id="oc-225">
         <name>.text._chkmbc</name>
         <load_address>0x8e54</load_address>
         <readonly>true</readonly>
         <executable>true</executable>
         <run_address>0x8e54</run_address>
         <size>0x74</size>
         <alignment>0x4</alignment>
         <input_file_ref idref="fl-40"/>
      </object_component>
      <object_component id="oc-155">
         <name>.text.calibrate_z_axis_zero</name>
         <load_address>0x8ec8</load_address>
         <readonly>true</readonly>
         <executable>true</executable>
         <run_address>0x8ec8</run_address>
         <size>0x74</size>
         <alignment>0x4</alignment>
         <input_file_ref idref="fl-8"/>
      </object_component>
      <object_component id="oc-1c2">
         <name>.text.SYSCFG_DL_UART_0_init</name>
         <load_address>0x8f3c</load_address>
         <readonly>true</readonly>
         <executable>true</executable>
         <run_address>0x8f3c</run_address>
         <size>0x70</size>
         <alignment>0x4</alignment>
         <input_file_ref idref="fl-3"/>
      </object_component>
      <object_component id="oc-1c4">
         <name>.text.SYSCFG_DL_UART_1_init</name>
         <load_address>0x8fac</load_address>
         <readonly>true</readonly>
         <executable>true</executable>
         <run_address>0x8fac</run_address>
         <size>0x70</size>
         <alignment>0x4</alignment>
         <input_file_ref idref="fl-3"/>
      </object_component>
      <object_component id="oc-1bc">
         <name>.text.SYSCFG_DL_initPower</name>
         <load_address>0x901c</load_address>
         <readonly>true</readonly>
         <executable>true</executable>
         <run_address>0x901c</run_address>
         <size>0x70</size>
         <alignment>0x4</alignment>
         <input_file_ref idref="fl-3"/>
      </object_component>
      <object_component id="oc-3c5">
         <name>.text.HOSTlseek</name>
         <load_address>0x908c</load_address>
         <readonly>true</readonly>
         <executable>true</executable>
         <run_address>0x908c</run_address>
         <size>0x6c</size>
         <alignment>0x4</alignment>
         <input_file_ref idref="fl-10c"/>
      </object_component>
      <object_component id="oc-3cd">
         <name>.text.HOSTrename</name>
         <load_address>0x90f8</load_address>
         <readonly>true</readonly>
         <executable>true</executable>
         <run_address>0x90f8</run_address>
         <size>0x6c</size>
         <alignment>0x4</alignment>
         <input_file_ref idref="fl-10f"/>
      </object_component>
      <object_component id="oc-1c3">
         <name>.text.SYSCFG_DL_UART_3_init</name>
         <load_address>0x9164</load_address>
         <readonly>true</readonly>
         <executable>true</executable>
         <run_address>0x9164</run_address>
         <size>0x6c</size>
         <alignment>0x4</alignment>
         <input_file_ref idref="fl-3"/>
      </object_component>
      <object_component id="oc-362">
         <name>.text.fseeko</name>
         <load_address>0x91d0</load_address>
         <readonly>true</readonly>
         <executable>true</executable>
         <run_address>0x91d0</run_address>
         <size>0x6c</size>
         <alignment>0x4</alignment>
         <input_file_ref idref="fl-5c"/>
      </object_component>
      <object_component id="oc-424">
         <name>.text.getdevice</name>
         <load_address>0x923c</load_address>
         <readonly>true</readonly>
         <executable>true</executable>
         <run_address>0x923c</run_address>
         <size>0x6c</size>
         <alignment>0x4</alignment>
         <input_file_ref idref="fl-12f"/>
      </object_component>
      <object_component id="oc-285">
         <name>.text.task4_load_straight_calibration</name>
         <load_address>0x92a8</load_address>
         <readonly>true</readonly>
         <executable>true</executable>
         <run_address>0x92a8</run_address>
         <size>0x6c</size>
         <alignment>0x4</alignment>
         <input_file_ref idref="fl-11"/>
      </object_component>
      <object_component id="oc-a2">
         <name>.text.Car_GoStraight</name>
         <load_address>0x9314</load_address>
         <readonly>true</readonly>
         <executable>true</executable>
         <run_address>0x9314</run_address>
         <size>0x68</size>
         <alignment>0x4</alignment>
         <input_file_ref idref="fl-5"/>
      </object_component>
      <object_component id="oc-396">
         <name>.text.__ledf2</name>
         <load_address>0x937c</load_address>
         <readonly>true</readonly>
         <executable>true</executable>
         <run_address>0x937c</run_address>
         <size>0x68</size>
         <alignment>0x4</alignment>
         <input_file_ref idref="fl-12d"/>
      </object_component>
      <object_component id="oc-395">
         <name>.text._mcpy</name>
         <load_address>0x93e4</load_address>
         <readonly>true</readonly>
         <executable>true</executable>
         <run_address>0x93e4</run_address>
         <size>0x66</size>
         <alignment>0x2</alignment>
         <input_file_ref idref="fl-3d"/>
      </object_component>
      <object_component id="oc-228">
         <name>.text.__TI_wrt_ok</name>
         <load_address>0x944a</load_address>
         <readonly>true</readonly>
         <executable>true</executable>
         <run_address>0x944a</run_address>
         <size>0x64</size>
         <alignment>0x2</alignment>
         <input_file_ref idref="fl-42"/>
      </object_component>
      <object_component id="oc-3ea">
         <name>.text.split</name>
         <load_address>0x94b0</load_address>
         <readonly>true</readonly>
         <executable>true</executable>
         <run_address>0x94b0</run_address>
         <size>0x64</size>
         <alignment>0x4</alignment>
         <input_file_ref idref="fl-4d"/>
      </object_component>
      <object_component id="oc-31b">
         <name>.text.__aeabi_dcmp</name>
         <load_address>0x9514</load_address>
         <readonly>true</readonly>
         <executable>true</executable>
         <run_address>0x9514</run_address>
         <size>0x62</size>
         <alignment>0x4</alignment>
         <input_file_ref idref="fl-123"/>
      </object_component>
      <object_component id="oc-99">
         <name>.text.__aeabi_fcmp</name>
         <load_address>0x9578</load_address>
         <readonly>true</readonly>
         <executable>true</executable>
         <run_address>0x9578</run_address>
         <size>0x62</size>
         <alignment>0x4</alignment>
         <input_file_ref idref="fl-124"/>
      </object_component>
      <object_component id="oc-1bb">
         <name>.text:memset</name>
         <load_address>0x95da</load_address>
         <readonly>true</readonly>
         <executable>true</executable>
         <run_address>0x95da</run_address>
         <size>0x62</size>
         <alignment>0x1</alignment>
         <input_file_ref idref="fl-131"/>
      </object_component>
      <object_component id="oc-3b5">
         <name>.text.HOSTopen</name>
         <load_address>0x963c</load_address>
         <readonly>true</readonly>
         <executable>true</executable>
         <run_address>0x963c</run_address>
         <size>0x60</size>
         <alignment>0x4</alignment>
         <input_file_ref idref="fl-10d"/>
      </object_component>
      <object_component id="oc-385">
         <name>.text.frexp</name>
         <load_address>0x969c</load_address>
         <readonly>true</readonly>
         <executable>true</executable>
         <run_address>0x969c</run_address>
         <size>0x5c</size>
         <alignment>0x4</alignment>
         <input_file_ref idref="fl-56"/>
      </object_component>
      <object_component id="oc-1d0">
         <name>.text.printf</name>
         <load_address>0x96f8</load_address>
         <readonly>true</readonly>
         <executable>true</executable>
         <run_address>0x96f8</run_address>
         <size>0x5c</size>
         <alignment>0x4</alignment>
         <input_file_ref idref="fl-3c"/>
      </object_component>
      <object_component id="oc-3bd">
         <name>.text.HOSTread</name>
         <load_address>0x9754</load_address>
         <readonly>true</readonly>
         <executable>true</executable>
         <run_address>0x9754</run_address>
         <size>0x58</size>
         <alignment>0x4</alignment>
         <input_file_ref idref="fl-10e"/>
      </object_component>
      <object_component id="oc-3c1">
         <name>.text.HOSTwrite</name>
         <load_address>0x97ac</load_address>
         <readonly>true</readonly>
         <executable>true</executable>
         <run_address>0x97ac</run_address>
         <size>0x58</size>
         <alignment>0x4</alignment>
         <input_file_ref idref="fl-111"/>
      </object_component>
      <object_component id="oc-38d">
         <name>.text.__TI_ltoa</name>
         <load_address>0x9804</load_address>
         <readonly>true</readonly>
         <executable>true</executable>
         <run_address>0x9804</run_address>
         <size>0x58</size>
         <alignment>0x2</alignment>
         <input_file_ref idref="fl-48"/>
      </object_component>
      <object_component id="oc-320">
         <name>.text._pconv_f</name>
         <load_address>0x985c</load_address>
         <readonly>true</readonly>
         <executable>true</executable>
         <run_address>0x985c</run_address>
         <size>0x58</size>
         <alignment>0x2</alignment>
         <input_file_ref idref="fl-3d"/>
      </object_component>
      <object_component id="oc-3dd">
         <name>.text.__aeabi_idivmod</name>
         <load_address>0x98b4</load_address>
         <readonly>true</readonly>
         <executable>true</executable>
         <run_address>0x98b4</run_address>
         <size>0x56</size>
         <alignment>0x4</alignment>
         <input_file_ref idref="fl-125"/>
      </object_component>
      <object_component id="oc-14d">
         <name>.text.SYSCFG_DL_init</name>
         <load_address>0x990c</load_address>
         <readonly>true</readonly>
         <executable>true</executable>
         <run_address>0x990c</run_address>
         <size>0x54</size>
         <alignment>0x4</alignment>
         <input_file_ref idref="fl-3"/>
      </object_component>
      <object_component id="oc-232">
         <name>.text.__TI_doflush</name>
         <load_address>0x9960</load_address>
         <readonly>true</readonly>
         <executable>true</executable>
         <run_address>0x9960</run_address>
         <size>0x52</size>
         <alignment>0x2</alignment>
         <input_file_ref idref="fl-5a"/>
      </object_component>
      <object_component id="oc-393">
         <name>.text._ecpy</name>
         <load_address>0x99b2</load_address>
         <readonly>true</readonly>
         <executable>true</executable>
         <run_address>0x99b2</run_address>
         <size>0x52</size>
         <alignment>0x2</alignment>
         <input_file_ref idref="fl-3d"/>
      </object_component>
      <object_component id="oc-1c1">
         <name>.text.SYSCFG_DL_TIMER_0_init</name>
         <load_address>0x9a04</load_address>
         <readonly>true</readonly>
         <executable>true</executable>
         <run_address>0x9a04</run_address>
         <size>0x50</size>
         <alignment>0x4</alignment>
         <input_file_ref idref="fl-3"/>
      </object_component>
      <object_component id="oc-3ec">
         <name>.text.close</name>
         <load_address>0x9a54</load_address>
         <readonly>true</readonly>
         <executable>true</executable>
         <run_address>0x9a54</run_address>
         <size>0x50</size>
         <alignment>0x4</alignment>
         <input_file_ref idref="fl-109"/>
      </object_component>
      <object_component id="oc-216">
         <name>.text.copy_in</name>
         <load_address>0x9aa4</load_address>
         <readonly>true</readonly>
         <executable>true</executable>
         <run_address>0x9aa4</run_address>
         <size>0x4c</size>
         <alignment>0x4</alignment>
         <input_file_ref idref="fl-52"/>
      </object_component>
      <object_component id="oc-153">
         <name>.text.motor_init</name>
         <load_address>0x9af0</load_address>
         <readonly>true</readonly>
         <executable>true</executable>
         <run_address>0x9af0</run_address>
         <size>0x4c</size>
         <alignment>0x4</alignment>
         <input_file_ref idref="fl-d"/>
      </object_component>
      <object_component id="oc-2a4">
         <name>.text.snprintf</name>
         <load_address>0x9b3c</load_address>
         <readonly>true</readonly>
         <executable>true</executable>
         <run_address>0x9b3c</run_address>
         <size>0x4c</size>
         <alignment>0x4</alignment>
         <input_file_ref idref="fl-3e"/>
      </object_component>
      <object_component id="oc-181">
         <name>.text:__TI_auto_init_nopinit</name>
         <load_address>0x9b88</load_address>
         <readonly>true</readonly>
         <executable>true</executable>
         <run_address>0x9b88</run_address>
         <size>0x4c</size>
         <alignment>0x4</alignment>
         <input_file_ref idref="fl-50"/>
      </object_component>
      <object_component id="oc-162">
         <name>.text.LCD_ShowString</name>
         <load_address>0x9bd4</load_address>
         <readonly>true</readonly>
         <executable>true</executable>
         <run_address>0x9bd4</run_address>
         <size>0x4a</size>
         <alignment>0x2</alignment>
         <input_file_ref idref="fl-b"/>
      </object_component>
      <object_component id="oc-389">
         <name>.text.__fixdfsi</name>
         <load_address>0x9c20</load_address>
         <readonly>true</readonly>
         <executable>true</executable>
         <run_address>0x9c20</run_address>
         <size>0x4a</size>
         <alignment>0x4</alignment>
         <input_file_ref idref="fl-11b"/>
      </object_component>
      <object_component id="oc-250">
         <name>.text.DL_UART_init</name>
         <load_address>0x9c6c</load_address>
         <readonly>true</readonly>
         <executable>true</executable>
         <run_address>0x9c6c</run_address>
         <size>0x48</size>
         <alignment>0x4</alignment>
         <input_file_ref idref="fl-25"/>
      </object_component>
      <object_component id="oc-3b9">
         <name>.text.HOSTclose</name>
         <load_address>0x9cb4</load_address>
         <readonly>true</readonly>
         <executable>true</executable>
         <run_address>0x9cb4</run_address>
         <size>0x48</size>
         <alignment>0x4</alignment>
         <input_file_ref idref="fl-10b"/>
      </object_component>
      <object_component id="oc-3c9">
         <name>.text.HOSTunlink</name>
         <load_address>0x9cfc</load_address>
         <readonly>true</readonly>
         <executable>true</executable>
         <run_address>0x9cfc</run_address>
         <size>0x48</size>
         <alignment>0x4</alignment>
         <input_file_ref idref="fl-110"/>
      </object_component>
      <object_component id="oc-1c5">
         <name>.text.SYSCFG_DL_SPI_init</name>
         <load_address>0x9d44</load_address>
         <readonly>true</readonly>
         <executable>true</executable>
         <run_address>0x9d44</run_address>
         <size>0x48</size>
         <alignment>0x4</alignment>
         <input_file_ref idref="fl-3"/>
      </object_component>
      <object_component id="oc-275">
         <name>.text.SelectNextPID</name>
         <load_address>0x9d8c</load_address>
         <readonly>true</readonly>
         <executable>true</executable>
         <run_address>0x9d8c</run_address>
         <size>0x48</size>
         <alignment>0x4</alignment>
         <input_file_ref idref="fl-d"/>
      </object_component>
      <object_component id="oc-25d">
         <name>.text.DL_SPI_init</name>
         <load_address>0x9dd4</load_address>
         <readonly>true</readonly>
         <executable>true</executable>
         <run_address>0x9dd4</run_address>
         <size>0x44</size>
         <alignment>0x4</alignment>
         <input_file_ref idref="fl-23"/>
      </object_component>
      <object_component id="oc-f9">
         <name>.text.__fixunsdfsi</name>
         <load_address>0x9e18</load_address>
         <readonly>true</readonly>
         <executable>true</executable>
         <run_address>0x9e18</run_address>
         <size>0x42</size>
         <alignment>0x4</alignment>
         <input_file_ref idref="fl-11d"/>
      </object_component>
      <object_component id="oc-d6">
         <name>.text.__aeabi_uidivmod</name>
         <load_address>0x9e5c</load_address>
         <readonly>true</readonly>
         <executable>true</executable>
         <run_address>0x9e5c</run_address>
         <size>0x40</size>
         <alignment>0x4</alignment>
         <input_file_ref idref="fl-128"/>
      </object_component>
      <object_component id="oc-12d">
         <name>.text.__extendsfdf2</name>
         <load_address>0x9e9c</load_address>
         <readonly>true</readonly>
         <executable>true</executable>
         <run_address>0x9e9c</run_address>
         <size>0x40</size>
         <alignment>0x4</alignment>
         <input_file_ref idref="fl-11a"/>
      </object_component>
      <object_component id="oc-2c1">
         <name>.text.atoi</name>
         <load_address>0x9edc</load_address>
         <readonly>true</readonly>
         <executable>true</executable>
         <run_address>0x9edc</run_address>
         <size>0x40</size>
         <alignment>0x4</alignment>
         <input_file_ref idref="fl-4a"/>
      </object_component>
      <object_component id="oc-1d8">
         <name>.text.delay_ms</name>
         <load_address>0x9f1c</load_address>
         <readonly>true</readonly>
         <executable>true</executable>
         <run_address>0x9f1c</run_address>
         <size>0x40</size>
         <alignment>0x4</alignment>
         <input_file_ref idref="fl-1"/>
      </object_component>
      <object_component id="oc-1bf">
         <name>.text.SYSCFG_DL_SYSCTL_init</name>
         <load_address>0x9f5c</load_address>
         <readonly>true</readonly>
         <executable>true</executable>
         <run_address>0x9f5c</run_address>
         <size>0x3c</size>
         <alignment>0x4</alignment>
         <input_file_ref idref="fl-3"/>
      </object_component>
      <object_component id="oc-117">
         <name>.text.__floatsisf</name>
         <load_address>0x9f98</load_address>
         <readonly>true</readonly>
         <executable>true</executable>
         <run_address>0x9f98</run_address>
         <size>0x3c</size>
         <alignment>0x4</alignment>
         <input_file_ref idref="fl-11f"/>
      </object_component>
      <object_component id="oc-110">
         <name>.text.__gtsf2</name>
         <load_address>0x9fd4</load_address>
         <readonly>true</readonly>
         <executable>true</executable>
         <run_address>0x9fd4</run_address>
         <size>0x3c</size>
         <alignment>0x4</alignment>
         <input_file_ref idref="fl-12a"/>
      </object_component>
      <object_component id="oc-10b">
         <name>.text.__eqsf2</name>
         <load_address>0xa010</load_address>
         <readonly>true</readonly>
         <executable>true</executable>
         <run_address>0xa010</run_address>
         <size>0x3a</size>
         <alignment>0x4</alignment>
         <input_file_ref idref="fl-12a"/>
      </object_component>
      <object_component id="oc-1a6">
         <name>.text.__muldsi3</name>
         <load_address>0xa04c</load_address>
         <readonly>true</readonly>
         <executable>true</executable>
         <run_address>0xa04c</run_address>
         <size>0x3a</size>
         <alignment>0x4</alignment>
         <input_file_ref idref="fl-116"/>
      </object_component>
      <object_component id="oc-11f">
         <name>.text.__fixsfsi</name>
         <load_address>0xa088</load_address>
         <readonly>true</readonly>
         <executable>true</executable>
         <run_address>0xa088</run_address>
         <size>0x38</size>
         <alignment>0x4</alignment>
         <input_file_ref idref="fl-11c"/>
      </object_component>
      <object_component id="oc-163">
         <name>.text.sprintf</name>
         <load_address>0xa0c0</load_address>
         <readonly>true</readonly>
         <executable>true</executable>
         <run_address>0xa0c0</run_address>
         <size>0x38</size>
         <alignment>0x4</alignment>
         <input_file_ref idref="fl-3f"/>
      </object_component>
      <object_component id="oc-368">
         <name>.text.__TI_cleanup</name>
         <load_address>0xa0f8</load_address>
         <readonly>true</readonly>
         <executable>true</executable>
         <run_address>0xa0f8</run_address>
         <size>0x34</size>
         <alignment>0x4</alignment>
         <input_file_ref idref="fl-5b"/>
      </object_component>
      <object_component id="oc-3fd">
         <name>.text.__TI_readmsg</name>
         <load_address>0xa12c</load_address>
         <readonly>true</readonly>
         <executable>true</executable>
         <run_address>0xa12c</run_address>
         <size>0x34</size>
         <alignment>0x4</alignment>
         <input_file_ref idref="fl-112"/>
      </object_component>
      <object_component id="oc-3f7">
         <name>.text.__TI_writemsg</name>
         <load_address>0xa160</load_address>
         <readonly>true</readonly>
         <executable>true</executable>
         <run_address>0xa160</run_address>
         <size>0x34</size>
         <alignment>0x4</alignment>
         <input_file_ref idref="fl-112"/>
      </object_component>
      <object_component id="oc-152">
         <name>.text.board_init</name>
         <load_address>0xa194</load_address>
         <readonly>true</readonly>
         <executable>true</executable>
         <run_address>0xa194</run_address>
         <size>0x34</size>
         <alignment>0x4</alignment>
         <input_file_ref idref="fl-1"/>
      </object_component>
      <object_component id="oc-178">
         <name>.text.exit</name>
         <load_address>0xa1c8</load_address>
         <readonly>true</readonly>
         <executable>true</executable>
         <run_address>0xa1c8</run_address>
         <size>0x34</size>
         <alignment>0x4</alignment>
         <input_file_ref idref="fl-46"/>
      </object_component>
      <object_component id="oc-42d">
         <name>.text.finddevice</name>
         <load_address>0xa1fc</load_address>
         <readonly>true</readonly>
         <executable>true</executable>
         <run_address>0xa1fc</run_address>
         <size>0x34</size>
         <alignment>0x4</alignment>
         <input_file_ref idref="fl-12f"/>
      </object_component>
      <object_component id="oc-1ce">
         <name>.text.uart0_send_string</name>
         <load_address>0xa230</load_address>
         <readonly>true</readonly>
         <executable>true</executable>
         <run_address>0xa230</run_address>
         <size>0x34</size>
         <alignment>0x4</alignment>
         <input_file_ref idref="fl-1"/>
      </object_component>
      <object_component id="oc-264">
         <name>.text.DL_UART_transmitDataBlocking</name>
         <load_address>0xa264</load_address>
         <readonly>true</readonly>
         <executable>true</executable>
         <run_address>0xa264</run_address>
         <size>0x30</size>
         <alignment>0x4</alignment>
         <input_file_ref idref="fl-25"/>
      </object_component>
      <object_component id="oc-394">
         <name>.text._fcpy</name>
         <load_address>0xa294</load_address>
         <readonly>true</readonly>
         <executable>true</executable>
         <run_address>0xa294</run_address>
         <size>0x30</size>
         <alignment>0x2</alignment>
         <input_file_ref idref="fl-3d"/>
      </object_component>
      <object_component id="oc-334">
         <name>.text._outs</name>
         <load_address>0xa2c4</load_address>
         <readonly>true</readonly>
         <executable>true</executable>
         <run_address>0xa2c4</run_address>
         <size>0x30</size>
         <alignment>0x2</alignment>
         <input_file_ref idref="fl-3e"/>
      </object_component>
      <object_component id="oc-192">
         <name>.text.sscanf</name>
         <load_address>0xa2f4</load_address>
         <readonly>true</readonly>
         <executable>true</executable>
         <run_address>0xa2f4</run_address>
         <size>0x30</size>
         <alignment>0x4</alignment>
         <input_file_ref idref="fl-40"/>
      </object_component>
      <object_component id="oc-286">
         <name>.text.Start_Alarm</name>
         <load_address>0xa324</load_address>
         <readonly>true</readonly>
         <executable>true</executable>
         <run_address>0xa324</run_address>
         <size>0x2c</size>
         <alignment>0x4</alignment>
         <input_file_ref idref="fl-1"/>
      </object_component>
      <object_component id="oc-f1">
         <name>.text.__floatsidf</name>
         <load_address>0xa350</load_address>
         <readonly>true</readonly>
         <executable>true</executable>
         <run_address>0xa350</run_address>
         <size>0x2c</size>
         <alignment>0x4</alignment>
         <input_file_ref idref="fl-11e"/>
      </object_component>
      <object_component id="oc-154">
[...]
         <object_component_ref idref="oc-66"/>
      </symbol>
      <symbol id="sm-45c">
         <name>__TI_decompress_none</name>
         <value>0xa77f</value>
         <object_component_ref idref="oc-22"/>
      </symbol>
      <symbol id="sm-467">
         <name>__TI_decompress_lzss</name>
         <value>0x8cf1</value>
         <object_component_ref idref="oc-1e"/>
      </symbol>
      <symbol id="sm-471">
         <name>frexp</name>
         <value>0x969d</value>
         <object_component_ref idref="oc-385"/>
      </symbol>
      <symbol id="sm-472">
         <name>frexpl</name>
         <value>0x969d</value>
         <object_component_ref idref="oc-385"/>
      </symbol>
      <symbol id="sm-47c">
         <name>scalbn</name>
         <value>0x8269</value>
         <object_component_ref idref="oc-346"/>
      </symbol>
      <symbol id="sm-47d">
         <name>ldexp</name>
         <value>0x8269</value>
         <object_component_ref idref="oc-346"/>
      </symbol>
      <symbol id="sm-47e">
         <name>scalbnl</name>
         <value>0x8269</value>
         <object_component_ref idref="oc-346"/>
      </symbol>
      <symbol id="sm-47f">
         <name>ldexpl</name>
         <value>0x8269</value>
         <object_component_ref idref="oc-346"/>
      </symbol>
      <symbol id="sm-488">
         <name>wcslen</name>
         <value>0xa7a1</value>
         <object_component_ref idref="oc-308"/>
      </symbol>
      <symbol id="sm-4af">
         <name>__TI_scanfi</name>
         <value>0x2691</value>
         <object_component_ref idref="oc-21d"/>
      </symbol>
      <symbol id="sm-4b9">
         <name>__TI_doflush</name>
         <value>0x9961</value>
         <object_component_ref idref="oc-232"/>
      </symbol>
      <symbol id="sm-4c4">
         <name>__TI_cleanup</name>
         <value>0xa0f9</value>
         <object_component_ref idref="oc-368"/>
      </symbol>
      <symbol id="sm-4d1">
         <name>fseek</name>
         <value>0xa8d9</value>
         <object_component_ref idref="oc-2e4"/>
      </symbol>
      <symbol id="sm-4d2">
         <name>fseeko</name>
         <value>0x91d1</value>
         <object_component_ref idref="oc-362"/>
      </symbol>
      <symbol id="sm-4e8">
         <name>strtod</name>
         <value>0x49b1</value>
         <object_component_ref idref="oc-2cb"/>
      </symbol>
      <symbol id="sm-4e9">
         <name>strtold</name>
         <value>0x49b1</value>
         <object_component_ref idref="oc-2cb"/>
      </symbol>
      <symbol id="sm-4f4">
         <name>strtol</name>
         <value>0x6ae9</value>
         <object_component_ref idref="oc-2d6"/>
      </symbol>
      <symbol id="sm-4ff">
         <name>strtoll</name>
         <value>0x5acd</value>
         <object_component_ref idref="oc-2de"/>
      </symbol>
      <symbol id="sm-50a">
         <name>strtoul</name>
         <value>0x6d69</value>
         <object_component_ref idref="oc-2d2"/>
      </symbol>
      <symbol id="sm-515">
         <name>strtoull</name>
         <value>0x6589</value>
         <object_component_ref idref="oc-2da"/>
      </symbol>
      <symbol id="sm-520">
         <name>__TI_closefile</name>
         <value>0x8bf9</value>
         <object_component_ref idref="oc-3ac"/>
      </symbol>
      <symbol id="sm-528">
         <name>HOSTexit</name>
         <value>0xa8f5</value>
         <object_component_ref idref="oc-20a"/>
      </symbol>
      <symbol id="sm-529">
         <name>C$$EXIT</name>
         <value>0xa8f4</value>
         <object_component_ref idref="oc-20a"/>
      </symbol>
      <symbol id="sm-533">
         <name>write</name>
         <value>0xa4c9</value>
         <object_component_ref idref="oc-22e"/>
      </symbol>
      <symbol id="sm-538">
         <name>_device</name>
         <value>0x20201528</value>
         <object_component_ref idref="oc-371"/>
      </symbol>
      <symbol id="sm-539">
         <name>_stream</name>
         <value>0x20201604</value>
         <object_component_ref idref="oc-2f0"/>
      </symbol>
      <symbol id="sm-542">
         <name>remove</name>
         <value>0xa8e1</value>
         <object_component_ref idref="oc-3f0"/>
      </symbol>
      <symbol id="sm-54d">
         <name>lseek</name>
         <value>0xa4a1</value>
         <object_component_ref idref="oc-3a4"/>
      </symbol>
      <symbol id="sm-557">
         <name>close</name>
         <value>0x9a55</value>
         <object_component_ref idref="oc-3ec"/>
      </symbol>
      <symbol id="sm-561">
         <name>unlink</name>
         <value>0xa3d5</value>
         <object_component_ref idref="oc-41a"/>
      </symbol>
      <symbol id="sm-56b">
         <name>HOSTclose</name>
         <value>0x9cb5</value>
         <object_component_ref idref="oc-3b9"/>
      </symbol>
      <symbol id="sm-575">
         <name>HOSTlseek</name>
         <value>0x908d</value>
         <object_component_ref idref="oc-3c5"/>
      </symbol>
      <symbol id="sm-57f">
         <name>HOSTopen</name>
         <value>0x963d</value>
         <object_component_ref idref="oc-3b5"/>
      </symbol>
      <symbol id="sm-580">
         <name>parmbuf</name>
         <value>0x20201420</value>
         <object_component_ref idref="oc-3fe"/>
      </symbol>
      <symbol id="sm-58a">
         <name>HOSTread</name>
         <value>0x9755</value>
         <object_component_ref idref="oc-3bd"/>
      </symbol>
      <symbol id="sm-59b">
         <name>HOSTrename</name>
         <value>0x90f9</value>
         <object_component_ref idref="oc-3cd"/>
      </symbol>
      <symbol id="sm-5a5">
         <name>HOSTunlink</name>
         <value>0x9cfd</value>
         <object_component_ref idref="oc-3c9"/>
      </symbol>
      <symbol id="sm-5af">
         <name>HOSTwrite</name>
         <value>0x97ad</value>
         <object_component_ref idref="oc-3c1"/>
      </symbol>
      <symbol id="sm-5bd">
         <name>C$$IO$$</name>
         <value>0xa18d</value>
         <object_component_ref idref="oc-3f7"/>
      </symbol>
      <symbol id="sm-5be">
         <name>__TI_writemsg</name>
         <value>0xa161</value>
         <object_component_ref idref="oc-3f7"/>
      </symbol>
      <symbol id="sm-5bf">
         <name>__CIOBUF_</name>
         <value>0x20201000</value>
         <object_component_ref idref="oc-421"/>
      </symbol>
      <symbol id="sm-5c0">
         <name>__TI_readmsg</name>
         <value>0xa12d</value>
         <object_component_ref idref="oc-3fd"/>
      </symbol>
      <symbol id="sm-5c1">
         <name>_CIOBUF_</name>
         <value>0x20201000</value>
         <object_component_ref idref="oc-421"/>
      </symbol>
      <symbol id="sm-5c7">
         <name>__aeabi_fadd</name>
         <value>0x834b</value>
         <object_component_ref idref="oc-11b"/>
      </symbol>
      <symbol id="sm-5c8">
         <name>__addsf3</name>
         <value>0x834b</value>
         <object_component_ref idref="oc-11b"/>
      </symbol>
      <symbol id="sm-5c9">
         <name>__aeabi_fsub</name>
         <value>0x8341</value>
         <object_component_ref idref="oc-11b"/>
      </symbol>
      <symbol id="sm-5ca">
         <name>__subsf3</name>
         <value>0x8341</value>
         <object_component_ref idref="oc-11b"/>
      </symbol>
      <symbol id="sm-5d0">
         <name>__aeabi_dadd</name>
         <value>0x63ff</value>
         <object_component_ref idref="oc-13b"/>
      </symbol>
      <symbol id="sm-5d1">
         <name>__adddf3</name>
         <value>0x63ff</value>
         <object_component_ref idref="oc-13b"/>
      </symbol>
      <symbol id="sm-5d2">
         <name>__aeabi_dsub</name>
         <value>0x63f5</value>
         <object_component_ref idref="oc-13b"/>
      </symbol>
      <symbol id="sm-5d3">
         <name>__subdf3</name>
         <value>0x63f5</value>
         <object_component_ref idref="oc-13b"/>
      </symbol>
      <symbol id="sm-5dc">
         <name>__aeabi_dmul</name>
         <value>0x7ee9</value>
         <object_component_ref idref="oc-f5"/>
      </symbol>
      <symbol id="sm-5dd">
         <name>__muldf3</name>
         <value>0x7ee9</value>
         <object_component_ref idref="oc-f5"/>
      </symbol>
      <symbol id="sm-5e3">
         <name>__muldsi3</name>
         <value>0xa04d</value>
         <object_component_ref idref="oc-1a6"/>
      </symbol>
      <symbol id="sm-5e9">
         <name>__aeabi_fmul</name>
         <value>0x88d9</value>
         <object_component_ref idref="oc-129"/>
      </symbol>
      <symbol id="sm-5ea">
         <name>__mulsf3</name>
         <value>0x88d9</value>
         <object_component_ref idref="oc-129"/>
      </symbol>
      <symbol id="sm-5f0">
         <name>__aeabi_fdiv</name>
         <value>0x8a79</value>
         <object_component_ref idref="oc-137"/>
      </symbol>
      <symbol id="sm-5f1">
         <name>__divsf3</name>
         <value>0x8a79</value>
         <object_component_ref idref="oc-137"/>
      </symbol>
      <symbol id="sm-5f7">
         <name>__aeabi_ddiv</name>
         <value>0x751d</value>
         <object_component_ref idref="oc-34a"/>
      </symbol>
      <symbol id="sm-5f8">
         <name>__divdf3</name>
         <value>0x751d</value>
         <object_component_ref idref="oc-34a"/>
      </symbol>
      <symbol id="sm-5fe">
         <name>__aeabi_f2d</name>
         <value>0x9e9d</value>
         <object_component_ref idref="oc-12d"/>
      </symbol>
      <symbol id="sm-5ff">
         <name>__extendsfdf2</name>
         <value>0x9e9d</value>
         <object_component_ref idref="oc-12d"/>
      </symbol>
      <symbol id="sm-605">
         <name>__aeabi_d2iz</name>
         <value>0x9c21</value>
         <object_component_ref idref="oc-389"/>
      </symbol>
      <symbol id="sm-606">
         <name>__fixdfsi</name>
         <value>0x9c21</value>
         <object_component_ref idref="oc-389"/>
      </symbol>
      <symbol id="sm-60c">
         <name>__aeabi_f2iz</name>
         <value>0xa089</value>
         <object_component_ref idref="oc-11f"/>
      </symbol>
      <symbol id="sm-60d">
         <name>__fixsfsi</name>
         <value>0xa089</value>
         <object_component_ref idref="oc-11f"/>
      </symbol>
      <symbol id="sm-613">
         <name>__aeabi_d2uiz</name>
         <value>0x9e19</value>
         <object_component_ref idref="oc-f9"/>
      </symbol>
      <symbol id="sm-614">
         <name>__fixunsdfsi</name>
         <value>0x9e19</value>
         <object_component_ref idref="oc-f9"/>
      </symbol>
      <symbol id="sm-61a">
         <name>__aeabi_i2d</name>
         <value>0xa351</value>
         <object_component_ref idref="oc-f1"/>
      </symbol>
      <symbol id="sm-61b">
         <name>__floatsidf</name>
         <value>0xa351</value>
         <object_component_ref idref="oc-f1"/>
      </symbol>
      <symbol id="sm-621">
         <name>__aeabi_i2f</name>
         <value>0x9f99</value>
         <object_component_ref idref="oc-117"/>
      </symbol>
      <symbol id="sm-622">
         <name>__floatsisf</name>
         <value>0x9f99</value>
         <object_component_ref idref="oc-117"/>
      </symbol>
      <symbol id="sm-628">
         <name>__aeabi_ui2f</name>
         <value>0xa451</value>
         <object_component_ref idref="oc-95"/>
      </symbol>
      <symbol id="sm-629">
         <name>__floatunsisf</name>
         <value>0xa451</value>
         <object_component_ref idref="oc-95"/>
      </symbol>
      <symbol id="sm-62f">
         <name>__aeabi_lmul</name>
         <value>0xa561</value>
         <object_component_ref idref="oc-311"/>
      </symbol>
      <symbol id="sm-630">
         <name>__muldi3</name>
         <value>0xa561</value>
         <object_component_ref idref="oc-311"/>
      </symbol>
      <symbol id="sm-637">
         <name>__aeabi_d2f</name>
         <value>0x8de1</value>
         <object_component_ref idref="oc-131"/>
      </symbol>
      <symbol id="sm-638">
         <name>__truncdfsf2</name>
         <value>0x8de1</value>
         <object_component_ref idref="oc-131"/>
      </symbol>
      <symbol id="sm-63e">
         <name>__aeabi_dcmpeq</name>
         <value>0x9515</value>
         <object_component_ref idref="oc-31b"/>
      </symbol>
      <symbol id="sm-63f">
         <name>__aeabi_dcmplt</name>
         <value>0x9529</value>
         <object_component_ref idref="oc-31b"/>
      </symbol>
      <symbol id="sm-640">
         <name>__aeabi_dcmple</name>
         <value>0x953d</value>
         <object_component_ref idref="oc-31b"/>
      </symbol>
      <symbol id="sm-641">
         <name>__aeabi_dcmpge</name>
         <value>0x9551</value>
         <object_component_ref idref="oc-31b"/>
      </symbol>
      <symbol id="sm-642">
         <name>__aeabi_dcmpgt</name>
         <value>0x9565</value>
         <object_component_ref idref="oc-31b"/>
      </symbol>
      <symbol id="sm-64b">
         <name>__aeabi_fcmpeq</name>
         <value>0x9579</value>
         <object_component_ref idref="oc-99"/>
      </symbol>
      <symbol id="sm-64c">
         <name>__aeabi_fcmplt</name>
         <value>0x958d</value>
         <object_component_ref idref="oc-99"/>
      </symbol>
      <symbol id="sm-64d">
         <name>__aeabi_fcmple</name>
         <value>0x95a1</value>
         <object_component_ref idref="oc-99"/>
      </symbol>
      <symbol id="sm-64e">
         <name>__aeabi_fcmpge</name>
         <value>0x95b5</value>
         <object_component_ref idref="oc-99"/>
      </symbol>
      <symbol id="sm-64f">
         <name>__aeabi_fcmpgt</name>
         <value>0x95c9</value>
         <object_component_ref idref="oc-99"/>
      </symbol>
      <symbol id="sm-655">
         <name>__aeabi_idiv</name>
         <value>0x98b5</value>
         <object_component_ref idref="oc-3dd"/>
      </symbol>
      <symbol id="sm-656">
         <name>__aeabi_idivmod</name>
         <value>0x98b5</value>
         <object_component_ref idref="oc-3dd"/>
      </symbol>
      <symbol id="sm-65c">
         <name>__aeabi_memcpy</name>
         <value>0xa8b9</value>
         <object_component_ref idref="oc-59"/>
      </symbol>
      <symbol id="sm-65d">
         <name>__aeabi_memcpy4</name>
         <value>0xa8b9</value>
         <object_component_ref idref="oc-59"/>
      </symbol>
      <symbol id="sm-65e">
         <name>__aeabi_memcpy8</name>
         <value>0xa8b9</value>
         <object_component_ref idref="oc-59"/>
      </symbol>
      <symbol id="sm-667">
         <name>__aeabi_memset</name>
         <value>0xa7f9</value>
         <object_component_ref idref="oc-300"/>
      </symbol>
      <symbol id="sm-668">
         <name>__aeabi_memset4</name>
         <value>0xa7f9</value>
         <object_component_ref idref="oc-300"/>
      </symbol>
      <symbol id="sm-669">
         <name>__aeabi_memset8</name>
         <value>0xa7f9</value>
         <object_component_ref idref="oc-300"/>
      </symbol>
      <symbol id="sm-66a">
         <name>__aeabi_memclr</name>
         <value>0xa831</value>
         <object_component_ref idref="oc-bb"/>
      </symbol>
      <symbol id="sm-66b">
         <name>__aeabi_memclr4</name>
         <value>0xa831</value>
         <object_component_ref idref="oc-bb"/>
      </symbol>
      <symbol id="sm-66c">
         <name>__aeabi_memclr8</name>
         <value>0xa831</value>
         <object_component_ref idref="oc-bb"/>
      </symbol>
      <symbol id="sm-672">
         <name>__aeabi_uidiv</name>
         <value>0x9e5d</value>
         <object_component_ref idref="oc-d6"/>
      </symbol>
      <symbol id="sm-673">
         <name>__aeabi_uidivmod</name>
         <value>0x9e5d</value>
         <object_component_ref idref="oc-d6"/>
      </symbol>
      <symbol id="sm-679">
         <name>__aeabi_uldivmod</name>
         <value>0xa70d</value>
         <object_component_ref idref="oc-316"/>
      </symbol>
      <symbol id="sm-682">
         <name>__eqsf2</name>
         <value>0xa011</value>
         <object_component_ref idref="oc-10b"/>
      </symbol>
      <symbol id="sm-683">
         <name>__lesf2</name>
         <value>0xa011</value>
         <object_component_ref idref="oc-10b"/>
      </symbol>
      <symbol id="sm-684">
         <name>__ltsf2</name>
         <value>0xa011</value>
         <object_component_ref idref="oc-10b"/>
      </symbol>
      <symbol id="sm-685">
         <name>__nesf2</name>
         <value>0xa011</value>
         <object_component_ref idref="oc-10b"/>
      </symbol>
      <symbol id="sm-686">
         <name>__cmpsf2</name>
         <value>0xa011</value>
         <object_component_ref idref="oc-10b"/>
      </symbol>
      <symbol id="sm-687">
         <name>__gtsf2</name>
         <value>0x9fd5</value>
         <object_component_ref idref="oc-110"/>
      </symbol>
      <symbol id="sm-688">
         <name>__gesf2</name>
         <value>0x9fd5</value>
         <object_component_ref idref="oc-110"/>
      </symbol>
      <symbol id="sm-68e">
         <name>__udivmoddi4</name>
         <value>0x86fd</value>
         <object_component_ref idref="oc-380"/>
      </symbol>
      <symbol id="sm-694">
         <name>__aeabi_llsl</name>
         <value>0xa5ed</value>
         <object_component_ref idref="oc-3d4"/>
      </symbol>
      <symbol id="sm-695">
         <name>__ashldi3</name>
         <value>0xa5ed</value>
         <object_component_ref idref="oc-3d4"/>
      </symbol>
      <symbol id="sm-6a3">
         <name>__ledf2</name>
         <value>0x937d</value>
         <object_component_ref idref="oc-396"/>
      </symbol>
      <symbol id="sm-6a4">
         <name>__gedf2</name>
         <value>0x8d6d</value>
         <object_component_ref idref="oc-39c"/>
      </symbol>
      <symbol id="sm-6a5">
         <name>__cmpdf2</name>
         <value>0x937d</value>
         <object_component_ref idref="oc-396"/>
      </symbol>
      <symbol id="sm-6a6">
         <name>__eqdf2</name>
         <value>0x937d</value>
         <object_component_ref idref="oc-396"/>
      </symbol>
      <symbol id="sm-6a7">
         <name>__ltdf2</name>
         <value>0x937d</value>
         <object_component_ref idref="oc-396"/>
      </symbol>
      <symbol id="sm-6a8">
         <name>__nedf2</name>
         <value>0x937d</value>
         <object_component_ref idref="oc-396"/>
      </symbol>
      <symbol id="sm-6a9">
         <name>__gtdf2</name>
         <value>0x8d6d</value>
         <object_component_ref idref="oc-39c"/>
      </symbol>
      <symbol id="sm-6b5">
         <name>__aeabi_idiv0</name>
         <value>0x879f</value>
         <object_component_ref idref="oc-18c"/>
      </symbol>
      <symbol id="sm-6b6">
         <name>__aeabi_ldiv0</name>
         <value>0x88d7</value>
         <object_component_ref idref="oc-3d3"/>
      </symbol>
      <symbol id="sm-6c4">
         <name>finddevice</name>
         <value>0xa1fd</value>
         <object_component_ref idref="oc-42d"/>
      </symbol>
      <symbol id="sm-6c5">
         <name>getdevice</name>
         <value>0x923d</value>
         <object_component_ref idref="oc-424"/>
      </symbol>
      <symbol id="sm-6de">
         <name>memcpy</name>
         <value>0x883d</value>
         <object_component_ref idref="oc-148"/>
      </symbol>
      <symbol id="sm-6ed">
         <name>memset</name>
         <value>0x95db</value>
         <object_component_ref idref="oc-1bb"/>
      </symbol>
      <symbol id="sm-6f5">
         <name>strcmp</name>
         <value>0x89f1</value>
         <object_component_ref idref="oc-430"/>
      </symbol>
      <symbol id="sm-6f6">
         <name>__TI_static_base__</name>
         <value>0x0</value>
      </symbol>
      <symbol id="sm-6fa">
         <name>__mpu_init</name>
         <value>0x0</value>
      </symbol>
      <symbol id="sm-6fb">
         <name>_system_post_cinit</name>
         <value>0x0</value>
      </symbol>
   </symbol_table>
   <title>Link successful</title>
</link_info>
